98.14.148.218 - - [30/May/2016:19:25:02 -0400] "GET /orders/list HTTP/1.1" 200 7123 "http://dev.monogramonline.com/orders/manual" "Mozilla/5.0 (Windows NT 10.0; WOW64) AppleWebKit/537.36 (KHTML, like Gecko) Chrome/50.0.2661.102 Safari/537.36"
98.14.148.218 - - [30/May/2016:19:25:11 -0400] "GET /orders/details/yhst-128796189915726-KqfpIR HTTP/1.1" 200 5207 "http://dev.monogramonline.com/orders/list" "Mozilla/5.0 (Windows NT 10.0; WOW64) AppleWebKit/537.36 (KHTML, like Gecko) Chrome/50.0.2661.102 Safari/537.36"
23.101.61.176 - - [30/May/2016:19:25:20 -0400] "GET /orders/details/yhst-128796189915726-KqfpIR HTTP/1.1" 302 1484 "-" "Mozilla/5.0 (Windows NT 6.1; WOW64) SkypeUriPreview Preview/0.5"
23.101.61.176 - - [30/May/2016:19:25:20 -0400] "GET /auth/login HTTP/1.1" 200 2424 "-" "Mozilla/5.0 (Windows NT 6.1; WOW64) SkypeUriPreview Preview/0.5"
23.101.61.176 - - [30/May/2016:19:25:21 -0400] "GET /favicon.ico HTTP/1.1" 200 239 "-" "Mozilla/5.0 (Windows NT 6.1; WOW64) SkypeUriPreview Preview/0.5"
103.230.104.27 - - [30/May/2016:19:25:22 -0400] "GET /orders/details/yhst-128796189915726-KqfpIR HTTP/1.1" 200 5208 "-" "Mozilla/5.0 (X11; Linux x86_64) AppleWebKit/537.36 (KHTML, like Gecko) Chrome/48.0.2564.71 Safari/537.36"
103.230.104.27 - - [30/May/2016:19:26:42 -0400] "GET /orders/details/yhst-128796189915726-KqfpIR HTTP/1.1" 200 5214 "-" "Mozilla/5.0 (X11; Linux x86_64) AppleWebKit/537.36 (KHTML, like Gecko) Chrome/48.0.2564.71 Safari/537.36"
98.14.148.218 - - [30/May/2016:19:29:56 -0400] "GET / HTTP/1.1" 200 2298 "http://dev.monogramonline.com/orders/details/yhst-128796189915726-KqfpIR" "Mozilla/5.0 (Windows NT 10.0; WOW64) AppleWebKit/537.36 (KHTML, like Gecko) Chrome/50.0.2661.102 Safari/537.36"
98.14.148.218 - - [30/May/2016:19:30:03 -0400] "GET /orders/manual HTTP/1.1" 200 5776 "http://dev.monogramonline.com/" "Mozilla/5.0 (Windows NT 10.0; WOW64) AppleWebKit/537.36 (KHTML, like Gecko) Chrome/50.0.2661.102 Safari/537.36"
98.14.148.218 - - [30/May/2016:19:30:17 -0400] "GET /orders/ajax?sku=mama HTTP/1.1" 400 1009 "http://dev.monogramonline.com/orders/manual" "Mozilla/5.0 (Windows NT 10.0; WOW64) AppleWebKit/537.36 (KHTML, like Gecko) Chrome/50.0.2661.102 Safari/537.36"
98.14.148.218 - - [30/May/2016:19:30:20 -0400] "GET /orders/ajax?sku=mama HTTP/1.1" 400 1009 "http://dev.monogramonline.com/orders/manual" "Mozilla/5.0 (Windows NT 10.0; WOW64) AppleWebKit/537.36 (KHTML, like Gecko) Chrome/50.0.2661.102 Safari/537.36"
98.14.148.218 - - [30/May/2016:19:30:29 -0400] "GET /orders/ajax?sku=jewel HTTP/1.1" 200 5844 "http://dev.monogramonline.com/orders/manual" "Mozilla/5.0 (Windows NT 10.0; WOW64) AppleWebKit/537.36 (KHTML, like Gecko) Chrome/50.0.2661.102 Safari/537.36"
96.57.0.134 - - [30/May/2016:19:30:33 -0400] "GET /crawl?id_catalog=si1 HTTP/1.1" 200 2164 "-" "Mozilla/5.0 (Unknown; Linux x86_64) AppleWebKit/534.34 (KHTML, like Gecko) PhantomJS/1.9.8 Safari/534.34"
96.57.0.134 - - [30/May/2016:19:30:34 -0400] "GET /get_file_contents?url=http%3A%2F%2Fwww.monogramonline.com%2Fsi1.html HTTP/1.1" 200 20951 "http://dev.monogramonline.com/crawl?id_catalog=si1" "Mozilla/5.0 (Unknown; Linux x86_64) AppleWebKit/534.34 (KHTML, like Gecko) PhantomJS/1.9.8 Safari/534.34"
98.14.148.218 - - [30/May/2016:19:30:33 -0400] "GET /orders/product_info?id_catalog=si1&sku=1046 HTTP/1.1" 200 3274 "http://dev.monogramonline.com/orders/manual" "Mozilla/5.0 (Windows NT 10.0; WOW64) AppleWebKit/537.36 (KHTML, like Gecko) Chrome/50.0.2661.102 Safari/537.36"
98.14.148.218 - - [30/May/2016:19:31:00 -0400] "POST /orders/manual HTTP/1.1" 302 1501 "http://dev.monogramonline.com/orders/manual" "Mozilla/5.0 (Windows NT 10.0; WOW64) AppleWebKit/537.36 (KHTML, like Gecko) Chrome/50.0.2661.102 Safari/537.36"
98.14.148.218 - - [30/May/2016:19:31:01 -0400] "GET /orders/manual HTTP/1.1" 200 5809 "http://dev.monogramonline.com/orders/manual" "Mozilla/5.0 (Windows NT 10.0; WOW64) AppleWebKit/537.36 (KHTML, like Gecko) Chrome/50.0.2661.102 Safari/537.36"
98.14.148.218 - - [30/May/2016:19:31:51 -0400] "GET /orders/list HTTP/1.1" 200 7109 "http://dev.monogramonline.com/orders/manual" "Mozilla/5.0 (Windows NT 10.0; WOW64) AppleWebKit/537.36 (KHTML, like Gecko) Chrome/50.0.2661.102 Safari/537.36"
98.14.148.218 - - [30/May/2016:19:32:17 -0400] "GET /orders/details/yhst-128796189915726-zqrPGx HTTP/1.1" 200 5005 "http://dev.monogramonline.com/orders/list" "Mozilla/5.0 (Windows NT 10.0; WOW64) AppleWebKit/537.36 (KHTML, like Gecko) Chrome/50.0.2661.102 Safari/537.36"
40.78.146.128 - - [30/May/2016:19:32:25 -0400] "GET /orders/details/yhst-128796189915726-zqrPGx HTTP/1.1" 302 1484 "-" "Mozilla/5.0 (Windows NT 6.1; WOW64) SkypeUriPreview Preview/0.5"
40.78.146.128 - - [30/May/2016:19:32:25 -0400] "GET /auth/login HTTP/1.1" 200 2434 "-" "Mozilla/5.0 (Windows NT 6.1; WOW64) SkypeUriPreview Preview/0.5"
40.78.146.128 - - [30/May/2016:19:32:25 -0400] "GET /favicon.ico HTTP/1.1" 200 239 "-" "Mozilla/5.0 (Windows NT 6.1; WOW64) SkypeUriPreview Preview/0.5"
103.230.104.27 - - [30/May/2016:19:32:31 -0400] "GET /orders/details/yhst-128796189915726-zqrPGx HTTP/1.1" 200 5005 "-" "Mozilla/5.0 (X11; Linux x86_64) AppleWebKit/537.36 (KHTML, like Gecko) Chrome/48.0.2564.71 Safari/537.36"
98.14.148.218 - - [30/May/2016:19:32:47 -0400] "GET /customers/127492 HTTP/1.1" 200 2147 "http://dev.monogramonline.com/orders/list" "Mozilla/5.0 (Windows NT 10.0; WOW64) AppleWebKit/537.36 (KHTML, like Gecko) Chrome/50.0.2661.102 Safari/537.36"
98.14.148.218 - - [30/May/2016:19:32:51 -0400] "GET /orders/details/yhst-128796189915726-KqfpIR HTTP/1.1" 200 5210 "http://dev.monogramonline.com/orders/list" "Mozilla/5.0 (Windows NT 10.0; WOW64) AppleWebKit/537.36 (KHTML, like Gecko) Chrome/50.0.2661.102 Safari/537.36"
98.14.148.218 - - [30/May/2016:19:32:59 -0400] "GET /products?search_for=SBTS-755&search_in=product_model HTTP/1.1" 200 8273 "http://dev.monogramonline.com/orders/details/yhst-128796189915726-KqfpIR" "Mozilla/5.0 (Windows NT 10.0; WOW64) AppleWebKit/537.36 (KHTML, like Gecko) Chrome/50.0.2661.102 Safari/537.36"
98.14.148.218 - - [30/May/2016:19:33:00 -0400] "GET /assets/css/bootstrap-horizon.css HTTP/1.1" 200 786 "http://dev.monogramonline.com/products?search_for=SBTS-755&search_in=product_model" "Mozilla/5.0 (Windows NT 10.0; WOW64) AppleWebKit/537.36 (KHTML, like Gecko) Chrome/50.0.2661.102 Safari/537.36"
103.230.104.27 - - [30/May/2016:19:33:47 -0400] "GET /items HTTP/1.1" 200 7426 "http://dev.monogramonline.com/" "Mozilla/5.0 (X11; Linux x86_64) AppleWebKit/537.36 (KHTML, like Gecko) Chrome/48.0.2564.71 Safari/537.36"
103.230.104.27 - - [30/May/2016:19:33:53 -0400] "GET /items/batch HTTP/1.1" 200 110403 "http://dev.monogramonline.com/items" "Mozilla/5.0 (X11; Linux x86_64) AppleWebKit/537.36 (KHTML, like Gecko) Chrome/48.0.2564.71 Safari/537.36"
103.230.104.27 - - [30/May/2016:19:35:22 -0400] "GET /items/grouped HTTP/1.1" 200 7933 "http://dev.monogramonline.com/" "Mozilla/5.0 (X11; Linux x86_64) AppleWebKit/537.36 (KHTML, like Gecko) Chrome/48.0.2564.71 Safari/537.36"
103.230.104.27 - - [30/May/2016:19:35:33 -0400] "GET /items/grouped HTTP/1.1" 200 7933 "http://dev.monogramonline.com/" "Mozilla/5.0 (X11; Linux x86_64) AppleWebKit/537.36 (KHTML, like Gecko) Chrome/48.0.2564.71 Safari/537.36"
103.230.104.27 - - [30/May/2016:19:35:40 -0400] "GET /items/grouped HTTP/1.1" 200 7931 "-" "Mozilla/5.0 (X11; Linux x86_64) AppleWebKit/537.36 (KHTML, like Gecko) Chrome/48.0.2564.71 Safari/537.36"
103.230.104.27 - - [30/May/2016:19:35:48 -0400] "GET /prints/batches?batch_number%5B%5D=10550&batch_number%5B%5D=10549 HTTP/1.1" 200 3380 "http://dev.monogramonline.com/items/grouped" "Mozilla/5.0 (X11; Linux x86_64) AppleWebKit/537.36 (KHTML, like Gecko) Chrome/48.0.2564.71 Safari/537.36"
103.230.104.27 - - [30/May/2016:19:35:51 -0400] "GET /assets/css/single_batch_print_css.css HTTP/1.1" 200 1485 "http://dev.monogramonline.com/prints/batches?batch_number%5B%5D=10550&batch_number%5B%5D=10549" "Mozilla/5.0 (X11; Linux x86_64) AppleWebKit/537.36 (KHTML, like Gecko) Chrome/48.0.2564.71 Safari/537.36"
103.230.104.27 - - [30/May/2016:19:35:58 -0400] "GET /prints/batches?batch_number%5B%5D=10550 HTTP/1.1" 200 2628 "-" "Mozilla/5.0 (X11; Linux x86_64) AppleWebKit/537.36 (KHTML, like Gecko) Chrome/48.0.2564.71 Safari/537.36"
103.230.104.27 - - [30/May/2016:19:36:06 -0400] "GET /prints/batches?batch_number=10550 HTTP/1.1" 500 25300 "-" "Mozilla/5.0 (X11; Linux x86_64) AppleWebKit/537.36 (KHTML, like Gecko) Chrome/48.0.2564.71 Safari/537.36"
103.230.104.27 - - [30/May/2016:19:37:01 -0400] "GET /items/grouped HTTP/1.1" 200 7929 "-" "Mozilla/5.0 (X11; Linux x86_64) AppleWebKit/537.36 (KHTML, like Gecko) Chrome/48.0.2564.71 Safari/537.36"
103.230.104.27 - - [30/May/2016:19:44:49 -0400] "GET /items/grouped HTTP/1.1" 200 7931 "-" "Mozilla/5.0 (X11; Linux x86_64) AppleWebKit/537.36 (KHTML, like Gecko) Chrome/48.0.2564.71 Safari/537.36"
103.230.104.27 - - [30/May/2016:19:46:21 -0400] "GET /batches/10598/R-GGR HTTP/1.1" 200 4922 "http://dev.monogramonline.com/items/grouped" "Mozilla/5.0 (X11; Linux x86_64) AppleWebKit/537.36 (KHTML, like Gecko) Chrome/48.0.2564.71 Safari/537.36"
98.14.148.218 - - [30/May/2016:19:46:50 -0400] "GET /batch_details/10595 HTTP/1.1" 200 4919 "http://dev.monogramonline.com/items/grouped" "Mozilla/5.0 (Windows NT 10.0; WOW64) AppleWebKit/537.36 (KHTML, like Gecko) Chrome/50.0.2661.102 Safari/537.36"
98.14.148.218 - - [30/May/2016:19:47:01 -0400] "GET /batch_details/10595 HTTP/1.1" 200 4921 "http://dev.monogramonline.com/items/grouped" "Mozilla/5.0 (Windows NT 10.0; WOW64) AppleWebKit/537.36 (KHTML, like Gecko) Chrome/50.0.2661.102 Safari/537.36"
103.230.104.27 - - [30/May/2016:19:49:11 -0400] "GET /prints/batches?batch_number[]=10598 HTTP/1.1" 200 2477 "http://dev.monogramonline.com/batches/10598/R-GGR" "Mozilla/5.0 (X11; Linux x86_64) AppleWebKit/537.36 (KHTML, like Gecko) Chrome/48.0.2564.71 Safari/537.36"
40.78.146.128 - - [30/May/2016:19:49:38 -0400] "GET /prints/batches?batch_number[]=10598&station=R-GGR HTTP/1.1" 302 1482 "-" "Mozilla/5.0 (Windows NT 6.1; WOW64) SkypeUriPreview Preview/0.5"
40.78.146.128 - - [30/May/2016:19:49:38 -0400] "GET /auth/login HTTP/1.1" 200 2422 "-" "Mozilla/5.0 (Windows NT 6.1; WOW64) SkypeUriPreview Preview/0.5"
40.78.146.128 - - [30/May/2016:19:49:38 -0400] "GET /favicon.ico HTTP/1.1" 200 239 "-" "Mozilla/5.0 (Windows NT 6.1; WOW64) SkypeUriPreview Preview/0.5"
40.78.146.128 - - [30/May/2016:19:49:43 -0400] "GET /prints/batches?batch_number[]=10598 HTTP/1.1" 302 1480 "-" "Mozilla/5.0 (Windows NT 6.1; WOW64) SkypeUriPreview Preview/0.5"
40.78.146.128 - - [30/May/2016:19:49:44 -0400] "GET /auth/login HTTP/1.1" 200 2426 "-" "Mozilla/5.0 (Windows NT 6.1; WOW64) SkypeUriPreview Preview/0.5"
40.78.146.128 - - [30/May/2016:19:49:44 -0400] "GET /favicon.ico HTTP/1.1" 200 239 "-" "Mozilla/5.0 (Windows NT 6.1; WOW64) SkypeUriPreview Preview/0.5"
98.14.148.218 - - [30/May/2016:19:49:48 -0400] "GET /prints/batches?batch_number[]=10598&station=R-GGR HTTP/1.1" 200 2483 "-" "Mozilla/5.0 (Windows NT 10.0; WOW64) AppleWebKit/537.36 (KHTML, like Gecko) Chrome/50.0.2661.102 Safari/537.36"
98.14.148.218 - - [30/May/2016:19:49:53 -0400] "GET /prints/batches?batch_number[]=10598 HTTP/1.1" 200 2479 "-" "Mozilla/5.0 (Windows NT 10.0; WOW64) AppleWebKit/537.36 (KHTML, like Gecko) Chrome/50.0.2661.102 Safari/537.36"
98.14.148.218 - - [30/May/2016:19:50:26 -0400] "GET /prints/batches?batch_number[]=10598&station=R-GGR HTTP/1.1" 200 2477 "-" "Mozilla/5.0 (Windows NT 10.0; WOW64) AppleWebKit/537.36 (KHTML, like Gecko) Chrome/50.0.2661.102 Safari/537.36"
103.230.104.27 - - [30/May/2016:19:54:45 -0400] "GET /prints/batches?batch_number[]=10598 HTTP/1.1" 200 2481 "http://dev.monogramonline.com/batches/10598/R-GGR" "Mozilla/5.0 (X11; Linux x86_64) AppleWebKit/537.36 (KHTML, like Gecko) Chrome/48.0.2564.71 Safari/537.36"
103.230.104.27 - - [30/May/2016:19:54:46 -0400] "GET /assets/css/single_batch_print_css.css HTTP/1.1" 200 1485 "http://dev.monogramonline.com/prints/batches?batch_number[]=10598" "Mozilla/5.0 (X11; Linux x86_64) AppleWebKit/537.36 (KHTML, like Gecko) Chrome/48.0.2564.71 Safari/537.36"
103.230.104.27 - - [30/May/2016:19:54:47 -0400] "GET /favicon.ico HTTP/1.1" 200 294 "http://dev.monogramonline.com/prints/batches?batch_number[]=10598" "Mozilla/5.0 (X11; Linux x86_64) AppleWebKit/537.36 (KHTML, like Gecko) Chrome/48.0.2564.71 Safari/537.36"
98.14.148.218 - - [30/May/2016:20:13:37 -0400] "GET /batches/10591/H-SHP HTTP/1.1" 200 5154 "http://dev.monogramonline.com/shipping" "Mozilla/5.0 (Windows NT 10.0; WOW64) AppleWebKit/537.36 (KHTML, like Gecko) Chrome/50.0.2661.102 Safari/537.36"
98.14.148.218 - - [30/May/2016:20:13:59 -0400] "GET /orders/details/yhst-128796189915726-659576 HTTP/1.1" 200 5134 "http://dev.monogramonline.com/batches/10591/H-SHP" "Mozilla/5.0 (Windows NT 10.0; WOW64) AppleWebKit/537.36 (KHTML, like Gecko) Chrome/50.0.2661.102 Safari/537.36"
98.14.148.218 - - [30/May/2016:20:15:17 -0400] "GET / HTTP/1.1" 200 2294 "http://dev.monogramonline.com/shipping" "Mozilla/5.0 (Windows NT 10.0; WOW64) AppleWebKit/537.36 (KHTML, like Gecko) Chrome/50.0.2661.102 Safari/537.36"
98.14.148.218 - - [30/May/2016:20:15:20 -0400] "GET /items/grouped HTTP/1.1" 200 7940 "http://dev.monogramonline.com/" "Mozilla/5.0 (Windows NT 10.0; WOW64) AppleWebKit/537.36 (KHTML, like Gecko) Chrome/50.0.2661.102 Safari/537.36"
103.230.104.27 - - [30/May/2016:20:21:09 -0400] "GET /items/grouped HTTP/1.1" 200 7931 "-" "Mozilla/5.0 (X11; Linux x86_64) AppleWebKit/537.36 (KHTML, like Gecko) Chrome/48.0.2564.71 Safari/537.36"
103.230.104.27 - - [30/May/2016:20:21:11 -0400] "GET /assets/images/spacer.gif HTTP/1.1" 304 178 "http://dev.monogramonline.com/items/grouped" "Mozilla/5.0 (X11; Linux x86_64) AppleWebKit/537.36 (KHTML, like Gecko) Chrome/48.0.2564.71 Safari/537.36"
103.230.104.27 - - [30/May/2016:20:21:13 -0400] "GET /favicon.ico HTTP/1.1" 200 294 "http://dev.monogramonline.com/items/grouped" "Mozilla/5.0 (X11; Linux x86_64) AppleWebKit/537.36 (KHTML, like Gecko) Chrome/48.0.2564.71 Safari/537.36"
103.230.104.27 - - [30/May/2016:20:21:14 -0400] "GET /batches/10595/R-GLP HTTP/1.1" 200 5066 "http://dev.monogramonline.com/items/grouped" "Mozilla/5.0 (X11; Linux x86_64) AppleWebKit/537.36 (KHTML, like Gecko) Chrome/48.0.2564.71 Safari/537.36"
103.230.104.27 - - [30/May/2016:20:21:15 -0400] "GET /batches/10595/R-GGR HTTP/1.1" 200 5522 "http://dev.monogramonline.com/items/grouped" "Mozilla/5.0 (X11; Linux x86_64) AppleWebKit/537.36 (KHTML, like Gecko) Chrome/48.0.2564.71 Safari/537.36"
103.230.104.27 - - [30/May/2016:20:21:19 -0400] "GET /prints/batches?batch_number%5B%5D=10595 HTTP/1.1" 200 3045 "http://dev.monogramonline.com/items/grouped" "Mozilla/5.0 (X11; Linux x86_64) AppleWebKit/537.36 (KHTML, like Gecko) Chrome/48.0.2564.71 Safari/537.36"
103.230.104.27 - - [30/May/2016:20:21:21 -0400] "GET /prints/batches?batch_number[]=10595&station=R-GLP HTTP/1.1" 200 2568 "http://dev.monogramonline.com/batches/10595/R-GLP" "Mozilla/5.0 (X11; Linux x86_64) AppleWebKit/537.36 (KHTML, like Gecko) Chrome/48.0.2564.71 Safari/537.36"
103.230.104.27 - - [30/May/2016:20:21:24 -0400] "GET /prints/batches?batch_number[]=10595&station=R-GGR HTTP/1.1" 200 2909 "http://dev.monogramonline.com/batches/10595/R-GGR" "Mozilla/5.0 (X11; Linux x86_64) AppleWebKit/537.36 (KHTML, like Gecko) Chrome/48.0.2564.71 Safari/537.36"
98.14.148.218 - - [30/May/2016:20:42:36 -0400] "GET /items/grouped HTTP/1.1" 200 8235 "http://dev.monogramonline.com/batches/10591/H-SHP" "Mozilla/5.0 (Windows NT 10.0; WOW64) AppleWebKit/537.36 (KHTML, like Gecko) Chrome/50.0.2661.102 Safari/537.36"
98.14.148.218 - - [30/May/2016:20:42:40 -0400] "GET /items/grouped HTTP/1.1" 200 8232 "http://dev.monogramonline.com/batches/10591/H-SHP" "Mozilla/5.0 (Windows NT 10.0; WOW64) AppleWebKit/537.36 (KHTML, like Gecko) Chrome/50.0.2661.102 Safari/537.36"
98.14.148.218 - - [30/May/2016:20:42:41 -0400] "GET /assets/images/spacer.gif HTTP/1.1" 304 178 "http://dev.monogramonline.com/items/grouped" "Mozilla/5.0 (Windows NT 10.0; WOW64) AppleWebKit/537.36 (KHTML, like Gecko) Chrome/50.0.2661.102 Safari/537.36"
98.14.148.218 - - [30/May/2016:20:42:42 -0400] "GET /favicon.ico HTTP/1.1" 200 294 "http://dev.monogramonline.com/items/grouped" "Mozilla/5.0 (Windows NT 10.0; WOW64) AppleWebKit/537.36 (KHTML, like Gecko) Chrome/50.0.2661.102 Safari/537.36"
98.14.148.218 - - [30/May/2016:20:42:55 -0400] "GET /items/grouped?route=all&station=all&start_date=2016-05-27&end_date=2016-05-28&batch=&status=all HTTP/1.1" 200 6035 "http://dev.monogramonline.com/items/grouped" "Mozilla/5.0 (Windows NT 10.0; WOW64) AppleWebKit/537.36 (KHTML, like Gecko) Chrome/50.0.2661.102 Safari/537.36"
98.14.148.218 - - [30/May/2016:20:43:04 -0400] "GET /items/grouped?route=all&station=all&start_date=2016-05-26&end_date=2016-05-26&batch=&status=all HTTP/1.1" 200 8231 "http://dev.monogramonline.com/items/grouped?route=all&station=all&start_date=2016-05-27&end_date=2016-05-28&batch=&status=all" "Mozilla/5.0 (Windows NT 10.0; WOW64) AppleWebKit/537.36 (KHTML, like Gecko) Chrome/50.0.2661.102 Safari/537.36"
98.14.148.218 - - [30/May/2016:20:43:19 -0400] "GET / HTTP/1.1" 200 2294 "http://dev.monogramonline.com/shipping" "Mozilla/5.0 (Windows NT 10.0; WOW64) AppleWebKit/537.36 (KHTML, like Gecko) Chrome/50.0.2661.102 Safari/537.36"
98.14.148.218 - - [30/May/2016:20:43:23 -0400] "GET /items HTTP/1.1" 200 7425 "http://dev.monogramonline.com/" "Mozilla/5.0 (Windows NT 10.0; WOW64) AppleWebKit/537.36 (KHTML, like Gecko) Chrome/50.0.2661.102 Safari/537.36"
103.230.104.27 - - [30/May/2016:20:45:24 -0400] "GET /items HTTP/1.1" 200 7432 "-" "Mozilla/5.0 (X11; Linux x86_64) AppleWebKit/537.36 (KHTML, like Gecko) Chrome/48.0.2564.71 Safari/537.36"
98.14.148.218 - - [30/May/2016:20:48:46 -0400] "GET /batches/10597/R-GGR HTTP/1.1" 200 5427 "http://dev.monogramonline.com/items/grouped?route=all&station=all&start_date=2016-05-26&end_date=2016-05-26&batch=&status=all" "Mozilla/5.0 (Windows NT 10.0; WOW64) AppleWebKit/537.36 (KHTML, like Gecko) Chrome/50.0.2661.102 Safari/537.36"
98.14.148.218 - - [30/May/2016:20:48:50 -0400] "GET /items/grouped HTTP/1.1" 200 8230 "http://dev.monogramonline.com/batches/10597/R-GGR" "Mozilla/5.0 (Windows NT 10.0; WOW64) AppleWebKit/537.36 (KHTML, like Gecko) Chrome/50.0.2661.102 Safari/537.36"
98.14.148.218 - - [30/May/2016:20:48:55 -0400] "GET /items/grouped?route=all&station=all&start_date=&end_date=&batch=&status=active HTTP/1.1" 200 6613 "http://dev.monogramonline.com/items/grouped" "Mozilla/5.0 (Windows NT 10.0; WOW64) AppleWebKit/537.36 (KHTML, like Gecko) Chrome/50.0.2661.102 Safari/537.36"
98.14.148.218 - - [30/May/2016:20:48:59 -0400] "GET /batches/10595/R-GLP HTTP/1.1" 200 5057 "http://dev.monogramonline.com/items/grouped?route=all&station=all&start_date=&end_date=&batch=&status=active" "Mozilla/5.0 (Windows NT 10.0; WOW64) AppleWebKit/537.36 (KHTML, like Gecko) Chrome/50.0.2661.102 Safari/537.36"
98.14.148.218 - - [30/May/2016:20:49:01 -0400] "GET /items/grouped HTTP/1.1" 200 8238 "http://dev.monogramonline.com/batches/10595/R-GLP" "Mozilla/5.0 (Windows NT 10.0; WOW64) AppleWebKit/537.36 (KHTML, like Gecko) Chrome/50.0.2661.102 Safari/537.36"
98.14.148.218 - - [30/May/2016:20:49:10 -0400] "GET /items/grouped?route=all&station=all&start_date=&end_date=&batch=&status=active HTTP/1.1" 200 6626 "http://dev.monogramonline.com/items/grouped" "Mozilla/5.0 (Windows NT 10.0; WOW64) AppleWebKit/537.36 (KHTML, like Gecko) Chrome/50.0.2661.102 Safari/537.36"
103.230.104.27 - - [30/May/2016:20:51:02 -0400] "GET /items/grouped HTTP/1.1" 200 8290 "-" "Mozilla/5.0 (X11; Linux x86_64) AppleWebKit/537.36 (KHTML, like Gecko) Chrome/48.0.2564.71 Safari/537.36"
103.230.104.27 - - [30/May/2016:20:51:05 -0400] "GET /assets/images/spacer.gif HTTP/1.1" 304 178 "http://dev.monogramonline.com/items/grouped" "Mozilla/5.0 (X11; Linux x86_64) AppleWebKit/537.36 (KHTML, like Gecko) Chrome/48.0.2564.71 Safari/537.36"
103.230.104.27 - - [30/May/2016:20:51:06 -0400] "GET /favicon.ico HTTP/1.1" 200 294 "http://dev.monogramonline.com/items/grouped" "Mozilla/5.0 (X11; Linux x86_64) AppleWebKit/537.36 (KHTML, like Gecko) Chrome/48.0.2564.71 Safari/537.36"
98.14.148.218 - - [30/May/2016:20:51:32 -0400] "GET /items/grouped?route=all&station=all&start_date=&end_date=&batch=&status=active HTTP/1.1" 200 6663 "http://dev.monogramonline.com/items/grouped" "Mozilla/5.0 (Windows NT 10.0; WOW64) AppleWebKit/537.36 (KHTML, like Gecko) Chrome/50.0.2661.102 Safari/537.36"
98.14.148.218 - - [30/May/2016:20:51:33 -0400] "GET /assets/images/spacer.gif HTTP/1.1" 304 178 "http://dev.monogramonline.com/items/grouped?route=all&station=all&start_date=&end_date=&batch=&status=active" "Mozilla/5.0 (Windows NT 10.0; WOW64) AppleWebKit/537.36 (KHTML, like Gecko) Chrome/50.0.2661.102 Safari/537.36"
98.14.148.218 - - [30/May/2016:20:51:34 -0400] "GET /favicon.ico HTTP/1.1" 200 294 "http://dev.monogramonline.com/items/grouped?route=all&station=all&start_date=&end_date=&batch=&status=active" "Mozilla/5.0 (Windows NT 10.0; WOW64) AppleWebKit/537.36 (KHTML, like Gecko) Chrome/50.0.2661.102 Safari/537.36"
98.14.148.218 - - [30/May/2016:20:51:50 -0400] "GET /items/grouped?route=all&station=all&start_date=&end_date=&batch=&status=active HTTP/1.1" 200 6659 "http://dev.monogramonline.com/items/grouped?route=all&station=all&start_date=&end_date=&batch=&status=active" "Mozilla/5.0 (Windows NT 10.0; WOW64) AppleWebKit/537.36 (KHTML, like Gecko) Chrome/50.0.2661.102 Safari/537.36"
98.14.148.218 - - [30/May/2016:20:51:51 -0400] "GET /items/grouped?route=all&station=all&start_date=&end_date=&batch=&status=active HTTP/1.1" 200 6664 "http://dev.monogramonline.com/items/grouped?route=all&station=all&start_date=&end_date=&batch=&status=active" "Mozilla/5.0 (Windows NT 10.0; WOW64) AppleWebKit/537.36 (KHTML, like Gecko) Chrome/50.0.2661.102 Safari/537.36"
103.230.104.27 - - [30/May/2016:20:52:04 -0400] "GET /items/grouped HTTP/1.1" 200 8284 "-" "Mozilla/5.0 (X11; Linux x86_64) AppleWebKit/537.36 (KHTML, like Gecko) Chrome/48.0.2564.71 Safari/537.36"
103.230.104.27 - - [30/May/2016:20:52:07 -0400] "GET /assets/images/spacer.gif HTTP/1.1" 304 178 "http://dev.monogramonline.com/items/grouped" "Mozilla/5.0 (X11; Linux x86_64) AppleWebKit/537.36 (KHTML, like Gecko) Chrome/48.0.2564.71 Safari/537.36"
103.230.104.27 - - [30/May/2016:20:52:10 -0400] "GET /favicon.ico HTTP/1.1" 200 294 "http://dev.monogramonline.com/items/grouped" "Mozilla/5.0 (X11; Linux x86_64) AppleWebKit/537.36 (KHTML, like Gecko) Chrome/48.0.2564.71 Safari/537.36"
98.14.148.218 - - [30/May/2016:20:53:16 -0400] "GET /items/grouped?route=all&station=42&start_date=&end_date=&batch=&status=active HTTP/1.1" 200 6614 "http://dev.monogramonline.com/items/grouped?route=all&station=all&start_date=&end_date=&batch=&status=active" "Mozilla/5.0 (Windows NT 10.0; WOW64) AppleWebKit/537.36 (KHTML, like Gecko) Chrome/50.0.2661.102 Safari/537.36"
98.14.148.218 - - [30/May/2016:20:53:20 -0400] "GET /items/grouped?route=all&station=42&start_date=&end_date=&batch=&status=active HTTP/1.1" 200 6611 "http://dev.monogramonline.com/items/grouped?route=all&station=42&start_date=&end_date=&batch=&status=active" "Mozilla/5.0 (Windows NT 10.0; WOW64) AppleWebKit/537.36 (KHTML, like Gecko) Chrome/50.0.2661.102 Safari/537.36"
98.14.148.218 - - [30/May/2016:20:53:36 -0400] "GET /items/grouped?route=all&station=42&start_date=&end_date=&batch=&status=active HTTP/1.1" 200 6594 "http://dev.monogramonline.com/items/grouped?route=all&station=42&start_date=&end_date=&batch=&status=active" "Mozilla/5.0 (Windows NT 10.0; WOW64) AppleWebKit/537.36 (KHTML, like Gecko) Chrome/50.0.2661.102 Safari/537.36"
98.14.148.218 - - [30/May/2016:20:53:37 -0400] "GET /assets/images/spacer.gif HTTP/1.1" 304 178 "http://dev.monogramonline.com/items/grouped?route=all&station=42&start_date=&end_date=&batch=&status=active" "Mozilla/5.0 (Windows NT 10.0; WOW64) AppleWebKit/537.36 (KHTML, like Gecko) Chrome/50.0.2661.102 Safari/537.36"
98.14.148.218 - - [30/May/2016:20:53:38 -0400] "GET /favicon.ico HTTP/1.1" 200 294 "http://dev.monogramonline.com/items/grouped?route=all&station=42&start_date=&end_date=&batch=&status=active" "Mozilla/5.0 (Windows NT 10.0; WOW64) AppleWebKit/537.36 (KHTML, like Gecko) Chrome/50.0.2661.102 Safari/537.36"
98.14.148.218 - - [30/May/2016:20:53:46 -0400] "GET /items/grouped?route=all&station=42&start_date=&end_date=&batch=&status=active HTTP/1.1" 200 6604 "http://dev.monogramonline.com/items/grouped?route=all&station=42&start_date=&end_date=&batch=&status=active" "Mozilla/5.0 (Windows NT 10.0; WOW64) AppleWebKit/537.36 (KHTML, like Gecko) Chrome/50.0.2661.102 Safari/537.36"
104.45.18.178 - - [30/May/2016:20:54:12 -0400] "GET /items/grouped?route=all&station=42&start_date=&end_date=&batch=&status=active HTTP/1.1" 302 1482 "-" "Mozilla/5.0 (Windows NT 6.1; WOW64) SkypeUriPreview Preview/0.5"
104.45.18.178 - - [30/May/2016:20:54:12 -0400] "GET /auth/login HTTP/1.1" 200 2426 "-" "Mozilla/5.0 (Windows NT 6.1; WOW64) SkypeUriPreview Preview/0.5"
104.45.18.178 - - [30/May/2016:20:54:13 -0400] "GET /favicon.ico HTTP/1.1" 200 239 "-" "Mozilla/5.0 (Windows NT 6.1; WOW64) SkypeUriPreview Preview/0.5"
103.230.104.27 - - [30/May/2016:20:54:20 -0400] "GET /items/grouped?route=all&station=42&start_date=&end_date=&batch=&status=active HTTP/1.1" 200 6594 "-" "Mozilla/5.0 (X11; Linux x86_64) AppleWebKit/537.36 (KHTML, like Gecko) Chrome/48.0.2564.71 Safari/537.36"
103.230.104.27 - - [30/May/2016:20:54:26 -0400] "GET /items/grouped?route=all&station=42&start_date=&end_date=&batch=&status=active HTTP/1.1" 200 6600 "-" "Mozilla/5.0 (X11; Linux x86_64) AppleWebKit/537.36 (KHTML, like Gecko) Chrome/48.0.2564.71 Safari/537.36"
98.14.148.218 - - [30/May/2016:20:55:02 -0400] "GET /items/grouped?route=all&station=42&start_date=&end_date=&batch=&status=active HTTP/1.1" 200 6594 "http://dev.monogramonline.com/items/grouped?route=all&station=42&start_date=&end_date=&batch=&status=active" "Mozilla/5.0 (Windows NT 10.0; WOW64) AppleWebKit/537.36 (KHTML, like Gecko) Chrome/50.0.2661.102 Safari/537.36"
98.14.148.218 - - [30/May/2016:20:55:15 -0400] "GET /items/grouped?route=all&station=42&start_date=&end_date=&batch=&status=active HTTP/1.1" 200 6600 "http://dev.monogramonline.com/items/grouped?route=all&station=42&start_date=&end_date=&batch=&status=active" "Mozilla/5.0 (Windows NT 10.0; WOW64) AppleWebKit/537.36 (KHTML, like Gecko) Chrome/50.0.2661.102 Safari/537.36"
98.14.148.218 - - [30/May/2016:21:05:17 -0400] "GET /items/grouped?route=all&station=42&start_date=&end_date=&batch=&status=active HTTP/1.1" 200 6548 "http://dev.monogramonline.com/items/grouped?route=all&station=42&start_date=&end_date=&batch=&status=active" "Mozilla/5.0 (Windows NT 10.0; WOW64) AppleWebKit/537.36 (KHTML, like Gecko) Chrome/50.0.2661.102 Safari/537.36"
98.14.148.218 - - [30/May/2016:21:05:18 -0400] "GET /assets/images/spacer.gif HTTP/1.1" 304 178 "http://dev.monogramonline.com/items/grouped?route=all&station=42&start_date=&end_date=&batch=&status=active" "Mozilla/5.0 (Windows NT 10.0; WOW64) AppleWebKit/537.36 (KHTML, like Gecko) Chrome/50.0.2661.102 Safari/537.36"
98.14.148.218 - - [30/May/2016:21:05:19 -0400] "GET /favicon.ico HTTP/1.1" 200 294 "http://dev.monogramonline.com/items/grouped?route=all&station=42&start_date=&end_date=&batch=&status=active" "Mozilla/5.0 (Windows NT 10.0; WOW64) AppleWebKit/537.36 (KHTML, like Gecko) Chrome/50.0.2661.102 Safari/537.36"
98.14.148.218 - - [30/May/2016:21:05:25 -0400] "GET /items/grouped?route=all&station=42&start_date=&end_date=&batch=&status=active HTTP/1.1" 200 6546 "http://dev.monogramonline.com/items/grouped?route=all&station=42&start_date=&end_date=&batch=&status=active" "Mozilla/5.0 (Windows NT 10.0; WOW64) AppleWebKit/537.36 (KHTML, like Gecko) Chrome/50.0.2661.102 Safari/537.36"
98.14.148.218 - - [30/May/2016:21:05:25 -0400] "GET /assets/images/spacer.gif HTTP/1.1" 304 178 "http://dev.monogramonline.com/items/grouped?route=all&station=42&start_date=&end_date=&batch=&status=active" "Mozilla/5.0 (Windows NT 10.0; WOW64) AppleWebKit/537.36 (KHTML, like Gecko) Chrome/50.0.2661.102 Safari/537.36"
98.14.148.218 - - [30/May/2016:21:05:26 -0400] "GET /favicon.ico HTTP/1.1" 200 294 "http://dev.monogramonline.com/items/grouped?route=all&station=42&start_date=&end_date=&batch=&status=active" "Mozilla/5.0 (Windows NT 10.0; WOW64) AppleWebKit/537.36 (KHTML, like Gecko) Chrome/50.0.2661.102 Safari/537.36"
103.230.104.27 - - [30/May/2016:21:05:30 -0400] "GET /items/grouped?route=all&station=42&start_date=&end_date=&batch=&status=active HTTP/1.1" 200 6544 "-" "Mozilla/5.0 (X11; Linux x86_64) AppleWebKit/537.36 (KHTML, like Gecko) Chrome/48.0.2564.71 Safari/537.36"
103.230.104.27 - - [30/May/2016:21:05:33 -0400] "GET /assets/images/spacer.gif HTTP/1.1" 304 178 "http://dev.monogramonline.com/items/grouped?route=all&station=42&start_date=&end_date=&batch=&status=active" "Mozilla/5.0 (X11; Linux x86_64) AppleWebKit/537.36 (KHTML, like Gecko) Chrome/48.0.2564.71 Safari/537.36"
103.230.104.27 - - [30/May/2016:21:05:35 -0400] "GET /favicon.ico HTTP/1.1" 200 294 "http://dev.monogramonline.com/items/grouped?route=all&station=42&start_date=&end_date=&batch=&status=active" "Mozilla/5.0 (X11; Linux x86_64) AppleWebKit/537.36 (KHTML, like Gecko) Chrome/48.0.2564.71 Safari/537.36"
98.14.148.218 - - [30/May/2016:21:05:36 -0400] "GET /items/grouped?route=all&station=42&start_date=&end_date=&batch=&status=active HTTP/1.1" 200 6544 "-" "Mozilla/5.0 (Windows NT 10.0; WOW64) AppleWebKit/537.36 (KHTML, like Gecko) Chrome/50.0.2661.102 Safari/537.36"
103.230.104.27 - - [30/May/2016:21:05:38 -0400] "GET /items/grouped?route=all&station=42&start_date=&end_date=&batch=&status=all HTTP/1.1" 200 8126 "http://dev.monogramonline.com/items/grouped?route=all&station=42&start_date=&end_date=&batch=&status=active" "Mozilla/5.0 (X11; Linux x86_64) AppleWebKit/537.36 (KHTML, like Gecko) Chrome/48.0.2564.71 Safari/537.36"
98.14.148.218 - - [30/May/2016:21:05:41 -0400] "GET /items/grouped?route=all&station=all&start_date=&end_date=&batch=&status=active HTTP/1.1" 200 6564 "http://dev.monogramonline.com/items/grouped?route=all&station=42&start_date=&end_date=&batch=&status=active" "Mozilla/5.0 (Windows NT 10.0; WOW64) AppleWebKit/537.36 (KHTML, like Gecko) Chrome/50.0.2661.102 Safari/537.36"
103.230.104.27 - - [30/May/2016:21:05:45 -0400] "GET /items/grouped?route=all&station=all&start_date=&end_date=&batch=&status=all HTTP/1.1" 200 8230 "http://dev.monogramonline.com/items/grouped?route=all&station=42&start_date=&end_date=&batch=&status=all" "Mozilla/5.0 (X11; Linux x86_64) AppleWebKit/537.36 (KHTML, like Gecko) Chrome/48.0.2564.71 Safari/537.36"
98.14.148.218 - - [30/May/2016:21:05:50 -0400] "GET /items/grouped?route=all&station=all&start_date=&end_date=&batch=&status=active HTTP/1.1" 200 6554 "http://dev.monogramonline.com/items/grouped?route=all&station=all&start_date=&end_date=&batch=&status=active" "Mozilla/5.0 (Windows NT 10.0; WOW64) AppleWebKit/537.36 (KHTML, like Gecko) Chrome/50.0.2661.102 Safari/537.36"
98.14.148.218 - - [30/May/2016:21:05:53 -0400] "GET /items/grouped?route=all&station=all&start_date=&end_date=&batch=&status=all HTTP/1.1" 200 8229 "http://dev.monogramonline.com/items/grouped?route=all&station=all&start_date=&end_date=&batch=&status=active" "Mozilla/5.0 (Windows NT 10.0; WOW64) AppleWebKit/537.36 (KHTML, like Gecko) Chrome/50.0.2661.102 Safari/537.36"
98.14.148.218 - - [30/May/2016:21:06:02 -0400] "GET /items/grouped?route=all&station=all&start_date=&end_date=&batch=&status=not+started HTTP/1.1" 200 8206 "http://dev.monogramonline.com/items/grouped?route=all&station=all&start_date=&end_date=&batch=&status=all" "Mozilla/5.0 (Windows NT 10.0; WOW64) AppleWebKit/537.36 (KHTML, like Gecko) Chrome/50.0.2661.102 Safari/537.36"
98.14.148.218 - - [30/May/2016:21:18:03 -0400] "GET /items/grouped?route=all&station=57&start_date=&end_date=&batch=&status=not+started HTTP/1.1" 200 8101 "-" "Mozilla/5.0 (Windows NT 10.0; WOW64) AppleWebKit/537.36 (KHTML, like Gecko) Chrome/50.0.2661.102 Safari/537.36"
98.14.148.218 - - [30/May/2016:21:18:06 -0400] "GET /assets/images/spacer.gif HTTP/1.1" 304 178 "http://dev.monogramonline.com/items/grouped?route=all&station=57&start_date=&end_date=&batch=&status=not+started" "Mozilla/5.0 (Windows NT 10.0; WOW64) AppleWebKit/537.36 (KHTML, like Gecko) Chrome/50.0.2661.102 Safari/537.36"
98.14.148.218 - - [30/May/2016:21:18:07 -0400] "GET /favicon.ico HTTP/1.1" 200 294 "http://dev.monogramonline.com/items/grouped?route=all&station=57&start_date=&end_date=&batch=&status=not+started" "Mozilla/5.0 (Windows NT 10.0; WOW64) AppleWebKit/537.36 (KHTML, like Gecko) Chrome/50.0.2661.102 Safari/537.36"
98.14.148.218 - - [30/May/2016:21:18:16 -0400] "GET /items/grouped?route=all&station=57&start_date=&end_date=&batch=&status=active HTTP/1.1" 200 6023 "http://dev.monogramonline.com/items/grouped?route=all&station=57&start_date=&end_date=&batch=&status=not+started" "Mozilla/5.0 (Windows NT 10.0; WOW64) AppleWebKit/537.36 (KHTML, like Gecko) Chrome/50.0.2661.102 Safari/537.36"
98.14.148.218 - - [30/May/2016:21:18:32 -0400] "GET /items/grouped?route=all&station=57&start_date=&end_date=&batch=&status=not+started HTTP/1.1" 200 8105 "http://dev.monogramonline.com/items/grouped?route=all&station=57&start_date=&end_date=&batch=&status=active" "Mozilla/5.0 (Windows NT 10.0; WOW64) AppleWebKit/537.36 (KHTML, like Gecko) Chrome/50.0.2661.102 Safari/537.36"
98.14.148.218 - - [30/May/2016:21:18:39 -0400] "GET /items/grouped?route=all&station=57&start_date=&end_date=&batch=&status=complete HTTP/1.1" 200 6027 "http://dev.monogramonline.com/items/grouped?route=all&station=57&start_date=&end_date=&batch=&status=not+started" "Mozilla/5.0 (Windows NT 10.0; WOW64) AppleWebKit/537.36 (KHTML, like Gecko) Chrome/50.0.2661.102 Safari/537.36"
98.14.148.218 - - [30/May/2016:21:18:42 -0400] "GET /items/grouped?route=all&station=57&start_date=&end_date=&batch=&status=all HTTP/1.1" 200 8100 "http://dev.monogramonline.com/items/grouped?route=all&station=57&start_date=&end_date=&batch=&status=complete" "Mozilla/5.0 (Windows NT 10.0; WOW64) AppleWebKit/537.36 (KHTML, like Gecko) Chrome/50.0.2661.102 Safari/537.36"
98.14.148.218 - - [30/May/2016:21:26:26 -0400] "GET /items/grouped?route=all&station=all&start_date=&end_date=&batch=&status=all HTTP/1.1" 200 8238 "http://dev.monogramonline.com/items/grouped?route=all&station=57&start_date=&end_date=&batch=&status=all" "Mozilla/5.0 (Windows NT 10.0; WOW64) AppleWebKit/537.36 (KHTML, like Gecko) Chrome/50.0.2661.102 Safari/537.36"
98.14.148.218 - - [30/May/2016:21:26:40 -0400] "GET /items/grouped?route=all&station=all&start_date=&end_date=&batch=&status=active HTTP/1.1" 200 6562 "http://dev.monogramonline.com/items/grouped?route=all&station=all&start_date=&end_date=&batch=&status=all" "Mozilla/5.0 (Windows NT 10.0; WOW64) AppleWebKit/537.36 (KHTML, like Gecko) Chrome/50.0.2661.102 Safari/537.36"
98.14.148.218 - - [30/May/2016:21:28:34 -0400] "GET /items/grouped?route=all&station=all&start_date=&end_date=&batch=&status=active HTTP/1.1" 200 6558 "http://dev.monogramonline.com/items/grouped?route=all&station=all&start_date=&end_date=&batch=&status=all" "Mozilla/5.0 (Windows NT 10.0; WOW64) AppleWebKit/537.36 (KHTML, like Gecko) Chrome/50.0.2661.102 Safari/537.36"
98.14.148.218 - - [30/May/2016:21:28:35 -0400] "GET /assets/images/spacer.gif HTTP/1.1" 304 178 "http://dev.monogramonline.com/items/grouped?route=all&station=all&start_date=&end_date=&batch=&status=active" "Mozilla/5.0 (Windows NT 10.0; WOW64) AppleWebKit/537.36 (KHTML, like Gecko) Chrome/50.0.2661.102 Safari/537.36"
98.14.148.218 - - [30/May/2016:21:28:37 -0400] "GET /favicon.ico HTTP/1.1" 200 294 "http://dev.monogramonline.com/items/grouped?route=all&station=all&start_date=&end_date=&batch=&status=active" "Mozilla/5.0 (Windows NT 10.0; WOW64) AppleWebKit/537.36 (KHTML, like Gecko) Chrome/50.0.2661.102 Safari/537.36"
98.14.148.218 - - [30/May/2016:21:28:47 -0400] "GET /items/grouped HTTP/1.1" 200 8200 "http://dev.monogramonline.com/" "Mozilla/5.0 (Windows NT 10.0; WOW64) AppleWebKit/537.36 (KHTML, like Gecko) Chrome/50.0.2661.102 Safari/537.36"
98.14.148.218 - - [30/May/2016:21:28:48 -0400] "GET /assets/images/spacer.gif HTTP/1.1" 304 178 "http://dev.monogramonline.com/items/grouped" "Mozilla/5.0 (Windows NT 10.0; WOW64) AppleWebKit/537.36 (KHTML, like Gecko) Chrome/50.0.2661.102 Safari/537.36"
98.14.148.218 - - [30/May/2016:21:30:00 -0400] "GET /items/grouped HTTP/1.1" 200 8188 "http://dev.monogramonline.com/" "Mozilla/5.0 (Windows NT 10.0; WOW64) AppleWebKit/537.36 (KHTML, like Gecko) Chrome/50.0.2661.102 Safari/537.36"
98.14.148.218 - - [30/May/2016:21:30:00 -0400] "GET /favicon.ico HTTP/1.1" 200 295 "http://dev.monogramonline.com/items/grouped" "Mozilla/5.0 (Windows NT 10.0; WOW64) AppleWebKit/537.36 (KHTML, like Gecko) Chrome/50.0.2661.102 Safari/537.36"
98.14.148.218 - - [30/May/2016:21:30:01 -0400] "GET /assets/images/spacer.gif HTTP/1.1" 200 324 "http://dev.monogramonline.com/items/grouped" "Mozilla/5.0 (Windows NT 10.0; WOW64) AppleWebKit/537.36 (KHTML, like Gecko) Chrome/50.0.2661.102 Safari/537.36"
98.14.148.218 - - [30/May/2016:21:30:02 -0400] "GET /favicon.ico HTTP/1.1" 200 294 "http://dev.monogramonline.com/items/grouped" "Mozilla/5.0 (Windows NT 10.0; WOW64) AppleWebKit/537.36 (KHTML, like Gecko) Chrome/50.0.2661.102 Safari/537.36"
98.14.148.218 - - [30/May/2016:21:30:28 -0400] "GET /prints/batch_packing?batch_number%5B%5D=10598&batch_number%5B%5D=10597&batch_number%5B%5D=10596&batch_number%5B%5D=10595&batch_number%5B%5D=10595&batch_number%5B%5D=10594&batch_number%5B%5D=10593&batch_number%5B%5D=10592&batch_number%5B%5D=10591&batch_number%5B%5D=10590&batch_number%5B%5D=10589&batch_number%5B%5D=10588&batch_number%5B%5D=10587&batch_number%5B%5D=10586&batch_number%5B%5D=10585&batch_number%5B%5D=10584&batch_number%5B%5D=10583&batch_number%5B%5D=10582&batch_number%5B%5D=10581&batch_number%5B%5D=10580&batch_number%5B%5D=10579&batch_number%5B%5D=10578&batch_number%5B%5D=10577&batch_number%5B%5D=10576&batch_number%5B%5D=10575&batch_number%5B%5D=10574&batch_number%5B%5D=10573&batch_number%5B%5D=10572&batch_number%5B%5D=10571&batch_number%5B%5D=10570&batch_number%5B%5D=10569&batch_number%5B%5D=10568&batch_number%5B%5D=10567&batch_number%5B%5D=10566&batch_number%5B%5D=10565&batch_number%5B%5D=10564&batch_number%5B%5D=10563&batch_number%5B%5D=10562&batch_number%5B%5D=10561&batch_number%5B%5D=10560&batch_number%5B%5D=10559&batch_number%5B%5D=10558&batch_number%5B%5D=10557&batch_number%5B%5D=10556&batch_number%5B%5D=10555&batch_number%5B%5D=10554&batch_number%5B%5D=10553&batch_number%5B%5D=10552&batch_number%5B%5D=10551&batch_number%5B%5D=10550&batch_number%5B%5D=10549 HTTP/1.1" 200 29818 "http://dev.monogramonline.com/items/grouped" "Mozilla/5.0 (Windows NT 10.0; WOW64) AppleWebKit/537.36 (KHTML, like Gecko) Chrome/50.0.2661.102 Safari/537.36"
98.14.148.218 - - [30/May/2016:21:30:21 -0400] "GET /prints/batches?batch_number%5B%5D=10598&batch_number%5B%5D=10597&batch_number%5B%5D=10596&batch_number%5B%5D=10595&batch_number%5B%5D=10595&batch_number%5B%5D=10594&batch_number%5B%5D=10593&batch_number%5B%5D=10592&batch_number%5B%5D=10591&batch_number%5B%5D=10590&batch_number%5B%5D=10589&batch_number%5B%5D=10588&batch_number%5B%5D=10587&batch_number%5B%5D=10586&batch_number%5B%5D=10585&batch_number%5B%5D=10584&batch_number%5B%5D=10583&batch_number%5B%5D=10582&batch_number%5B%5D=10581&batch_number%5B%5D=10580&batch_number%5B%5D=10579&batch_number%5B%5D=10578&batch_number%5B%5D=10577&batch_number%5B%5D=10576&batch_number%5B%5D=10575&batch_number%5B%5D=10574&batch_number%5B%5D=10573&batch_number%5B%5D=10572&batch_number%5B%5D=10571&batch_number%5B%5D=10570&batch_number%5B%5D=10569&batch_number%5B%5D=10568&batch_number%5B%5D=10567&batch_number%5B%5D=10566&batch_number%5B%5D=10565&batch_number%5B%5D=10564&batch_number%5B%5D=10563&batch_number%5B%5D=10562&batch_number%5B%5D=10561&batch_number%5B%5D=10560&batch_number%5B%5D=10559&batch_number%5B%5D=10558&batch_number%5B%5D=10557&batch_number%5B%5D=10556&batch_number%5B%5D=10555&batch_number%5B%5D=10554&batch_number%5B%5D=10553&batch_number%5B%5D=10552&batch_number%5B%5D=10551&batch_number%5B%5D=10550&batch_number%5B%5D=10549 HTTP/1.1" 200 16535 "http://dev.monogramonline.com/items/grouped" "Mozilla/5.0 (Windows NT 10.0; WOW64) AppleWebKit/537.36 (KHTML, like Gecko) Chrome/50.0.2661.102 Safari/537.36"
98.14.148.218 - - [30/May/2016:21:31:14 -0400] "GET /prints/batches?batch_number%5B%5D=10598&batch_number%5B%5D=10597&batch_number%5B%5D=10596&batch_number%5B%5D=10595&batch_number%5B%5D=10595&batch_number%5B%5D=10594&batch_number%5B%5D=10593&batch_number%5B%5D=10592&batch_number%5B%5D=10591&batch_number%5B%5D=10590&batch_number%5B%5D=10589&batch_number%5B%5D=10588&batch_number%5B%5D=10587&batch_number%5B%5D=10586&batch_number%5B%5D=10585&batch_number%5B%5D=10584&batch_number%5B%5D=10583&batch_number%5B%5D=10582&batch_number%5B%5D=10581&batch_number%5B%5D=10580&batch_number%5B%5D=10579&batch_number%5B%5D=10578&batch_number%5B%5D=10577&batch_number%5B%5D=10576&batch_number%5B%5D=10575&batch_number%5B%5D=10574&batch_number%5B%5D=10573&batch_number%5B%5D=10572&batch_number%5B%5D=10571&batch_number%5B%5D=10570&batch_number%5B%5D=10569&batch_number%5B%5D=10568&batch_number%5B%5D=10567&batch_number%5B%5D=10566&batch_number%5B%5D=10565&batch_number%5B%5D=10564&batch_number%5B%5D=10563&batch_number%5B%5D=10562&batch_number%5B%5D=10561&batch_number%5B%5D=10560&batch_number%5B%5D=10559&batch_number%5B%5D=10558&batch_number%5B%5D=10557&batch_number%5B%5D=10556&batch_number%5B%5D=10555&batch_number%5B%5D=10554&batch_number%5B%5D=10553&batch_number%5B%5D=10552&batch_number%5B%5D=10551&batch_number%5B%5D=10550&batch_number%5B%5D=10549 HTTP/1.1" 200 16533 "http://dev.monogramonline.com/items/grouped" "Mozilla/5.0 (Windows NT 10.0; WOW64) AppleWebKit/537.36 (KHTML, like Gecko) Chrome/50.0.2661.102 Safari/537.36"
103.230.104.27 - - [30/May/2016:21:32:28 -0400] "GET /users/19/edit HTTP/1.1" 200 3510 "-" "Mozilla/5.0 (X11; Linux x86_64) AppleWebKit/537.36 (KHTML, like Gecko) Chrome/48.0.2564.71 Safari/537.36"
98.14.148.218 - - [30/May/2016:21:32:59 -0400] "GET /users HTTP/1.1" 200 3328 "http://dev.monogramonline.com/" "Mozilla/5.0 (Windows NT 10.0; WOW64) AppleWebKit/537.36 (KHTML, like Gecko) Chrome/50.0.2661.102 Safari/537.36"
104.209.188.207 - - [30/May/2016:21:33:08 -0400] "GET /users HTTP/1.1" 302 1480 "-" "Mozilla/5.0 (Windows NT 6.1; WOW64) SkypeUriPreview Preview/0.5"
104.209.188.207 - - [30/May/2016:21:33:08 -0400] "GET /auth/login HTTP/1.1" 200 2430 "-" "Mozilla/5.0 (Windows NT 6.1; WOW64) SkypeUriPreview Preview/0.5"
104.209.188.207 - - [30/May/2016:21:33:08 -0400] "GET /favicon.ico HTTP/1.1" 200 239 "-" "Mozilla/5.0 (Windows NT 6.1; WOW64) SkypeUriPreview Preview/0.5"
98.14.148.218 - - [30/May/2016:21:33:22 -0400] "GET /users/23/edit HTTP/1.1" 200 3526 "http://dev.monogramonline.com/users" "Mozilla/5.0 (Windows NT 10.0; WOW64) AppleWebKit/537.36 (KHTML, like Gecko) Chrome/50.0.2661.102 Safari/537.36"
98.14.148.218 - - [30/May/2016:21:33:28 -0400] "GET / HTTP/1.1" 200 2294 "http://dev.monogramonline.com/users/23/edit" "Mozilla/5.0 (Windows NT 10.0; WOW64) AppleWebKit/537.36 (KHTML, like Gecko) Chrome/50.0.2661.102 Safari/537.36"
98.14.148.218 - - [30/May/2016:21:33:34 -0400] "GET /vendors HTTP/1.1" 200 4956 "http://dev.monogramonline.com/" "Mozilla/5.0 (Windows NT 10.0; WOW64) AppleWebKit/537.36 (KHTML, like Gecko) Chrome/50.0.2661.102 Safari/537.36"
98.14.148.218 - - [30/May/2016:21:33:38 -0400] "GET /vendors/43/edit HTTP/1.1" 200 2770 "http://dev.monogramonline.com/vendors" "Mozilla/5.0 (Windows NT 10.0; WOW64) AppleWebKit/537.36 (KHTML, like Gecko) Chrome/50.0.2661.102 Safari/537.36"
98.14.148.218 - - [30/May/2016:21:34:19 -0400] "GET / HTTP/1.1" 200 2294 "http://dev.monogramonline.com/items/grouped?route=all&station=all&start_date=&end_date=&batch=&status=active" "Mozilla/5.0 (Windows NT 10.0; WOW64) AppleWebKit/537.36 (KHTML, like Gecko) Chrome/50.0.2661.102 Safari/537.36"
98.14.148.218 - - [30/May/2016:21:34:21 -0400] "GET /users HTTP/1.1" 200 3325 "http://dev.monogramonline.com/" "Mozilla/5.0 (Windows NT 10.0; WOW64) AppleWebKit/537.36 (KHTML, like Gecko) Chrome/50.0.2661.102 Safari/537.36"
103.230.104.27 - - [30/May/2016:21:34:36 -0400] "GET /users HTTP/1.1" 200 3313 "http://dev.monogramonline.com/users/19/edit" "Mozilla/5.0 (X11; Linux x86_64) AppleWebKit/537.36 (KHTML, like Gecko) Chrome/48.0.2564.71 Safari/537.36"
98.14.148.218 - - [30/May/2016:21:34:37 -0400] "GET /users/26/edit HTTP/1.1" 200 3515 "http://dev.monogramonline.com/users" "Mozilla/5.0 (Windows NT 10.0; WOW64) AppleWebKit/537.36 (KHTML, like Gecko) Chrome/50.0.2661.102 Safari/537.36"
103.230.104.27 - - [30/May/2016:21:34:43 -0400] "GET /users/26/edit HTTP/1.1" 200 3516 "http://dev.monogramonline.com/users" "Mozilla/5.0 (X11; Linux x86_64) AppleWebKit/537.36 (KHTML, like Gecko) Chrome/48.0.2564.71 Safari/537.36"
103.230.104.27 - - [30/May/2016:21:34:49 -0400] "GET /users/26 HTTP/1.1" 200 2598 "http://dev.monogramonline.com/users" "Mozilla/5.0 (X11; Linux x86_64) AppleWebKit/537.36 (KHTML, like Gecko) Chrome/48.0.2564.71 Safari/537.36"
103.230.104.27 - - [30/May/2016:21:35:55 -0400] "GET /users/26/edit HTTP/1.1" 200 3510 "http://dev.monogramonline.com/users" "Mozilla/5.0 (X11; Linux x86_64) AppleWebKit/537.36 (KHTML, like Gecko) Chrome/48.0.2564.71 Safari/537.36"
103.230.104.27 - - [30/May/2016:21:35:58 -0400] "GET /favicon.ico HTTP/1.1" 200 294 "http://dev.monogramonline.com/users/26/edit" "Mozilla/5.0 (X11; Linux x86_64) AppleWebKit/537.36 (KHTML, like Gecko) Chrome/48.0.2564.71 Safari/537.36"
98.14.148.218 - - [30/May/2016:21:36:11 -0400] "GET /users HTTP/1.1" 200 3314 "http://dev.monogramonline.com/users/26/edit" "Mozilla/5.0 (Windows NT 10.0; WOW64) AppleWebKit/537.36 (KHTML, like Gecko) Chrome/50.0.2661.102 Safari/537.36"
103.230.104.27 - - [30/May/2016:21:36:11 -0400] "GET /users/1/edit HTTP/1.1" 200 3518 "-" "Mozilla/5.0 (X11; Linux x86_64) AppleWebKit/537.36 (KHTML, like Gecko) Chrome/48.0.2564.71 Safari/537.36"
103.230.104.27 - - [30/May/2016:21:36:48 -0400] "GET /users/1/edit HTTP/1.1" 200 3512 "-" "Mozilla/5.0 (X11; Linux x86_64) AppleWebKit/537.36 (KHTML, like Gecko) Chrome/48.0.2564.71 Safari/537.36"
103.230.104.27 - - [30/May/2016:21:37:17 -0400] "GET / HTTP/1.1" 200 2306 "http://dev.monogramonline.com/items/grouped?route=all&station=all&start_date=&end_date=&batch=&status=all" "Mozilla/5.0 (X11; Linux x86_64) AppleWebKit/537.36 (KHTML, like Gecko) Chrome/48.0.2564.71 Safari/537.36"
103.230.104.27 - - [30/May/2016:21:37:20 -0400] "GET /orders/manual HTTP/1.1" 200 5772 "http://dev.monogramonline.com/" "Mozilla/5.0 (X11; Linux x86_64) AppleWebKit/537.36 (KHTML, like Gecko) Chrome/48.0.2564.71 Safari/537.36"
98.14.148.218 - - [30/May/2016:21:37:50 -0400] "GET / HTTP/1.1" 200 2300 "http://dev.monogramonline.com/vendors/43/edit" "Mozilla/5.0 (Windows NT 10.0; WOW64) AppleWebKit/537.36 (KHTML, like Gecko) Chrome/50.0.2661.102 Safari/537.36"
98.14.148.218 - - [30/May/2016:21:37:56 -0400] "GET /rejection_reasons HTTP/1.1" 200 4526 "http://dev.monogramonline.com/" "Mozilla/5.0 (Windows NT 10.0; WOW64) AppleWebKit/537.36 (KHTML, like Gecko) Chrome/50.0.2661.102 Safari/537.36"
98.14.148.218 - - [30/May/2016:21:38:08 -0400] "GET / HTTP/1.1" 200 2296 "http://dev.monogramonline.com/rejection_reasons" "Mozilla/5.0 (Windows NT 10.0; WOW64) AppleWebKit/537.36 (KHTML, like Gecko) Chrome/50.0.2661.102 Safari/537.36"
98.14.148.218 - - [30/May/2016:21:38:11 -0400] "GET /items/grouped HTTP/1.1" 200 8189 "http://dev.monogramonline.com/" "Mozilla/5.0 (Windows NT 10.0; WOW64) AppleWebKit/537.36 (KHTML, like Gecko) Chrome/50.0.2661.102 Safari/537.36"
98.14.148.218 - - [30/May/2016:21:38:19 -0400] "GET /batches/10598/R-GGR HTTP/1.1" 200 4935 "http://dev.monogramonline.com/items/grouped" "Mozilla/5.0 (Windows NT 10.0; WOW64) AppleWebKit/537.36 (KHTML, like Gecko) Chrome/50.0.2661.102 Safari/537.36"
98.14.148.218 - - [30/May/2016:21:38:36 -0400] "POST /batches/10598/R-GGR HTTP/1.1" 302 1503 "http://dev.monogramonline.com/batches/10598/R-GGR" "Mozilla/5.0 (Windows NT 10.0; WOW64) AppleWebKit/537.36 (KHTML, like Gecko) Chrome/50.0.2661.102 Safari/537.36"
98.14.148.218 - - [30/May/2016:21:38:37 -0400] "GET /items/grouped HTTP/1.1" 200 8233 "http://dev.monogramonline.com/batches/10598/R-GGR" "Mozilla/5.0 (Windows NT 10.0; WOW64) AppleWebKit/537.36 (KHTML, like Gecko) Chrome/50.0.2661.102 Safari/537.36"
98.14.148.218 - - [30/May/2016:21:38:46 -0400] "GET /items/grouped?route=all&station=all&start_date=&end_date=&batch=10598&status=all HTTP/1.1" 200 5931 "http://dev.monogramonline.com/items/grouped" "Mozilla/5.0 (Windows NT 10.0; WOW64) AppleWebKit/537.36 (KHTML, like Gecko) Chrome/50.0.2661.102 Safari/537.36"
98.14.148.218 - - [30/May/2016:21:38:50 -0400] "GET / HTTP/1.1" 200 2293 "http://dev.monogramonline.com/items/grouped?route=all&station=all&start_date=&end_date=&batch=10598&status=all" "Mozilla/5.0 (Windows NT 10.0; WOW64) AppleWebKit/537.36 (KHTML, like Gecko) Chrome/50.0.2661.102 Safari/537.36"
98.14.148.218 - - [30/May/2016:21:38:57 -0400] "GET /stations/supervisor HTTP/1.1" 200 6703 "http://dev.monogramonline.com/" "Mozilla/5.0 (Windows NT 10.0; WOW64) AppleWebKit/537.36 (KHTML, like Gecko) Chrome/50.0.2661.102 Safari/537.36"
103.230.104.27 - - [30/May/2016:21:41:57 -0400] "GET /stations/supervisor HTTP/1.1" 200 6710 "-" "Mozilla/5.0 (X11; Linux x86_64) AppleWebKit/537.36 (KHTML, like Gecko) Chrome/48.0.2564.71 Safari/537.36"
103.230.104.27 - - [30/May/2016:21:44:55 -0400] "GET /orders/manual HTTP/1.1" 200 5771 "http://dev.monogramonline.com/" "Mozilla/5.0 (X11; Linux x86_64) AppleWebKit/537.36 (KHTML, like Gecko) Chrome/48.0.2564.71 Safari/537.36"
