104.209.188.207 - - [27/May/2016:17:49:54 -0400] "GET /auth/login HTTP/1.1" 200 2420 "-" "Mozilla/5.0 (Windows NT 6.1; WOW64) SkypeUriPreview Preview/0.5"
104.209.188.207 - - [27/May/2016:17:49:54 -0400] "GET /favicon.ico HTTP/1.1" 200 239 "-" "Mozilla/5.0 (Windows NT 6.1; WOW64) SkypeUriPreview Preview/0.5"
96.57.0.130 - - [27/May/2016:17:57:58 -0400] "GET /products_specifications HTTP/1.1" 200 6452 "http://dev.monogramonline.com/" "Mozilla/5.0 (Windows NT 10.0; WOW64) AppleWebKit/537.36 (KHTML, like Gecko) Chrome/50.0.2661.102 Safari/537.36"
96.57.0.130 - - [27/May/2016:17:57:59 -0400] "GET /assets/css/bootstrap-horizon.css HTTP/1.1" 200 786 "http://dev.monogramonline.com/products_specifications" "Mozilla/5.0 (Windows NT 10.0; WOW64) AppleWebKit/537.36 (KHTML, like Gecko) Chrome/50.0.2661.102 Safari/537.36"
96.57.0.130 - - [27/May/2016:17:57:59 -0400] "GET /favicon.ico HTTP/1.1" 304 177 "http://dev.monogramonline.com/products_specifications" "Mozilla/5.0 (Windows NT 10.0; WOW64) AppleWebKit/537.36 (KHTML, like Gecko) Chrome/50.0.2661.102 Safari/537.36"
96.57.0.130 - - [27/May/2016:17:58:43 -0400] "GET / HTTP/1.1" 200 2300 "http://dev.monogramonline.com/products_specifications" "Mozilla/5.0 (Windows NT 10.0; WOW64) AppleWebKit/537.36 (KHTML, like Gecko) Chrome/50.0.2661.102 Safari/537.36"
96.57.0.130 - - [27/May/2016:17:58:47 -0400] "GET /vendors HTTP/1.1" 200 4949 "http://dev.monogramonline.com/" "Mozilla/5.0 (Windows NT 10.0; WOW64) AppleWebKit/537.36 (KHTML, like Gecko) Chrome/50.0.2661.102 Safari/537.36"
96.57.0.130 - - [27/May/2016:17:58:52 -0400] "GET /vendors/45/edit HTTP/1.1" 200 2800 "http://dev.monogramonline.com/vendors" "Mozilla/5.0 (Windows NT 10.0; WOW64) AppleWebKit/537.36 (KHTML, like Gecko) Chrome/50.0.2661.102 Safari/537.36"
96.57.0.130 - - [27/May/2016:17:59:11 -0400] "POST /vendors/45 HTTP/1.1" 302 1473 "http://dev.monogramonline.com/vendors/45/edit" "Mozilla/5.0 (Windows NT 10.0; WOW64) AppleWebKit/537.36 (KHTML, like Gecko) Chrome/50.0.2661.102 Safari/537.36"
96.57.0.130 - - [27/May/2016:17:59:11 -0400] "GET /vendors HTTP/1.1" 200 4981 "http://dev.monogramonline.com/vendors/45/edit" "Mozilla/5.0 (Windows NT 10.0; WOW64) AppleWebKit/537.36 (KHTML, like Gecko) Chrome/50.0.2661.102 Safari/537.36"
96.57.0.130 - - [27/May/2016:17:59:46 -0400] "GET /vendors/45/edit HTTP/1.1" 200 2799 "http://dev.monogramonline.com/vendors" "Mozilla/5.0 (Windows NT 10.0; WOW64) AppleWebKit/537.36 (KHTML, like Gecko) Chrome/50.0.2661.102 Safari/537.36"
104.45.18.178 - - [27/May/2016:18:01:09 -0400] "GET /vendors/45/edit HTTP/1.1" 302 1494 "-" "Mozilla/5.0 (Windows NT 6.1; WOW64) SkypeUriPreview Preview/0.5"
104.45.18.178 - - [27/May/2016:18:01:09 -0400] "GET /auth/login HTTP/1.1" 200 2428 "-" "Mozilla/5.0 (Windows NT 6.1; WOW64) SkypeUriPreview Preview/0.5"
104.45.18.178 - - [27/May/2016:18:01:09 -0400] "GET /favicon.ico HTTP/1.1" 200 239 "-" "Mozilla/5.0 (Windows NT 6.1; WOW64) SkypeUriPreview Preview/0.5"
103.230.107.27 - - [27/May/2016:18:01:32 -0400] "GET /vendors/45/edit HTTP/1.1" 200 2807 "-" "Mozilla/5.0 (X11; Linux x86_64) AppleWebKit/537.36 (KHTML, like Gecko) Chrome/48.0.2564.71 Safari/537.36"
103.230.105.27 - - [27/May/2016:18:18:06 -0400] "GET /vendors/45/edit HTTP/1.1" 200 2801 "-" "Mozilla/5.0 (X11; Linux x86_64) AppleWebKit/537.36 (KHTML, like Gecko) Chrome/48.0.2564.71 Safari/537.36"
103.230.107.27 - - [27/May/2016:18:31:49 -0400] "GET /orders/manual HTTP/1.1" 200 4878 "-" "Mozilla/5.0 (X11; Linux x86_64) AppleWebKit/537.36 (KHTML, like Gecko) Chrome/48.0.2564.71 Safari/537.36"
103.230.107.27 - - [27/May/2016:18:31:51 -0400] "GET /assets/css/nprogress.css HTTP/1.1" 200 885 "http://dev.monogramonline.com/orders/manual" "Mozilla/5.0 (X11; Linux x86_64) AppleWebKit/537.36 (KHTML, like Gecko) Chrome/48.0.2564.71 Safari/537.36"
103.230.107.27 - - [27/May/2016:18:31:51 -0400] "GET /assets/js/nprogress.js HTTP/1.1" 200 4030 "http://dev.monogramonline.com/orders/manual" "Mozilla/5.0 (X11; Linux x86_64) AppleWebKit/537.36 (KHTML, like Gecko) Chrome/48.0.2564.71 Safari/537.36"
104.45.18.178 - - [27/May/2016:18:32:03 -0400] "GET /orders/manual HTTP/1.1" 302 1484 "-" "Mozilla/5.0 (Windows NT 6.1; WOW64) SkypeUriPreview Preview/0.5"
104.45.18.178 - - [27/May/2016:18:32:03 -0400] "GET /auth/login HTTP/1.1" 200 2428 "-" "Mozilla/5.0 (Windows NT 6.1; WOW64) SkypeUriPreview Preview/0.5"
104.45.18.178 - - [27/May/2016:18:32:04 -0400] "GET /favicon.ico HTTP/1.1" 200 239 "-" "Mozilla/5.0 (Windows NT 6.1; WOW64) SkypeUriPreview Preview/0.5"
96.57.0.130 - - [27/May/2016:18:32:16 -0400] "GET /orders/manual HTTP/1.1" 200 4867 "-" "Mozilla/5.0 (Windows NT 10.0; WOW64) AppleWebKit/537.36 (KHTML, like Gecko) Chrome/50.0.2661.102 Safari/537.36"
96.57.0.130 - - [27/May/2016:18:32:16 -0400] "GET /assets/css/nprogress.css HTTP/1.1" 200 885 "http://dev.monogramonline.com/orders/manual" "Mozilla/5.0 (Windows NT 10.0; WOW64) AppleWebKit/537.36 (KHTML, like Gecko) Chrome/50.0.2661.102 Safari/537.36"
96.57.0.130 - - [27/May/2016:18:32:16 -0400] "GET /assets/js/nprogress.js HTTP/1.1" 200 4030 "http://dev.monogramonline.com/orders/manual" "Mozilla/5.0 (Windows NT 10.0; WOW64) AppleWebKit/537.36 (KHTML, like Gecko) Chrome/50.0.2661.102 Safari/537.36"
96.57.0.130 - - [27/May/2016:18:32:18 -0400] "GET /favicon.ico HTTP/1.1" 304 177 "http://dev.monogramonline.com/orders/manual" "Mozilla/5.0 (Windows NT 10.0; WOW64) AppleWebKit/537.36 (KHTML, like Gecko) Chrome/50.0.2661.102 Safari/537.36"
96.57.0.130 - - [27/May/2016:18:32:47 -0400] "POST /orders/manual HTTP/1.1" 500 25487 "http://dev.monogramonline.com/orders/manual" "Mozilla/5.0 (Windows NT 10.0; WOW64) AppleWebKit/537.36 (KHTML, like Gecko) Chrome/50.0.2661.102 Safari/537.36"
103.230.107.27 - - [27/May/2016:18:32:51 -0400] "GET /orders/manual HTTP/1.1" 200 4876 "-" "Mozilla/5.0 (X11; Linux x86_64) AppleWebKit/537.36 (KHTML, like Gecko) Chrome/48.0.2564.71 Safari/537.36"
96.57.0.130 - - [27/May/2016:18:33:44 -0400] "GET /orders/manual HTTP/1.1" 200 4875 "-" "Mozilla/5.0 (Windows NT 10.0; WOW64) AppleWebKit/537.36 (KHTML, like Gecko) Chrome/50.0.2661.102 Safari/537.36"
96.57.0.130 - - [27/May/2016:18:33:45 -0400] "GET /assets/css/nprogress.css HTTP/1.1" 200 885 "http://dev.monogramonline.com/orders/manual" "Mozilla/5.0 (Windows NT 10.0; WOW64) AppleWebKit/537.36 (KHTML, like Gecko) Chrome/50.0.2661.102 Safari/537.36"
96.57.0.130 - - [27/May/2016:18:33:45 -0400] "GET /assets/js/nprogress.js HTTP/1.1" 200 4030 "http://dev.monogramonline.com/orders/manual" "Mozilla/5.0 (Windows NT 10.0; WOW64) AppleWebKit/537.36 (KHTML, like Gecko) Chrome/50.0.2661.102 Safari/537.36"
96.57.0.130 - - [27/May/2016:18:33:45 -0400] "GET /favicon.ico HTTP/1.1" 200 294 "http://dev.monogramonline.com/orders/manual" "Mozilla/5.0 (Windows NT 10.0; WOW64) AppleWebKit/537.36 (KHTML, like Gecko) Chrome/50.0.2661.102 Safari/537.36"
96.57.0.130 - - [27/May/2016:18:36:24 -0400] "GET /orders/manual HTTP/1.1" 200 4871 "-" "Mozilla/5.0 (Windows NT 10.0; WOW64) AppleWebKit/537.36 (KHTML, like Gecko) Chrome/50.0.2661.102 Safari/537.36"
96.57.0.130 - - [27/May/2016:18:36:25 -0400] "GET /assets/css/nprogress.css HTTP/1.1" 200 885 "http://dev.monogramonline.com/orders/manual" "Mozilla/5.0 (Windows NT 10.0; WOW64) AppleWebKit/537.36 (KHTML, like Gecko) Chrome/50.0.2661.102 Safari/537.36"
96.57.0.130 - - [27/May/2016:18:36:25 -0400] "GET /assets/js/nprogress.js HTTP/1.1" 200 4030 "http://dev.monogramonline.com/orders/manual" "Mozilla/5.0 (Windows NT 10.0; WOW64) AppleWebKit/537.36 (KHTML, like Gecko) Chrome/50.0.2661.102 Safari/537.36"
96.57.0.130 - - [27/May/2016:18:36:25 -0400] "GET /favicon.ico HTTP/1.1" 200 294 "http://dev.monogramonline.com/orders/manual" "Mozilla/5.0 (Windows NT 10.0; WOW64) AppleWebKit/537.36 (KHTML, like Gecko) Chrome/50.0.2661.102 Safari/537.36"
96.57.0.130 - - [27/May/2016:18:57:14 -0400] "GET /orders/manual HTTP/1.1" 200 4992 "-" "Mozilla/5.0 (Windows NT 10.0; WOW64) AppleWebKit/537.36 (KHTML, like Gecko) Chrome/50.0.2661.102 Safari/537.36"
96.57.0.130 - - [27/May/2016:18:57:15 -0400] "GET /assets/css/nprogress.css HTTP/1.1" 200 885 "http://dev.monogramonline.com/orders/manual" "Mozilla/5.0 (Windows NT 10.0; WOW64) AppleWebKit/537.36 (KHTML, like Gecko) Chrome/50.0.2661.102 Safari/537.36"
96.57.0.130 - - [27/May/2016:18:57:15 -0400] "GET /assets/js/nprogress.js HTTP/1.1" 200 4030 "http://dev.monogramonline.com/orders/manual" "Mozilla/5.0 (Windows NT 10.0; WOW64) AppleWebKit/537.36 (KHTML, like Gecko) Chrome/50.0.2661.102 Safari/537.36"
96.57.0.130 - - [27/May/2016:18:57:15 -0400] "GET /favicon.ico HTTP/1.1" 304 177 "http://dev.monogramonline.com/orders/manual" "Mozilla/5.0 (Windows NT 10.0; WOW64) AppleWebKit/537.36 (KHTML, like Gecko) Chrome/50.0.2661.102 Safari/537.36"
96.57.0.130 - - [27/May/2016:18:57:32 -0400] "GET /orders/ajax?sku=personalized-layered-acrylic-monogram-tassel-necklace-ra4218 HTTP/1.1" 200 1315 "http://dev.monogramonline.com/orders/manual" "Mozilla/5.0 (Windows NT 10.0; WOW64) AppleWebKit/537.36 (KHTML, like Gecko) Chrome/50.0.2661.102 Safari/537.36"
96.57.0.134 - - [27/May/2016:18:57:37 -0400] "GET /crawl?id_catalog=personalized-layered-acrylic-monogram-tassel-necklace-ra4218 HTTP/1.1" 200 2083 "-" "Mozilla/5.0 (Unknown; Linux x86_64) AppleWebKit/534.34 (KHTML, like Gecko) PhantomJS/1.9.8 Safari/534.34"
96.57.0.134 - - [27/May/2016:18:57:37 -0400] "GET /get_file_contents?url=http%3A%2F%2Fwww.monogramonline.com%2Fpersonalized-layered-acrylic-monogram-tassel-necklace-ra4218.html HTTP/1.1" 200 21610 "http://dev.monogramonline.com/crawl?id_catalog=personalized-layered-acrylic-monogram-tassel-necklace-ra4218" "Mozilla/5.0 (Unknown; Linux x86_64) AppleWebKit/534.34 (KHTML, like Gecko) PhantomJS/1.9.8 Safari/534.34"
96.57.0.130 - - [27/May/2016:18:57:36 -0400] "GET /orders/product_info?id_catalog=personalized-layered-acrylic-monogram-tassel-necklace-ra4218&sku=RA4218 HTTP/1.1" 200 5076 "http://dev.monogramonline.com/orders/manual" "Mozilla/5.0 (Windows NT 10.0; WOW64) AppleWebKit/537.36 (KHTML, like Gecko) Chrome/50.0.2661.102 Safari/537.36"
96.57.0.130 - - [27/May/2016:18:58:06 -0400] "GET /orders/ajax?sku=SB4163 HTTP/1.1" 200 1351 "http://dev.monogramonline.com/orders/manual" "Mozilla/5.0 (Windows NT 10.0; WOW64) AppleWebKit/537.36 (KHTML, like Gecko) Chrome/50.0.2661.102 Safari/537.36"
96.57.0.130 - - [27/May/2016:18:58:23 -0400] "GET /orders/ajax?sku=AS4097 HTTP/1.1" 200 1329 "http://dev.monogramonline.com/orders/manual" "Mozilla/5.0 (Windows NT 10.0; WOW64) AppleWebKit/537.36 (KHTML, like Gecko) Chrome/50.0.2661.102 Safari/537.36"
96.57.0.134 - - [27/May/2016:18:58:27 -0400] "GET /crawl?id_catalog=pewichba HTTP/1.1" 200 2051 "-" "Mozilla/5.0 (Unknown; Linux x86_64) AppleWebKit/534.34 (KHTML, like Gecko) PhantomJS/1.9.8 Safari/534.34"
96.57.0.134 - - [27/May/2016:18:58:28 -0400] "GET /get_file_contents?url=http%3A%2F%2Fwww.monogramonline.com%2Fpewichba.html HTTP/1.1" 500 23851 "http://dev.monogramonline.com/crawl?id_catalog=pewichba" "Mozilla/5.0 (Unknown; Linux x86_64) AppleWebKit/534.34 (KHTML, like Gecko) PhantomJS/1.9.8 Safari/534.34"
96.57.0.130 - - [27/May/2016:18:58:27 -0400] "GET /orders/product_info?id_catalog=pewichba&sku=AS4097 HTTP/1.1" 400 1047 "http://dev.monogramonline.com/orders/manual" "Mozilla/5.0 (Windows NT 10.0; WOW64) AppleWebKit/537.36 (KHTML, like Gecko) Chrome/50.0.2661.102 Safari/537.36"
96.57.0.130 - - [27/May/2016:18:59:09 -0400] "GET /orders/ajax?sku=RW4254 HTTP/1.1" 200 1377 "http://dev.monogramonline.com/orders/manual" "Mozilla/5.0 (Windows NT 10.0; WOW64) AppleWebKit/537.36 (KHTML, like Gecko) Chrome/50.0.2661.102 Safari/537.36"
96.57.0.134 - - [27/May/2016:18:59:15 -0400] "GET /crawl?id_catalog=personalized-engraved-hammer-rw4254 HTTP/1.1" 200 2068 "-" "Mozilla/5.0 (Unknown; Linux x86_64) AppleWebKit/534.34 (KHTML, like Gecko) PhantomJS/1.9.8 Safari/534.34"
96.57.0.134 - - [27/May/2016:18:59:15 -0400] "GET /get_file_contents?url=http%3A%2F%2Fwww.monogramonline.com%2Fpersonalized-engraved-hammer-rw4254.html HTTP/1.1" 200 21139 "http://dev.monogramonline.com/crawl?id_catalog=personalized-engraved-hammer-rw4254" "Mozilla/5.0 (Unknown; Linux x86_64) AppleWebKit/534.34 (KHTML, like Gecko) PhantomJS/1.9.8 Safari/534.34"
96.57.0.134 - - [27/May/2016:18:59:15 -0400] "GET /lib/yhst-128796189915726/optarrow.gif HTTP/1.1" 404 1358 "http://dev.monogramonline.com/crawl?id_catalog=personalized-engraved-hammer-rw4254" "Mozilla/5.0 (Unknown; Linux x86_64) AppleWebKit/534.34 (KHTML, like Gecko) PhantomJS/1.9.8 Safari/534.34"
96.57.0.134 - - [27/May/2016:18:59:15 -0400] "GET /lib/yhst-128796189915726/item-tw.png HTTP/1.1" 404 1358 "http://dev.monogramonline.com/crawl?id_catalog=personalized-engraved-hammer-rw4254" "Mozilla/5.0 (Unknown; Linux x86_64) AppleWebKit/534.34 (KHTML, like Gecko) PhantomJS/1.9.8 Safari/534.34"
96.57.0.134 - - [27/May/2016:18:59:15 -0400] "GET /lib/yhst-128796189915726/optarroworder.gif HTTP/1.1" 404 1358 "http://dev.monogramonline.com/crawl?id_catalog=personalized-engraved-hammer-rw4254" "Mozilla/5.0 (Unknown; Linux x86_64) AppleWebKit/534.34 (KHTML, like Gecko) PhantomJS/1.9.8 Safari/534.34"
96.57.0.134 - - [27/May/2016:18:59:15 -0400] "GET /lib/yhst-128796189915726/cyc-shopping-bag.gif HTTP/1.1" 404 1358 "http://dev.monogramonline.com/crawl?id_catalog=personalized-engraved-hammer-rw4254" "Mozilla/5.0 (Unknown; Linux x86_64) AppleWebKit/534.34 (KHTML, like Gecko) PhantomJS/1.9.8 Safari/534.34"
96.57.0.134 - - [27/May/2016:18:59:15 -0400] "GET /lib/yhst-128796189915726/New-logo-homepage HTTP/1.1" 404 1358 "http://dev.monogramonline.com/crawl?id_catalog=personalized-engraved-hammer-rw4254" "Mozilla/5.0 (Unknown; Linux x86_64) AppleWebKit/534.34 (KHTML, like Gecko) PhantomJS/1.9.8 Safari/534.34"
96.57.0.134 - - [27/May/2016:18:59:15 -0400] "GET /lib/yhst-128796189915726/item-fb.png HTTP/1.1" 404 1358 "http://dev.monogramonline.com/crawl?id_catalog=personalized-engraved-hammer-rw4254" "Mozilla/5.0 (Unknown; Linux x86_64) AppleWebKit/534.34 (KHTML, like Gecko) PhantomJS/1.9.8 Safari/534.34"
96.57.0.130 - - [27/May/2016:18:59:14 -0400] "GET /orders/product_info?id_catalog=personalized-engraved-hammer-rw4254&sku=RW4254 HTTP/1.1" 200 3699 "http://dev.monogramonline.com/orders/manual" "Mozilla/5.0 (Windows NT 10.0; WOW64) AppleWebKit/537.36 (KHTML, like Gecko) Chrome/50.0.2661.102 Safari/537.36"
96.57.0.130 - - [27/May/2016:18:59:41 -0400] "POST /orders/manual HTTP/1.1" 500 25487 "http://dev.monogramonline.com/orders/manual" "Mozilla/5.0 (Windows NT 10.0; WOW64) AppleWebKit/537.36 (KHTML, like Gecko) Chrome/50.0.2661.102 Safari/537.36"
103.230.107.27 - - [27/May/2016:19:15:16 -0400] "POST /orders/yhst-128796189915726-AXl8Rc HTTP/1.1" 302 1644 "http://dev.monogramonline.com/orders/details/yhst-128796189915726-AXl8Rc" "Mozilla/5.0 (X11; Linux x86_64) AppleWebKit/537.36 (KHTML, like Gecko) Chrome/48.0.2564.71 Safari/537.36"
103.230.107.27 - - [27/May/2016:19:15:17 -0400] "GET /orders/details/yhst-128796189915726-AXl8Rc HTTP/1.1" 200 5140 "http://dev.monogramonline.com/orders/details/yhst-128796189915726-AXl8Rc" "Mozilla/5.0 (X11; Linux x86_64) AppleWebKit/537.36 (KHTML, like Gecko) Chrome/48.0.2564.71 Safari/537.36"
103.230.107.27 - - [27/May/2016:19:15:29 -0400] "POST /orders/yhst-128796189915726-AXl8Rc HTTP/1.1" 302 1646 "http://dev.monogramonline.com/orders/details/yhst-128796189915726-AXl8Rc" "Mozilla/5.0 (X11; Linux x86_64) AppleWebKit/537.36 (KHTML, like Gecko) Chrome/48.0.2564.71 Safari/537.36"
103.230.107.27 - - [27/May/2016:19:15:30 -0400] "GET /orders/details/yhst-128796189915726-AXl8Rc HTTP/1.1" 200 5125 "http://dev.monogramonline.com/orders/details/yhst-128796189915726-AXl8Rc" "Mozilla/5.0 (X11; Linux x86_64) AppleWebKit/537.36 (KHTML, like Gecko) Chrome/48.0.2564.71 Safari/537.36"
103.230.107.27 - - [27/May/2016:20:00:06 -0400] "POST /orders/manual HTTP/1.1" 500 13912 "http://monogramonline.dev/orders/manual" "Mozilla/5.0 (X11; Linux x86_64) AppleWebKit/537.36 (KHTML, like Gecko) Chrome/48.0.2564.71 Safari/537.36"
96.57.0.130 - - [27/May/2016:20:00:13 -0400] "GET /orders/manual HTTP/1.1" 200 5197 "-" "Mozilla/5.0 (Windows NT 10.0; WOW64) AppleWebKit/537.36 (KHTML, like Gecko) Chrome/50.0.2661.102 Safari/537.36"
96.57.0.130 - - [27/May/2016:20:00:13 -0400] "GET /assets/css/nprogress.css HTTP/1.1" 200 885 "http://dev.monogramonline.com/orders/manual" "Mozilla/5.0 (Windows NT 10.0; WOW64) AppleWebKit/537.36 (KHTML, like Gecko) Chrome/50.0.2661.102 Safari/537.36"
96.57.0.130 - - [27/May/2016:20:00:13 -0400] "GET /assets/js/nprogress.js HTTP/1.1" 200 4030 "http://dev.monogramonline.com/orders/manual" "Mozilla/5.0 (Windows NT 10.0; WOW64) AppleWebKit/537.36 (KHTML, like Gecko) Chrome/50.0.2661.102 Safari/537.36"
96.57.0.130 - - [27/May/2016:20:00:13 -0400] "GET /favicon.ico HTTP/1.1" 200 294 "http://dev.monogramonline.com/orders/manual" "Mozilla/5.0 (Windows NT 10.0; WOW64) AppleWebKit/537.36 (KHTML, like Gecko) Chrome/50.0.2661.102 Safari/537.36"
96.57.0.130 - - [27/May/2016:20:00:15 -0400] "GET /orders/manual HTTP/1.1" 200 5198 "-" "Mozilla/5.0 (Windows NT 10.0; WOW64) AppleWebKit/537.36 (KHTML, like Gecko) Chrome/50.0.2661.102 Safari/537.36"
96.57.0.130 - - [27/May/2016:20:00:16 -0400] "GET /assets/css/nprogress.css HTTP/1.1" 200 885 "http://dev.monogramonline.com/orders/manual" "Mozilla/5.0 (Windows NT 10.0; WOW64) AppleWebKit/537.36 (KHTML, like Gecko) Chrome/50.0.2661.102 Safari/537.36"
96.57.0.130 - - [27/May/2016:20:00:16 -0400] "GET /assets/js/nprogress.js HTTP/1.1" 200 4029 "http://dev.monogramonline.com/orders/manual" "Mozilla/5.0 (Windows NT 10.0; WOW64) AppleWebKit/537.36 (KHTML, like Gecko) Chrome/50.0.2661.102 Safari/537.36"
96.57.0.130 - - [27/May/2016:20:00:16 -0400] "GET /favicon.ico HTTP/1.1" 200 294 "http://dev.monogramonline.com/orders/manual" "Mozilla/5.0 (Windows NT 10.0; WOW64) AppleWebKit/537.36 (KHTML, like Gecko) Chrome/50.0.2661.102 Safari/537.36"
103.230.107.27 - - [27/May/2016:20:00:19 -0400] "GET /orders/manual HTTP/1.1" 200 5198 "-" "Mozilla/5.0 (X11; Linux x86_64) AppleWebKit/537.36 (KHTML, like Gecko) Chrome/48.0.2564.71 Safari/537.36"
103.230.107.27 - - [27/May/2016:20:00:21 -0400] "GET /assets/css/nprogress.css HTTP/1.1" 200 885 "http://dev.monogramonline.com/orders/manual" "Mozilla/5.0 (X11; Linux x86_64) AppleWebKit/537.36 (KHTML, like Gecko) Chrome/48.0.2564.71 Safari/537.36"
103.230.107.27 - - [27/May/2016:20:00:21 -0400] "GET /assets/js/nprogress.js HTTP/1.1" 200 4030 "http://dev.monogramonline.com/orders/manual" "Mozilla/5.0 (X11; Linux x86_64) AppleWebKit/537.36 (KHTML, like Gecko) Chrome/48.0.2564.71 Safari/537.36"
103.230.107.27 - - [27/May/2016:20:00:42 -0400] "POST /orders/manual HTTP/1.1" 302 1477 "http://monogramonline.dev/orders/manual" "Mozilla/5.0 (X11; Linux x86_64) AppleWebKit/537.36 (KHTML, like Gecko) Chrome/48.0.2564.71 Safari/537.36"
103.230.107.27 - - [27/May/2016:20:01:21 -0400] "GET /orders/list HTTP/1.1" 200 7000 "http://dev.monogramonline.com/orders/manual" "Mozilla/5.0 (X11; Linux x86_64) AppleWebKit/537.36 (KHTML, like Gecko) Chrome/48.0.2564.71 Safari/537.36"
103.230.107.27 - - [27/May/2016:20:01:28 -0400] "GET /orders/details/yhst-128796189915726-yYkfUz HTTP/1.1" 200 4993 "http://dev.monogramonline.com/orders/list" "Mozilla/5.0 (X11; Linux x86_64) AppleWebKit/537.36 (KHTML, like Gecko) Chrome/48.0.2564.71 Safari/537.36"
96.57.0.130 - - [27/May/2016:20:01:55 -0400] "GET /orders/ajax?sku=personalized-layered-acrylic-monogram-tassel-necklace-ra4218 HTTP/1.1" 200 1317 "http://dev.monogramonline.com/orders/manual" "Mozilla/5.0 (Windows NT 10.0; WOW64) AppleWebKit/537.36 (KHTML, like Gecko) Chrome/50.0.2661.102 Safari/537.36"
96.57.0.134 - - [27/May/2016:20:02:00 -0400] "GET /crawl?id_catalog=personalized-layered-acrylic-monogram-tassel-necklace-ra4218 HTTP/1.1" 200 2079 "-" "Mozilla/5.0 (Unknown; Linux x86_64) AppleWebKit/534.34 (KHTML, like Gecko) PhantomJS/1.9.8 Safari/534.34"
96.57.0.134 - - [27/May/2016:20:02:01 -0400] "GET /get_file_contents?url=http%3A%2F%2Fwww.monogramonline.com%2Fpersonalized-layered-acrylic-monogram-tassel-necklace-ra4218.html HTTP/1.1" 200 21606 "http://dev.monogramonline.com/crawl?id_catalog=personalized-layered-acrylic-monogram-tassel-necklace-ra4218" "Mozilla/5.0 (Unknown; Linux x86_64) AppleWebKit/534.34 (KHTML, like Gecko) PhantomJS/1.9.8 Safari/534.34"
96.57.0.130 - - [27/May/2016:20:02:00 -0400] "GET /orders/product_info?id_catalog=personalized-layered-acrylic-monogram-tassel-necklace-ra4218&sku=RA4218 HTTP/1.1" 200 5064 "http://dev.monogramonline.com/orders/manual" "Mozilla/5.0 (Windows NT 10.0; WOW64) AppleWebKit/537.36 (KHTML, like Gecko) Chrome/50.0.2661.102 Safari/537.36"
96.57.0.130 - - [27/May/2016:20:03:27 -0400] "GET /orders/ajax?sku=AS4097 HTTP/1.1" 200 1329 "http://dev.monogramonline.com/orders/manual" "Mozilla/5.0 (Windows NT 10.0; WOW64) AppleWebKit/537.36 (KHTML, like Gecko) Chrome/50.0.2661.102 Safari/537.36"
96.57.0.134 - - [27/May/2016:20:03:32 -0400] "GET /crawl?id_catalog=pewichba HTTP/1.1" 200 2049 "-" "Mozilla/5.0 (Unknown; Linux x86_64) AppleWebKit/534.34 (KHTML, like Gecko) PhantomJS/1.9.8 Safari/534.34"
96.57.0.134 - - [27/May/2016:20:03:33 -0400] "GET /get_file_contents?url=http%3A%2F%2Fwww.monogramonline.com%2Fpewichba.html HTTP/1.1" 500 23851 "http://dev.monogramonline.com/crawl?id_catalog=pewichba" "Mozilla/5.0 (Unknown; Linux x86_64) AppleWebKit/534.34 (KHTML, like Gecko) PhantomJS/1.9.8 Safari/534.34"
96.57.0.130 - - [27/May/2016:20:03:31 -0400] "GET /orders/product_info?id_catalog=pewichba&sku=AS4097 HTTP/1.1" 400 1053 "http://dev.monogramonline.com/orders/manual" "Mozilla/5.0 (Windows NT 10.0; WOW64) AppleWebKit/537.36 (KHTML, like Gecko) Chrome/50.0.2661.102 Safari/537.36"
96.57.0.134 - - [27/May/2016:20:03:45 -0400] "GET /crawl?id_catalog=pewichba HTTP/1.1" 200 2041 "-" "Mozilla/5.0 (Unknown; Linux x86_64) AppleWebKit/534.34 (KHTML, like Gecko) PhantomJS/1.9.8 Safari/534.34"
96.57.0.134 - - [27/May/2016:20:03:45 -0400] "GET /get_file_contents?url=http%3A%2F%2Fwww.monogramonline.com%2Fpewichba.html HTTP/1.1" 500 23851 "http://dev.monogramonline.com/crawl?id_catalog=pewichba" "Mozilla/5.0 (Unknown; Linux x86_64) AppleWebKit/534.34 (KHTML, like Gecko) PhantomJS/1.9.8 Safari/534.34"
96.57.0.130 - - [27/May/2016:20:03:44 -0400] "GET /orders/product_info?id_catalog=pewichba&sku=AS4097 HTTP/1.1" 400 1039 "http://dev.monogramonline.com/orders/manual" "Mozilla/5.0 (Windows NT 10.0; WOW64) AppleWebKit/537.36 (KHTML, like Gecko) Chrome/50.0.2661.102 Safari/537.36"
96.57.0.130 - - [27/May/2016:20:03:59 -0400] "GET /orders/ajax?sku=RW4254 HTTP/1.1" 200 1377 "http://dev.monogramonline.com/orders/manual" "Mozilla/5.0 (Windows NT 10.0; WOW64) AppleWebKit/537.36 (KHTML, like Gecko) Chrome/50.0.2661.102 Safari/537.36"
96.57.0.134 - - [27/May/2016:20:04:03 -0400] "GET /crawl?id_catalog=personalized-engraved-hammer-rw4254 HTTP/1.1" 200 2062 "-" "Mozilla/5.0 (Unknown; Linux x86_64) AppleWebKit/534.34 (KHTML, like Gecko) PhantomJS/1.9.8 Safari/534.34"
96.57.0.134 - - [27/May/2016:20:04:04 -0400] "GET /get_file_contents?url=http%3A%2F%2Fwww.monogramonline.com%2Fpersonalized-engraved-hammer-rw4254.html HTTP/1.1" 200 21140 "http://dev.monogramonline.com/crawl?id_catalog=personalized-engraved-hammer-rw4254" "Mozilla/5.0 (Unknown; Linux x86_64) AppleWebKit/534.34 (KHTML, like Gecko) PhantomJS/1.9.8 Safari/534.34"
96.57.0.134 - - [27/May/2016:20:04:04 -0400] "GET /lib/yhst-128796189915726/optarrow.gif HTTP/1.1" 404 1358 "http://dev.monogramonline.com/crawl?id_catalog=personalized-engraved-hammer-rw4254" "Mozilla/5.0 (Unknown; Linux x86_64) AppleWebKit/534.34 (KHTML, like Gecko) PhantomJS/1.9.8 Safari/534.34"
96.57.0.134 - - [27/May/2016:20:04:04 -0400] "GET /lib/yhst-128796189915726/item-tw.png HTTP/1.1" 404 1358 "http://dev.monogramonline.com/crawl?id_catalog=personalized-engraved-hammer-rw4254" "Mozilla/5.0 (Unknown; Linux x86_64) AppleWebKit/534.34 (KHTML, like Gecko) PhantomJS/1.9.8 Safari/534.34"
96.57.0.134 - - [27/May/2016:20:04:04 -0400] "GET /lib/yhst-128796189915726/cyc-shopping-bag.gif HTTP/1.1" 404 1358 "http://dev.monogramonline.com/crawl?id_catalog=personalized-engraved-hammer-rw4254" "Mozilla/5.0 (Unknown; Linux x86_64) AppleWebKit/534.34 (KHTML, like Gecko) PhantomJS/1.9.8 Safari/534.34"
96.57.0.134 - - [27/May/2016:20:04:04 -0400] "GET /lib/yhst-128796189915726/optarroworder.gif HTTP/1.1" 404 1358 "http://dev.monogramonline.com/crawl?id_catalog=personalized-engraved-hammer-rw4254" "Mozilla/5.0 (Unknown; Linux x86_64) AppleWebKit/534.34 (KHTML, like Gecko) PhantomJS/1.9.8 Safari/534.34"
96.57.0.134 - - [27/May/2016:20:04:04 -0400] "GET /lib/yhst-128796189915726/item-fb.png HTTP/1.1" 404 1358 "http://dev.monogramonline.com/crawl?id_catalog=personalized-engraved-hammer-rw4254" "Mozilla/5.0 (Unknown; Linux x86_64) AppleWebKit/534.34 (KHTML, like Gecko) PhantomJS/1.9.8 Safari/534.34"
96.57.0.134 - - [27/May/2016:20:04:04 -0400] "GET /lib/yhst-128796189915726/New-logo-homepage HTTP/1.1" 404 1358 "http://dev.monogramonline.com/crawl?id_catalog=personalized-engraved-hammer-rw4254" "Mozilla/5.0 (Unknown; Linux x86_64) AppleWebKit/534.34 (KHTML, like Gecko) PhantomJS/1.9.8 Safari/534.34"
96.57.0.130 - - [27/May/2016:20:04:03 -0400] "GET /orders/product_info?id_catalog=personalized-engraved-hammer-rw4254&sku=RW4254 HTTP/1.1" 200 3690 "http://dev.monogramonline.com/orders/manual" "Mozilla/5.0 (Windows NT 10.0; WOW64) AppleWebKit/537.36 (KHTML, like Gecko) Chrome/50.0.2661.102 Safari/537.36"
96.57.0.130 - - [27/May/2016:20:04:39 -0400] "POST /orders/manual HTTP/1.1" 302 1497 "http://dev.monogramonline.com/orders/manual" "Mozilla/5.0 (Windows NT 10.0; WOW64) AppleWebKit/537.36 (KHTML, like Gecko) Chrome/50.0.2661.102 Safari/537.36"
96.57.0.130 - - [27/May/2016:20:04:39 -0400] "GET /orders/manual HTTP/1.1" 200 5229 "http://dev.monogramonline.com/orders/manual" "Mozilla/5.0 (Windows NT 10.0; WOW64) AppleWebKit/537.36 (KHTML, like Gecko) Chrome/50.0.2661.102 Safari/537.36"
96.57.0.130 - - [27/May/2016:20:04:43 -0400] "GET /orders/list HTTP/1.1" 200 7018 "http://dev.monogramonline.com/orders/manual" "Mozilla/5.0 (Windows NT 10.0; WOW64) AppleWebKit/537.36 (KHTML, like Gecko) Chrome/50.0.2661.102 Safari/537.36"
96.57.0.130 - - [27/May/2016:20:04:54 -0400] "GET /orders/details/yhst-128796189915726-U0OQHZ HTTP/1.1" 200 5100 "http://dev.monogramonline.com/orders/list" "Mozilla/5.0 (Windows NT 10.0; WOW64) AppleWebKit/537.36 (KHTML, like Gecko) Chrome/50.0.2661.102 Safari/537.36"
96.57.0.130 - - [27/May/2016:20:07:37 -0400] "GET / HTTP/1.1" 200 2298 "http://dev.monogramonline.com/orders/list" "Mozilla/5.0 (Windows NT 10.0; WOW64) AppleWebKit/537.36 (KHTML, like Gecko) Chrome/50.0.2661.102 Safari/537.36"
96.57.0.130 - - [27/May/2016:20:07:41 -0400] "GET /orders/manual HTTP/1.1" 200 5194 "http://dev.monogramonline.com/" "Mozilla/5.0 (Windows NT 10.0; WOW64) AppleWebKit/537.36 (KHTML, like Gecko) Chrome/50.0.2661.102 Safari/537.36"
96.57.0.130 - - [27/May/2016:20:08:49 -0400] "GET /orders/list HTTP/1.1" 200 7036 "http://dev.monogramonline.com/orders/manual" "Mozilla/5.0 (Windows NT 10.0; WOW64) AppleWebKit/537.36 (KHTML, like Gecko) Chrome/50.0.2661.102 Safari/537.36"
96.57.0.130 - - [27/May/2016:20:08:54 -0400] "GET / HTTP/1.1" 200 2297 "http://dev.monogramonline.com/orders/list" "Mozilla/5.0 (Windows NT 10.0; WOW64) AppleWebKit/537.36 (KHTML, like Gecko) Chrome/50.0.2661.102 Safari/537.36"
96.57.0.130 - - [27/May/2016:20:08:57 -0400] "GET /items/grouped HTTP/1.1" 200 7884 "http://dev.monogramonline.com/" "Mozilla/5.0 (Windows NT 10.0; WOW64) AppleWebKit/537.36 (KHTML, like Gecko) Chrome/50.0.2661.102 Safari/537.36"
96.57.0.130 - - [27/May/2016:20:08:58 -0400] "GET /assets/images/spacer.gif HTTP/1.1" 200 324 "http://dev.monogramonline.com/items/grouped" "Mozilla/5.0 (Windows NT 10.0; WOW64) AppleWebKit/537.36 (KHTML, like Gecko) Chrome/50.0.2661.102 Safari/537.36"
96.57.0.130 - - [27/May/2016:20:09:33 -0400] "GET /orders/manual HTTP/1.1" 200 5195 "http://dev.monogramonline.com/" "Mozilla/5.0 (Windows NT 10.0; WOW64) AppleWebKit/537.36 (KHTML, like Gecko) Chrome/50.0.2661.102 Safari/537.36"
103.230.107.27 - - [27/May/2016:20:11:15 -0400] "GET /orders/manual HTTP/1.1" 200 5201 "-" "Mozilla/5.0 (X11; Linux x86_64) AppleWebKit/537.36 (KHTML, like Gecko) Chrome/48.0.2564.71 Safari/537.36"
103.230.107.27 - - [27/May/2016:20:12:19 -0400] "GET /orders/manual HTTP/1.1" 200 5204 "-" "Mozilla/5.0 (X11; Linux x86_64) AppleWebKit/537.36 (KHTML, like Gecko) Chrome/48.0.2564.71 Safari/537.36"
96.57.0.130 - - [27/May/2016:20:12:35 -0400] "GET /orders/manual HTTP/1.1" 200 5203 "http://dev.monogramonline.com/" "Mozilla/5.0 (Windows NT 10.0; WOW64) AppleWebKit/537.36 (KHTML, like Gecko) Chrome/50.0.2661.102 Safari/537.36"
96.57.0.130 - - [27/May/2016:20:12:35 -0400] "GET /assets/css/nprogress.css HTTP/1.1" 200 885 "http://dev.monogramonline.com/orders/manual" "Mozilla/5.0 (Windows NT 10.0; WOW64) AppleWebKit/537.36 (KHTML, like Gecko) Chrome/50.0.2661.102 Safari/537.36"
96.57.0.130 - - [27/May/2016:20:12:35 -0400] "GET /assets/js/nprogress.js HTTP/1.1" 200 4030 "http://dev.monogramonline.com/orders/manual" "Mozilla/5.0 (Windows NT 10.0; WOW64) AppleWebKit/537.36 (KHTML, like Gecko) Chrome/50.0.2661.102 Safari/537.36"
96.57.0.130 - - [27/May/2016:20:12:36 -0400] "GET /favicon.ico HTTP/1.1" 200 294 "http://dev.monogramonline.com/orders/manual" "Mozilla/5.0 (Windows NT 10.0; WOW64) AppleWebKit/537.36 (KHTML, like Gecko) Chrome/50.0.2661.102 Safari/537.36"
96.57.0.130 - - [27/May/2016:21:23:39 -0400] "GET /favicon.ico HTTP/1.1" 304 178 "http://dev.monogramonline.com/" "Mozilla/5.0 (Windows NT 10.0; WOW64) AppleWebKit/537.36 (KHTML, like Gecko) Chrome/50.0.2661.102 Safari/537.36"
96.57.0.130 - - [27/May/2016:21:31:32 -0400] "GET /orders/manual HTTP/1.1" 200 5203 "http://dev.monogramonline.com/" "Mozilla/5.0 (Windows NT 10.0; WOW64) AppleWebKit/537.36 (KHTML, like Gecko) Chrome/50.0.2661.102 Safari/537.36"
96.57.0.130 - - [27/May/2016:21:31:32 -0400] "GET /assets/css/nprogress.css HTTP/1.1" 200 885 "http://dev.monogramonline.com/orders/manual" "Mozilla/5.0 (Windows NT 10.0; WOW64) AppleWebKit/537.36 (KHTML, like Gecko) Chrome/50.0.2661.102 Safari/537.36"
96.57.0.130 - - [27/May/2016:21:31:32 -0400] "GET /assets/js/nprogress.js HTTP/1.1" 200 4030 "http://dev.monogramonline.com/orders/manual" "Mozilla/5.0 (Windows NT 10.0; WOW64) AppleWebKit/537.36 (KHTML, like Gecko) Chrome/50.0.2661.102 Safari/537.36"
96.57.0.130 - - [27/May/2016:21:34:03 -0400] "GET /orders/ajax?sku=AS4097 HTTP/1.1" 200 1333 "http://dev.monogramonline.com/orders/manual" "Mozilla/5.0 (Windows NT 10.0; WOW64) AppleWebKit/537.36 (KHTML, like Gecko) Chrome/50.0.2661.102 Safari/537.36"
96.57.0.130 - - [27/May/2016:21:34:11 -0400] "GET /orders/ajax?sku=SB4163 HTTP/1.1" 200 1349 "http://dev.monogramonline.com/orders/manual" "Mozilla/5.0 (Windows NT 10.0; WOW64) AppleWebKit/537.36 (KHTML, like Gecko) Chrome/50.0.2661.102 Safari/537.36"
96.57.0.130 - - [27/May/2016:21:34:17 -0400] "GET /orders/ajax?sku=RW4254 HTTP/1.1" 200 1373 "http://dev.monogramonline.com/orders/manual" "Mozilla/5.0 (Windows NT 10.0; WOW64) AppleWebKit/537.36 (KHTML, like Gecko) Chrome/50.0.2661.102 Safari/537.36"
96.57.0.134 - - [27/May/2016:21:35:48 -0400] "GET /crawl?id_catalog=personalized-engraved-hammer-rw4254 HTTP/1.1" 200 2062 "-" "Mozilla/5.0 (Unknown; Linux x86_64) AppleWebKit/534.34 (KHTML, like Gecko) PhantomJS/1.9.8 Safari/534.34"
96.57.0.134 - - [27/May/2016:21:35:48 -0400] "GET /get_file_contents?url=http%3A%2F%2Fwww.monogramonline.com%2Fpersonalized-engraved-hammer-rw4254.html HTTP/1.1" 200 21148 "http://dev.monogramonline.com/crawl?id_catalog=personalized-engraved-hammer-rw4254" "Mozilla/5.0 (Unknown; Linux x86_64) AppleWebKit/534.34 (KHTML, like Gecko) PhantomJS/1.9.8 Safari/534.34"
96.57.0.134 - - [27/May/2016:21:35:48 -0400] "GET /lib/yhst-128796189915726/optarrow.gif HTTP/1.1" 404 1358 "http://dev.monogramonline.com/crawl?id_catalog=personalized-engraved-hammer-rw4254" "Mozilla/5.0 (Unknown; Linux x86_64) AppleWebKit/534.34 (KHTML, like Gecko) PhantomJS/1.9.8 Safari/534.34"
96.57.0.134 - - [27/May/2016:21:35:48 -0400] "GET /lib/yhst-128796189915726/optarroworder.gif HTTP/1.1" 404 1358 "http://dev.monogramonline.com/crawl?id_catalog=personalized-engraved-hammer-rw4254" "Mozilla/5.0 (Unknown; Linux x86_64) AppleWebKit/534.34 (KHTML, like Gecko) PhantomJS/1.9.8 Safari/534.34"
96.57.0.134 - - [27/May/2016:21:35:48 -0400] "GET /lib/yhst-128796189915726/cyc-shopping-bag.gif HTTP/1.1" 404 1358 "http://dev.monogramonline.com/crawl?id_catalog=personalized-engraved-hammer-rw4254" "Mozilla/5.0 (Unknown; Linux x86_64) AppleWebKit/534.34 (KHTML, like Gecko) PhantomJS/1.9.8 Safari/534.34"
96.57.0.134 - - [27/May/2016:21:35:48 -0400] "GET /lib/yhst-128796189915726/item-fb.png HTTP/1.1" 404 1358 "http://dev.monogramonline.com/crawl?id_catalog=personalized-engraved-hammer-rw4254" "Mozilla/5.0 (Unknown; Linux x86_64) AppleWebKit/534.34 (KHTML, like Gecko) PhantomJS/1.9.8 Safari/534.34"
96.57.0.134 - - [27/May/2016:21:35:48 -0400] "GET /lib/yhst-128796189915726/New-logo-homepage HTTP/1.1" 404 1358 "http://dev.monogramonline.com/crawl?id_catalog=personalized-engraved-hammer-rw4254" "Mozilla/5.0 (Unknown; Linux x86_64) AppleWebKit/534.34 (KHTML, like Gecko) PhantomJS/1.9.8 Safari/534.34"
96.57.0.134 - - [27/May/2016:21:35:48 -0400] "GET /lib/yhst-128796189915726/item-tw.png HTTP/1.1" 404 1358 "http://dev.monogramonline.com/crawl?id_catalog=personalized-engraved-hammer-rw4254" "Mozilla/5.0 (Unknown; Linux x86_64) AppleWebKit/534.34 (KHTML, like Gecko) PhantomJS/1.9.8 Safari/534.34"
96.57.0.130 - - [27/May/2016:21:35:47 -0400] "GET /orders/product_info?id_catalog=personalized-engraved-hammer-rw4254&sku=RW4254 HTTP/1.1" 200 3695 "http://dev.monogramonline.com/orders/manual" "Mozilla/5.0 (Windows NT 10.0; WOW64) AppleWebKit/537.36 (KHTML, like Gecko) Chrome/50.0.2661.102 Safari/537.36"
96.57.0.130 - - [27/May/2016:21:37:59 -0400] "GET /orders/list HTTP/1.1" 200 6901 "http://dev.monogramonline.com/orders/manual" "Mozilla/5.0 (Windows NT 10.0; WOW64) AppleWebKit/537.36 (KHTML, like Gecko) Chrome/50.0.2661.102 Safari/537.36"
96.57.0.130 - - [27/May/2016:21:40:09 -0400] "GET /orders/ajax?sku=RW4254 HTTP/1.1" 200 1377 "http://dev.monogramonline.com/orders/manual" "Mozilla/5.0 (Windows NT 10.0; WOW64) AppleWebKit/537.36 (KHTML, like Gecko) Chrome/50.0.2661.102 Safari/537.36"
96.57.0.130 - - [27/May/2016:21:40:21 -0400] "POST /orders/manual HTTP/1.1" 500 25487 "http://dev.monogramonline.com/orders/manual" "Mozilla/5.0 (Windows NT 10.0; WOW64) AppleWebKit/537.36 (KHTML, like Gecko) Chrome/50.0.2661.102 Safari/537.36"
96.57.0.130 - - [27/May/2016:21:40:36 -0400] "GET /orders/ajax?sku=RW4254 HTTP/1.1" 200 1375 "http://dev.monogramonline.com/orders/manual" "Mozilla/5.0 (Windows NT 10.0; WOW64) AppleWebKit/537.36 (KHTML, like Gecko) Chrome/50.0.2661.102 Safari/537.36"
96.57.0.134 - - [27/May/2016:21:40:39 -0400] "GET /crawl?id_catalog=personalized-engraved-hammer-rw4254 HTTP/1.1" 200 2058 "-" "Mozilla/5.0 (Unknown; Linux x86_64) AppleWebKit/534.34 (KHTML, like Gecko) PhantomJS/1.9.8 Safari/534.34"
96.57.0.134 - - [27/May/2016:21:40:40 -0400] "GET /get_file_contents?url=http%3A%2F%2Fwww.monogramonline.com%2Fpersonalized-engraved-hammer-rw4254.html HTTP/1.1" 200 21151 "http://dev.monogramonline.com/crawl?id_catalog=personalized-engraved-hammer-rw4254" "Mozilla/5.0 (Unknown; Linux x86_64) AppleWebKit/534.34 (KHTML, like Gecko) PhantomJS/1.9.8 Safari/534.34"
96.57.0.134 - - [27/May/2016:21:40:40 -0400] "GET /lib/yhst-128796189915726/optarrow.gif HTTP/1.1" 404 1358 "http://dev.monogramonline.com/crawl?id_catalog=personalized-engraved-hammer-rw4254" "Mozilla/5.0 (Unknown; Linux x86_64) AppleWebKit/534.34 (KHTML, like Gecko) PhantomJS/1.9.8 Safari/534.34"
96.57.0.134 - - [27/May/2016:21:40:40 -0400] "GET /lib/yhst-128796189915726/item-fb.png HTTP/1.1" 404 1358 "http://dev.monogramonline.com/crawl?id_catalog=personalized-engraved-hammer-rw4254" "Mozilla/5.0 (Unknown; Linux x86_64) AppleWebKit/534.34 (KHTML, like Gecko) PhantomJS/1.9.8 Safari/534.34"
96.57.0.134 - - [27/May/2016:21:40:40 -0400] "GET /lib/yhst-128796189915726/item-tw.png HTTP/1.1" 404 1358 "http://dev.monogramonline.com/crawl?id_catalog=personalized-engraved-hammer-rw4254" "Mozilla/5.0 (Unknown; Linux x86_64) AppleWebKit/534.34 (KHTML, like Gecko) PhantomJS/1.9.8 Safari/534.34"
96.57.0.134 - - [27/May/2016:21:40:40 -0400] "GET /lib/yhst-128796189915726/New-logo-homepage HTTP/1.1" 404 1358 "http://dev.monogramonline.com/crawl?id_catalog=personalized-engraved-hammer-rw4254" "Mozilla/5.0 (Unknown; Linux x86_64) AppleWebKit/534.34 (KHTML, like Gecko) PhantomJS/1.9.8 Safari/534.34"
96.57.0.134 - - [27/May/2016:21:40:40 -0400] "GET /lib/yhst-128796189915726/optarroworder.gif HTTP/1.1" 404 1358 "http://dev.monogramonline.com/crawl?id_catalog=personalized-engraved-hammer-rw4254" "Mozilla/5.0 (Unknown; Linux x86_64) AppleWebKit/534.34 (KHTML, like Gecko) PhantomJS/1.9.8 Safari/534.34"
96.57.0.134 - - [27/May/2016:21:40:40 -0400] "GET /lib/yhst-128796189915726/cyc-shopping-bag.gif HTTP/1.1" 404 1358 "http://dev.monogramonline.com/crawl?id_catalog=personalized-engraved-hammer-rw4254" "Mozilla/5.0 (Unknown; Linux x86_64) AppleWebKit/534.34 (KHTML, like Gecko) PhantomJS/1.9.8 Safari/534.34"
96.57.0.130 - - [27/May/2016:21:40:39 -0400] "GET /orders/product_info?id_catalog=personalized-engraved-hammer-rw4254&sku=RW4254 HTTP/1.1" 200 3698 "http://dev.monogramonline.com/orders/manual" "Mozilla/5.0 (Windows NT 10.0; WOW64) AppleWebKit/537.36 (KHTML, like Gecko) Chrome/50.0.2661.102 Safari/537.36"
96.57.0.130 - - [27/May/2016:21:41:03 -0400] "POST /orders/manual HTTP/1.1" 302 1501 "http://dev.monogramonline.com/orders/manual" "Mozilla/5.0 (Windows NT 10.0; WOW64) AppleWebKit/537.36 (KHTML, like Gecko) Chrome/50.0.2661.102 Safari/537.36"
96.57.0.130 - - [27/May/2016:21:41:03 -0400] "GET /orders/manual HTTP/1.1" 200 5238 "http://dev.monogramonline.com/orders/manual" "Mozilla/5.0 (Windows NT 10.0; WOW64) AppleWebKit/537.36 (KHTML, like Gecko) Chrome/50.0.2661.102 Safari/537.36"
96.57.0.130 - - [27/May/2016:21:41:06 -0400] "GET /orders/list HTTP/1.1" 200 6956 "http://dev.monogramonline.com/orders/manual" "Mozilla/5.0 (Windows NT 10.0; WOW64) AppleWebKit/537.36 (KHTML, like Gecko) Chrome/50.0.2661.102 Safari/537.36"
96.57.0.130 - - [27/May/2016:21:41:39 -0400] "GET /orders/details/yhst-128796189915726-Vgt09V HTTP/1.1" 200 4971 "http://dev.monogramonline.com/orders/list" "Mozilla/5.0 (Windows NT 10.0; WOW64) AppleWebKit/537.36 (KHTML, like Gecko) Chrome/50.0.2661.102 Safari/537.36"
96.57.0.130 - - [27/May/2016:21:42:04 -0400] "GET /orders/details/yhst-128796189915726-Vgt09V HTTP/1.1" 200 4967 "http://dev.monogramonline.com/orders/list" "Mozilla/5.0 (Windows NT 10.0; WOW64) AppleWebKit/537.36 (KHTML, like Gecko) Chrome/50.0.2661.102 Safari/537.36"
96.57.0.130 - - [27/May/2016:22:49:09 -0400] "GET / HTTP/1.1" 200 2298 "-" "Mozilla/5.0 (Windows NT 10.0; WOW64) AppleWebKit/537.36 (KHTML, like Gecko) Chrome/50.0.2661.102 Safari/537.36"
96.57.0.130 - - [27/May/2016:22:49:12 -0400] "GET /favicon.ico HTTP/1.1" 304 177 "http://dev.monogramonline.com/" "Mozilla/5.0 (Windows NT 10.0; WOW64) AppleWebKit/537.36 (KHTML, like Gecko) Chrome/50.0.2661.102 Safari/537.36"
96.57.0.130 - - [27/May/2016:22:49:16 -0400] "GET /orders/manual HTTP/1.1" 200 5206 "http://dev.monogramonline.com/" "Mozilla/5.0 (Windows NT 10.0; WOW64) AppleWebKit/537.36 (KHTML, like Gecko) Chrome/50.0.2661.102 Safari/537.36"
96.57.0.130 - - [27/May/2016:22:49:17 -0400] "GET /assets/css/nprogress.css HTTP/1.1" 200 885 "http://dev.monogramonline.com/orders/manual" "Mozilla/5.0 (Windows NT 10.0; WOW64) AppleWebKit/537.36 (KHTML, like Gecko) Chrome/50.0.2661.102 Safari/537.36"
96.57.0.130 - - [27/May/2016:22:49:17 -0400] "GET /assets/js/nprogress.js HTTP/1.1" 200 4030 "http://dev.monogramonline.com/orders/manual" "Mozilla/5.0 (Windows NT 10.0; WOW64) AppleWebKit/537.36 (KHTML, like Gecko) Chrome/50.0.2661.102 Safari/537.36"
107.77.70.51 - - [28/May/2016:06:39:20 -0400] "GET / HTTP/1.1" 302 1484 "-" "Mozilla/5.0 (iPhone; CPU iPhone OS 9_2_1 like Mac OS X) AppleWebKit/601.1.46 (KHTML, like Gecko) Version/9.0 Mobile/13D15 Safari/601.1"
107.77.70.51 - - [28/May/2016:06:39:20 -0400] "GET /auth/login HTTP/1.1" 200 1715 "-" "Mozilla/5.0 (iPhone; CPU iPhone OS 9_2_1 like Mac OS X) AppleWebKit/601.1.46 (KHTML, like Gecko) Version/9.0 Mobile/13D15 Safari/601.1"
107.77.70.51 - - [28/May/2016:06:39:20 -0400] "GET /assets/css/signin.css HTTP/1.1" 200 663 "http://dev.monogramonline.com/auth/login" "Mozilla/5.0 (iPhone; CPU iPhone OS 9_2_1 like Mac OS X) AppleWebKit/601.1.46 (KHTML, like Gecko) Version/9.0 Mobile/13D15 Safari/601.1"
107.77.70.51 - - [28/May/2016:06:39:34 -0400] "POST /login HTTP/1.1" 302 1865 "http://dev.monogramonline.com/auth/login" "Mozilla/5.0 (iPhone; CPU iPhone OS 9_2_1 like Mac OS X) AppleWebKit/601.1.46 (KHTML, like Gecko) Version/9.0 Mobile/13D15 Safari/601.1"
107.77.70.51 - - [28/May/2016:06:39:35 -0400] "GET / HTTP/1.1" 200 2303 "http://dev.monogramonline.com/auth/login" "Mozilla/5.0 (iPhone; CPU iPhone OS 9_2_1 like Mac OS X) AppleWebKit/601.1.46 (KHTML, like Gecko) Version/9.0 Mobile/13D15 Safari/601.1"
107.77.70.51 - - [28/May/2016:06:40:05 -0400] "GET /orders/manual HTTP/1.1" 200 5201 "http://dev.monogramonline.com/" "Mozilla/5.0 (iPhone; CPU iPhone OS 9_2_1 like Mac OS X) AppleWebKit/601.1.46 (KHTML, like Gecko) Version/9.0 Mobile/13D15 Safari/601.1"
107.77.70.51 - - [28/May/2016:06:40:05 -0400] "GET /assets/css/nprogress.css HTTP/1.1" 200 885 "http://dev.monogramonline.com/orders/manual" "Mozilla/5.0 (iPhone; CPU iPhone OS 9_2_1 like Mac OS X) AppleWebKit/601.1.46 (KHTML, like Gecko) Version/9.0 Mobile/13D15 Safari/601.1"
107.77.70.51 - - [28/May/2016:06:40:05 -0400] "GET /assets/js/nprogress.js HTTP/1.1" 200 4030 "http://dev.monogramonline.com/orders/manual" "Mozilla/5.0 (iPhone; CPU iPhone OS 9_2_1 like Mac OS X) AppleWebKit/601.1.46 (KHTML, like Gecko) Version/9.0 Mobile/13D15 Safari/601.1"
107.77.70.51 - - [28/May/2016:06:41:28 -0400] "GET /orders/ajax?sku=Rw4254 HTTP/1.1" 200 1375 "http://dev.monogramonline.com/orders/manual" "Mozilla/5.0 (iPhone; CPU iPhone OS 9_2_1 like Mac OS X) AppleWebKit/601.1.46 (KHTML, like Gecko) Version/9.0 Mobile/13D15 Safari/601.1"
107.77.70.51 - - [28/May/2016:06:42:07 -0400] "GET /orders/ajax?sku=Rw4254 HTTP/1.1" 200 1377 "http://dev.monogramonline.com/orders/manual" "Mozilla/5.0 (iPhone; CPU iPhone OS 9_2_1 like Mac OS X) AppleWebKit/601.1.46 (KHTML, like Gecko) Version/9.0 Mobile/13D15 Safari/601.1"
96.57.0.134 - - [28/May/2016:06:42:13 -0400] "GET /crawl?id_catalog=personalized-engraved-hammer-rw4254 HTTP/1.1" 200 2070 "-" "Mozilla/5.0 (Unknown; Linux x86_64) AppleWebKit/534.34 (KHTML, like Gecko) PhantomJS/1.9.8 Safari/534.34"
96.57.0.134 - - [28/May/2016:06:42:13 -0400] "GET /get_file_contents?url=http%3A%2F%2Fwww.monogramonline.com%2Fpersonalized-engraved-hammer-rw4254.html HTTP/1.1" 200 21146 "http://dev.monogramonline.com/crawl?id_catalog=personalized-engraved-hammer-rw4254" "Mozilla/5.0 (Unknown; Linux x86_64) AppleWebKit/534.34 (KHTML, like Gecko) PhantomJS/1.9.8 Safari/534.34"
96.57.0.134 - - [28/May/2016:06:42:13 -0400] "GET /lib/yhst-128796189915726/optarrow.gif HTTP/1.1" 404 1358 "http://dev.monogramonline.com/crawl?id_catalog=personalized-engraved-hammer-rw4254" "Mozilla/5.0 (Unknown; Linux x86_64) AppleWebKit/534.34 (KHTML, like Gecko) PhantomJS/1.9.8 Safari/534.34"
96.57.0.134 - - [28/May/2016:06:42:13 -0400] "GET /lib/yhst-128796189915726/optarroworder.gif HTTP/1.1" 404 1358 "http://dev.monogramonline.com/crawl?id_catalog=personalized-engraved-hammer-rw4254" "Mozilla/5.0 (Unknown; Linux x86_64) AppleWebKit/534.34 (KHTML, like Gecko) PhantomJS/1.9.8 Safari/534.34"
96.57.0.134 - - [28/May/2016:06:42:13 -0400] "GET /lib/yhst-128796189915726/cyc-shopping-bag.gif HTTP/1.1" 404 1358 "http://dev.monogramonline.com/crawl?id_catalog=personalized-engraved-hammer-rw4254" "Mozilla/5.0 (Unknown; Linux x86_64) AppleWebKit/534.34 (KHTML, like Gecko) PhantomJS/1.9.8 Safari/534.34"
96.57.0.134 - - [28/May/2016:06:42:13 -0400] "GET /lib/yhst-128796189915726/item-fb.png HTTP/1.1" 404 1358 "http://dev.monogramonline.com/crawl?id_catalog=personalized-engraved-hammer-rw4254" "Mozilla/5.0 (Unknown; Linux x86_64) AppleWebKit/534.34 (KHTML, like Gecko) PhantomJS/1.9.8 Safari/534.34"
96.57.0.134 - - [28/May/2016:06:42:13 -0400] "GET /lib/yhst-128796189915726/New-logo-homepage HTTP/1.1" 404 1358 "http://dev.monogramonline.com/crawl?id_catalog=personalized-engraved-hammer-rw4254" "Mozilla/5.0 (Unknown; Linux x86_64) AppleWebKit/534.34 (KHTML, like Gecko) PhantomJS/1.9.8 Safari/534.34"
96.57.0.134 - - [28/May/2016:06:42:13 -0400] "GET /lib/yhst-128796189915726/item-tw.png HTTP/1.1" 404 1358 "http://dev.monogramonline.com/crawl?id_catalog=personalized-engraved-hammer-rw4254" "Mozilla/5.0 (Unknown; Linux x86_64) AppleWebKit/534.34 (KHTML, like Gecko) PhantomJS/1.9.8 Safari/534.34"
107.77.70.51 - - [28/May/2016:06:42:12 -0400] "GET /orders/product_info?id_catalog=personalized-engraved-hammer-rw4254&sku=RW4254 HTTP/1.1" 200 3695 "http://dev.monogramonline.com/orders/manual" "Mozilla/5.0 (iPhone; CPU iPhone OS 9_2_1 like Mac OS X) AppleWebKit/601.1.46 (KHTML, like Gecko) Version/9.0 Mobile/13D15 Safari/601.1"
107.77.70.51 - - [28/May/2016:06:43:06 -0400] "POST /orders/manual HTTP/1.1" 302 1509 "http://dev.monogramonline.com/orders/manual" "Mozilla/5.0 (iPhone; CPU iPhone OS 9_2_1 like Mac OS X) AppleWebKit/601.1.46 (KHTML, like Gecko) Version/9.0 Mobile/13D15 Safari/601.1"
107.77.70.51 - - [28/May/2016:06:43:06 -0400] "GET /orders/manual HTTP/1.1" 200 5242 "http://dev.monogramonline.com/orders/manual" "Mozilla/5.0 (iPhone; CPU iPhone OS 9_2_1 like Mac OS X) AppleWebKit/601.1.46 (KHTML, like Gecko) Version/9.0 Mobile/13D15 Safari/601.1"
107.77.70.51 - - [28/May/2016:06:43:12 -0400] "GET / HTTP/1.1" 200 2296 "http://dev.monogramonline.com/orders/manual" "Mozilla/5.0 (iPhone; CPU iPhone OS 9_2_1 like Mac OS X) AppleWebKit/601.1.46 (KHTML, like Gecko) Version/9.0 Mobile/13D15 Safari/601.1"
107.77.70.51 - - [28/May/2016:06:43:16 -0400] "GET /orders/list HTTP/1.1" 200 7018 "http://dev.monogramonline.com/" "Mozilla/5.0 (iPhone; CPU iPhone OS 9_2_1 like Mac OS X) AppleWebKit/601.1.46 (KHTML, like Gecko) Version/9.0 Mobile/13D15 Safari/601.1"
81.177.58.229 - - [28/May/2016:14:11:56 -0400] "GET /.git/config HTTP/1.0" 404 1358 "http://dev.monogramonline.com/.git/config" "Mozilla/4.0 (compatible; MSIE 6.0; Windows 98; Win 9x 4.90)"
103.230.104.27 - - [28/May/2016:14:21:52 -0400] "GET /items HTTP/1.1" 200 7690 "-" "Mozilla/5.0 (X11; Linux x86_64) AppleWebKit/537.36 (KHTML, like Gecko) Chrome/48.0.2564.71 Safari/537.36"
103.230.104.27 - - [28/May/2016:14:21:55 -0400] "GET /favicon.ico HTTP/1.1" 200 294 "http://dev.monogramonline.com/items" "Mozilla/5.0 (X11; Linux x86_64) AppleWebKit/537.36 (KHTML, like Gecko) Chrome/48.0.2564.71 Safari/537.36"
103.230.104.27 - - [28/May/2016:14:41:54 -0400] "GET / HTTP/1.1" 200 2304 "-" "Mozilla/5.0 (X11; Linux x86_64) AppleWebKit/537.36 (KHTML, like Gecko) Chrome/48.0.2564.71 Safari/537.36"
103.230.104.27 - - [28/May/2016:14:43:43 -0400] "GET / HTTP/1.1" 500 24052 "-" "Mozilla/5.0 (X11; Linux x86_64) AppleWebKit/537.36 (KHTML, like Gecko) Chrome/48.0.2564.71 Safari/537.36"
103.230.104.27 - - [28/May/2016:14:43:45 -0400] "GET /favicon.ico HTTP/1.1" 200 295 "http://dev.monogramonline.com/" "Mozilla/5.0 (X11; Linux x86_64) AppleWebKit/537.36 (KHTML, like Gecko) Chrome/48.0.2564.71 Safari/537.36"
103.230.104.27 - - [28/May/2016:14:43:53 -0400] "GET / HTTP/1.1" 200 2296 "-" "Mozilla/5.0 (X11; Linux x86_64) AppleWebKit/537.36 (KHTML, like Gecko) Chrome/48.0.2564.71 Safari/537.36"
103.230.104.27 - - [28/May/2016:14:43:54 -0400] "GET /favicon.ico HTTP/1.1" 200 294 "http://dev.monogramonline.com/" "Mozilla/5.0 (X11; Linux x86_64) AppleWebKit/537.36 (KHTML, like Gecko) Chrome/48.0.2564.71 Safari/537.36"
103.230.104.27 - - [28/May/2016:14:47:40 -0400] "GET /items HTTP/1.1" 200 7798 "-" "Mozilla/5.0 (X11; Linux x86_64) AppleWebKit/537.36 (KHTML, like Gecko) Chrome/48.0.2564.71 Safari/537.36"
103.230.104.27 - - [28/May/2016:14:47:47 -0400] "GET /favicon.ico HTTP/1.1" 200 295 "http://dev.monogramonline.com/items" "Mozilla/5.0 (X11; Linux x86_64) AppleWebKit/537.36 (KHTML, like Gecko) Chrome/48.0.2564.71 Safari/537.36"
103.230.104.27 - - [28/May/2016:16:06:34 -0400] "GET /items HTTP/1.1" 200 7800 "-" "Mozilla/5.0 (X11; Linux x86_64) AppleWebKit/537.36 (KHTML, like Gecko) Chrome/48.0.2564.71 Safari/537.36"
103.230.104.27 - - [28/May/2016:16:06:43 -0400] "GET //orders/manual HTTP/1.1" 200 5206 "-" "Mozilla/5.0 (X11; Linux x86_64) AppleWebKit/537.36 (KHTML, like Gecko) Chrome/48.0.2564.71 Safari/537.36"
103.230.104.27 - - [28/May/2016:16:06:45 -0400] "GET /assets/css/nprogress.css HTTP/1.1" 200 885 "http://dev.monogramonline.com//orders/manual" "Mozilla/5.0 (X11; Linux x86_64) AppleWebKit/537.36 (KHTML, like Gecko) Chrome/48.0.2564.71 Safari/537.36"
103.230.104.27 - - [28/May/2016:16:06:45 -0400] "GET /assets/js/nprogress.js HTTP/1.1" 200 4029 "http://dev.monogramonline.com//orders/manual" "Mozilla/5.0 (X11; Linux x86_64) AppleWebKit/537.36 (KHTML, like Gecko) Chrome/48.0.2564.71 Safari/537.36"
103.230.104.27 - - [28/May/2016:16:06:47 -0400] "POST /orders/manual HTTP/1.1" 302 1507 "http://dev.monogramonline.com//orders/manual" "Mozilla/5.0 (X11; Linux x86_64) AppleWebKit/537.36 (KHTML, like Gecko) Chrome/48.0.2564.71 Safari/537.36"
103.230.104.27 - - [28/May/2016:16:06:47 -0400] "GET //orders/manual HTTP/1.1" 200 5301 "http://dev.monogramonline.com//orders/manual" "Mozilla/5.0 (X11; Linux x86_64) AppleWebKit/537.36 (KHTML, like Gecko) Chrome/48.0.2564.71 Safari/537.36"
