103.230.104.27 - - [30/May/2016:14:55:06 -0400] "GET /assets/js/nprogress.js HTTP/1.1" 200 4030 "http://dev.monogramonline.com/orders/manual" "Mozilla/5.0 (X11; Linux x86_64) AppleWebKit/537.36 (KHTML, like Gecko) Chrome/48.0.2564.71 Safari/537.36"
98.14.148.218 - - [30/May/2016:14:55:07 -0400] "GET /orders/list HTTP/1.1" 200 7014 "http://dev.monogramonline.com/" "Mozilla/5.0 (Windows NT 10.0; WOW64) AppleWebKit/537.36 (KHTML, like Gecko) Chrome/50.0.2661.102 Safari/537.36"
98.14.148.218 - - [30/May/2016:14:55:13 -0400] "GET /items HTTP/1.1" 200 7490 "http://dev.monogramonline.com/" "Mozilla/5.0 (Windows NT 10.0; WOW64) AppleWebKit/537.36 (KHTML, like Gecko) Chrome/50.0.2661.102 Safari/537.36"
98.14.148.218 - - [30/May/2016:14:55:31 -0400] "GET /items/batch HTTP/1.1" 200 110313 "http://dev.monogramonline.com/items" "Mozilla/5.0 (Windows NT 10.0; WOW64) AppleWebKit/537.36 (KHTML, like Gecko) Chrome/50.0.2661.102 Safari/537.36"
103.230.104.27 - - [30/May/2016:14:57:10 -0400] "GET /orders/ajax?sku=notebook HTTP/1.1" 200 10640 "http://dev.monogramonline.com/orders/manual" "Mozilla/5.0 (X11; Linux x86_64) AppleWebKit/537.36 (KHTML, like Gecko) Chrome/48.0.2564.71 Safari/537.36"
96.57.0.134 - - [30/May/2016:14:57:14 -0400] "GET /crawl?id_catalog=bano HTTP/1.1" 200 2045 "-" "Mozilla/5.0 (Unknown; Linux x86_64) AppleWebKit/534.34 (KHTML, like Gecko) PhantomJS/1.9.8 Safari/534.34"
96.57.0.134 - - [30/May/2016:14:57:15 -0400] "GET /get_file_contents?url=http%3A%2F%2Fwww.monogramonline.com%2Fbano.html HTTP/1.1" 200 21026 "http://dev.monogramonline.com/crawl?id_catalog=bano" "Mozilla/5.0 (Unknown; Linux x86_64) AppleWebKit/534.34 (KHTML, like Gecko) PhantomJS/1.9.8 Safari/534.34"
103.230.104.27 - - [30/May/2016:14:57:14 -0400] "GET /orders/product_info?id_catalog=bano&sku=fr-669p HTTP/1.1" 200 3651 "http://dev.monogramonline.com/orders/manual" "Mozilla/5.0 (X11; Linux x86_64) AppleWebKit/537.36 (KHTML, like Gecko) Chrome/48.0.2564.71 Safari/537.36"
103.230.104.27 - - [30/May/2016:14:57:31 -0400] "GET /orders/ajax?sku=sc HTTP/1.1" 200 44122 "http://dev.monogramonline.com/orders/manual" "Mozilla/5.0 (X11; Linux x86_64) AppleWebKit/537.36 (KHTML, like Gecko) Chrome/48.0.2564.71 Safari/537.36"
96.57.0.134 - - [30/May/2016:14:57:39 -0400] "GET /crawl?id_catalog=pehoba HTTP/1.1" 200 2040 "-" "Mozilla/5.0 (Unknown; Linux x86_64) AppleWebKit/534.34 (KHTML, like Gecko) PhantomJS/1.9.8 Safari/534.34"
96.57.0.134 - - [30/May/2016:14:57:40 -0400] "GET /get_file_contents?url=http%3A%2F%2Fwww.monogramonline.com%2Fpehoba.html HTTP/1.1" 200 25989 "http://dev.monogramonline.com/crawl?id_catalog=pehoba" "Mozilla/5.0 (Unknown; Linux x86_64) AppleWebKit/534.34 (KHTML, like Gecko) PhantomJS/1.9.8 Safari/534.34"
103.230.104.27 - - [30/May/2016:14:57:39 -0400] "GET /orders/product_info?id_catalog=pehoba&sku=IB-463 HTTP/1.1" 200 4105 "http://dev.monogramonline.com/orders/manual" "Mozilla/5.0 (X11; Linux x86_64) AppleWebKit/537.36 (KHTML, like Gecko) Chrome/48.0.2564.71 Safari/537.36"
103.230.104.27 - - [30/May/2016:14:57:41 -0400] "GET /orders/null HTTP/1.1" 200 1487 "http://dev.monogramonline.com/orders/manual" "Mozilla/5.0 (X11; Linux x86_64) AppleWebKit/537.36 (KHTML, like Gecko) Chrome/48.0.2564.71 Safari/537.36"
103.230.104.27 - - [30/May/2016:14:58:05 -0400] "POST /orders/manual HTTP/1.1" 200 2483 "http://dev.monogramonline.com/orders/manual" "Mozilla/5.0 (X11; Linux x86_64) AppleWebKit/537.36 (KHTML, like Gecko) Chrome/48.0.2564.71 Safari/537.36"
98.14.148.218 - - [30/May/2016:14:58:11 -0400] "GET /items HTTP/1.1" 200 7488 "http://dev.monogramonline.com/" "Mozilla/5.0 (Windows NT 10.0; WOW64) AppleWebKit/537.36 (KHTML, like Gecko) Chrome/50.0.2661.102 Safari/537.36"
103.230.104.27 - - [30/May/2016:14:58:42 -0400] "GET /orders/list HTTP/1.1" 200 7008 "http://dev.monogramonline.com/orders/manual" "Mozilla/5.0 (X11; Linux x86_64) AppleWebKit/537.36 (KHTML, like Gecko) Chrome/48.0.2564.71 Safari/537.36"
103.230.104.27 - - [30/May/2016:14:59:20 -0400] "GET /orders/list HTTP/1.1" 200 7008 "http://dev.monogramonline.com/orders/manual" "Mozilla/5.0 (X11; Linux x86_64) AppleWebKit/537.36 (KHTML, like Gecko) Chrome/48.0.2564.71 Safari/537.36"
103.230.104.27 - - [30/May/2016:14:59:24 -0400] "GET /favicon.ico HTTP/1.1" 200 294 "http://dev.monogramonline.com/orders/list" "Mozilla/5.0 (X11; Linux x86_64) AppleWebKit/537.36 (KHTML, like Gecko) Chrome/48.0.2564.71 Safari/537.36"
103.230.104.27 - - [30/May/2016:14:59:42 -0400] "GET /orders/list HTTP/1.1" 200 7008 "http://dev.monogramonline.com/orders/manual" "Mozilla/5.0 (X11; Linux x86_64) AppleWebKit/537.36 (KHTML, like Gecko) Chrome/48.0.2564.71 Safari/537.36"
103.230.104.27 - - [30/May/2016:14:59:45 -0400] "GET /favicon.ico HTTP/1.1" 200 294 "http://dev.monogramonline.com/orders/list" "Mozilla/5.0 (X11; Linux x86_64) AppleWebKit/537.36 (KHTML, like Gecko) Chrome/48.0.2564.71 Safari/537.36"
103.230.104.27 - - [30/May/2016:14:59:52 -0400] "GET /orders/manual HTTP/1.1" 200 5204 "http://dev.monogramonline.com/" "Mozilla/5.0 (X11; Linux x86_64) AppleWebKit/537.36 (KHTML, like Gecko) Chrome/48.0.2564.71 Safari/537.36"
103.230.104.27 - - [30/May/2016:14:59:54 -0400] "GET /favicon.ico HTTP/1.1" 200 294 "http://dev.monogramonline.com/orders/manual" "Mozilla/5.0 (X11; Linux x86_64) AppleWebKit/537.36 (KHTML, like Gecko) Chrome/48.0.2564.71 Safari/537.36"
103.230.104.27 - - [30/May/2016:15:00:29 -0400] "GET /orders/ajax?sku=sc HTTP/1.1" 200 44128 "http://dev.monogramonline.com/orders/manual" "Mozilla/5.0 (X11; Linux x86_64) AppleWebKit/537.36 (KHTML, like Gecko) Chrome/48.0.2564.71 Safari/537.36"
103.230.104.27 - - [30/May/2016:15:00:31 -0400] "GET /orders/null HTTP/1.1" 200 1487 "http://dev.monogramonline.com/orders/manual" "Mozilla/5.0 (X11; Linux x86_64) AppleWebKit/537.36 (KHTML, like Gecko) Chrome/48.0.2564.71 Safari/537.36"
96.57.0.134 - - [30/May/2016:15:01:23 -0400] "GET /crawl?id_catalog=bascfo HTTP/1.1" 200 2048 "-" "Mozilla/5.0 (Unknown; Linux x86_64) AppleWebKit/534.34 (KHTML, like Gecko) PhantomJS/1.9.8 Safari/534.34"
96.57.0.134 - - [30/May/2016:15:01:24 -0400] "GET /get_file_contents?url=http%3A%2F%2Fwww.monogramonline.com%2Fbascfo.html HTTP/1.1" 200 21006 "http://dev.monogramonline.com/crawl?id_catalog=bascfo" "Mozilla/5.0 (Unknown; Linux x86_64) AppleWebKit/534.34 (KHTML, like Gecko) PhantomJS/1.9.8 Safari/534.34"
103.230.104.27 - - [30/May/2016:15:01:23 -0400] "GET /orders/product_info?id_catalog=bascfo&sku=fr-671p HTTP/1.1" 200 3415 "http://dev.monogramonline.com/orders/manual" "Mozilla/5.0 (X11; Linux x86_64) AppleWebKit/537.36 (KHTML, like Gecko) Chrome/48.0.2564.71 Safari/537.36"
103.230.104.27 - - [30/May/2016:15:01:30 -0400] "GET /items/batch HTTP/1.1" 200 110302 "-" "Mozilla/5.0 (X11; Linux x86_64) AppleWebKit/537.36 (KHTML, like Gecko) Chrome/48.0.2564.71 Safari/537.36"
98.14.148.218 - - [30/May/2016:15:01:42 -0400] "GET /logistics/sku_show?store_id=yhst-128796189915726&unassigned=1 HTTP/1.1" 200 28981 "http://dev.monogramonline.com/items" "Mozilla/5.0 (Windows NT 10.0; WOW64) AppleWebKit/537.36 (KHTML, like Gecko) Chrome/50.0.2661.102 Safari/537.36"
103.230.104.27 - - [30/May/2016:15:02:20 -0400] "GET /orders/ajax?sku=notebook HTTP/1.1" 200 10638 "http://dev.monogramonline.com/orders/manual" "Mozilla/5.0 (X11; Linux x86_64) AppleWebKit/537.36 (KHTML, like Gecko) Chrome/48.0.2564.71 Safari/537.36"
96.57.0.134 - - [30/May/2016:15:02:25 -0400] "GET /crawl?id_catalog=skno HTTP/1.1" 200 2041 "-" "Mozilla/5.0 (Unknown; Linux x86_64) AppleWebKit/534.34 (KHTML, like Gecko) PhantomJS/1.9.8 Safari/534.34"
96.57.0.134 - - [30/May/2016:15:02:26 -0400] "GET /get_file_contents?url=http%3A%2F%2Fwww.monogramonline.com%2Fskno.html HTTP/1.1" 200 20982 "http://dev.monogramonline.com/crawl?id_catalog=skno" "Mozilla/5.0 (Unknown; Linux x86_64) AppleWebKit/534.34 (KHTML, like Gecko) PhantomJS/1.9.8 Safari/534.34"
103.230.104.27 - - [30/May/2016:15:02:25 -0400] "GET /orders/product_info?id_catalog=skno&sku=fr-1114p HTTP/1.1" 200 3355 "http://dev.monogramonline.com/orders/manual" "Mozilla/5.0 (X11; Linux x86_64) AppleWebKit/537.36 (KHTML, like Gecko) Chrome/48.0.2564.71 Safari/537.36"
103.230.104.27 - - [30/May/2016:15:02:41 -0400] "POST /orders/manual HTTP/1.1" 200 2414 "http://dev.monogramonline.com/orders/manual" "Mozilla/5.0 (X11; Linux x86_64) AppleWebKit/537.36 (KHTML, like Gecko) Chrome/48.0.2564.71 Safari/537.36"
98.14.148.218 - - [30/May/2016:15:03:42 -0400] "GET /logistics/sku_show?store_id=yhst-128796189915726&unassigned=1&page=2 HTTP/1.1" 200 30485 "http://dev.monogramonline.com/logistics/sku_show?store_id=yhst-128796189915726&unassigned=1" "Mozilla/5.0 (Windows NT 10.0; WOW64) AppleWebKit/537.36 (KHTML, like Gecko) Chrome/50.0.2661.102 Safari/537.36"
98.14.148.218 - - [30/May/2016:15:03:57 -0400] "GET / HTTP/1.1" 200 2292 "http://dev.monogramonline.com/logistics/sku_show?store_id=yhst-128796189915726&unassigned=1&page=2" "Mozilla/5.0 (Windows NT 10.0; WOW64) AppleWebKit/537.36 (KHTML, like Gecko) Chrome/50.0.2661.102 Safari/537.36"
103.230.104.27 - - [30/May/2016:15:04:56 -0400] "POST /orders/manual HTTP/1.1" 302 1497 "http://dev.monogramonline.com/orders/manual" "Mozilla/5.0 (X11; Linux x86_64) AppleWebKit/537.36 (KHTML, like Gecko) Chrome/48.0.2564.71 Safari/537.36"
103.230.104.27 - - [30/May/2016:15:04:57 -0400] "GET /orders/manual HTTP/1.1" 200 5242 "http://dev.monogramonline.com/orders/manual" "Mozilla/5.0 (X11; Linux x86_64) AppleWebKit/537.36 (KHTML, like Gecko) Chrome/48.0.2564.71 Safari/537.36"
103.230.104.27 - - [30/May/2016:15:04:58 -0400] "GET /assets/css/nprogress.css HTTP/1.1" 200 885 "http://dev.monogramonline.com/orders/manual" "Mozilla/5.0 (X11; Linux x86_64) AppleWebKit/537.36 (KHTML, like Gecko) Chrome/48.0.2564.71 Safari/537.36"
103.230.104.27 - - [30/May/2016:15:04:58 -0400] "GET /assets/js/nprogress.js HTTP/1.1" 200 4030 "http://dev.monogramonline.com/orders/manual" "Mozilla/5.0 (X11; Linux x86_64) AppleWebKit/537.36 (KHTML, like Gecko) Chrome/48.0.2564.71 Safari/537.36"
103.230.104.27 - - [30/May/2016:15:05:00 -0400] "GET /favicon.ico HTTP/1.1" 200 294 "http://dev.monogramonline.com/orders/manual" "Mozilla/5.0 (X11; Linux x86_64) AppleWebKit/537.36 (KHTML, like Gecko) Chrome/48.0.2564.71 Safari/537.36"
103.230.104.27 - - [30/May/2016:15:05:02 -0400] "GET /orders/list HTTP/1.1" 200 7024 "http://dev.monogramonline.com/orders/manual" "Mozilla/5.0 (X11; Linux x86_64) AppleWebKit/537.36 (KHTML, like Gecko) Chrome/48.0.2564.71 Safari/537.36"
103.230.104.27 - - [30/May/2016:15:05:09 -0400] "GET /orders/details/yhst-132060549835833-rLaY4P HTTP/1.1" 200 5035 "http://dev.monogramonline.com/orders/list" "Mozilla/5.0 (X11; Linux x86_64) AppleWebKit/537.36 (KHTML, like Gecko) Chrome/48.0.2564.71 Safari/537.36"
103.230.104.27 - - [30/May/2016:15:05:17 -0400] "GET /products?search_for=fr-671p&search_in=product_model HTTP/1.1" 200 8239 "http://dev.monogramonline.com/orders/details/yhst-132060549835833-rLaY4P" "Mozilla/5.0 (X11; Linux x86_64) AppleWebKit/537.36 (KHTML, like Gecko) Chrome/48.0.2564.71 Safari/537.36"
103.230.104.27 - - [30/May/2016:15:05:18 -0400] "GET /assets/css/bootstrap-horizon.css HTTP/1.1" 200 786 "http://dev.monogramonline.com/products?search_for=fr-671p&search_in=product_model" "Mozilla/5.0 (X11; Linux x86_64) AppleWebKit/537.36 (KHTML, like Gecko) Chrome/48.0.2564.71 Safari/537.36"
98.14.148.218 - - [30/May/2016:15:05:49 -0400] "GET /items/grouped HTTP/1.1" 200 7885 "http://dev.monogramonline.com/" "Mozilla/5.0 (Windows NT 10.0; WOW64) AppleWebKit/537.36 (KHTML, like Gecko) Chrome/50.0.2661.102 Safari/537.36"
98.14.148.218 - - [30/May/2016:15:05:49 -0400] "GET /assets/images/spacer.gif HTTP/1.1" 304 178 "http://dev.monogramonline.com/items/grouped" "Mozilla/5.0 (Windows NT 10.0; WOW64) AppleWebKit/537.36 (KHTML, like Gecko) Chrome/50.0.2661.102 Safari/537.36"
98.14.148.218 - - [30/May/2016:15:06:12 -0400] "GET /batches/10595/R-GGR HTTP/1.1" 200 5709 "http://dev.monogramonline.com/items/grouped" "Mozilla/5.0 (Windows NT 10.0; WOW64) AppleWebKit/537.36 (KHTML, like Gecko) Chrome/50.0.2661.102 Safari/537.36"
103.230.104.27 - - [30/May/2016:15:06:17 -0400] "GET /items HTTP/1.1" 200 7454 "http://dev.monogramonline.com/items/batch" "Mozilla/5.0 (X11; Linux x86_64) AppleWebKit/537.36 (KHTML, like Gecko) Chrome/48.0.2564.71 Safari/537.36"
98.14.148.218 - - [30/May/2016:15:12:31 -0400] "GET /logistics/create_child_sku HTTP/1.1" 200 2351 "http://dev.monogramonline.com/" "Mozilla/5.0 (Windows NT 10.0; WOW64) AppleWebKit/537.36 (KHTML, like Gecko) Chrome/50.0.2661.102 Safari/537.36"
98.14.148.218 - - [30/May/2016:15:14:07 -0400] "GET / HTTP/1.1" 200 2294 "http://dev.monogramonline.com/logistics/create_child_sku" "Mozilla/5.0 (Windows NT 10.0; WOW64) AppleWebKit/537.36 (KHTML, like Gecko) Chrome/50.0.2661.102 Safari/537.36"
98.14.148.218 - - [30/May/2016:15:14:12 -0400] "GET /items/grouped HTTP/1.1" 200 7883 "http://dev.monogramonline.com/" "Mozilla/5.0 (Windows NT 10.0; WOW64) AppleWebKit/537.36 (KHTML, like Gecko) Chrome/50.0.2661.102 Safari/537.36"
98.14.148.218 - - [30/May/2016:15:14:49 -0400] "GET /batches/10597/R-GGR HTTP/1.1" 200 5416 "http://dev.monogramonline.com/items/grouped" "Mozilla/5.0 (Windows NT 10.0; WOW64) AppleWebKit/537.36 (KHTML, like Gecko) Chrome/50.0.2661.102 Safari/537.36"
98.14.148.218 - - [30/May/2016:15:14:49 -0400] "GET /batch_details/10597 HTTP/1.1" 200 4605 "http://dev.monogramonline.com/items/grouped" "Mozilla/5.0 (Windows NT 10.0; WOW64) AppleWebKit/537.36 (KHTML, like Gecko) Chrome/50.0.2661.102 Safari/537.36"
98.14.148.218 - - [30/May/2016:15:14:58 -0400] "GET /exports/batch/10597 HTTP/1.1" 200 1464 "http://dev.monogramonline.com/batch_details/10597" "Mozilla/5.0 (Windows NT 10.0; WOW64) AppleWebKit/537.36 (KHTML, like Gecko) Chrome/50.0.2661.102 Safari/537.36"
98.14.148.218 - - [30/May/2016:15:16:33 -0400] "GET /orders/manual HTTP/1.1" 200 5207 "http://dev.monogramonline.com/" "Mozilla/5.0 (Windows NT 10.0; WOW64) AppleWebKit/537.36 (KHTML, like Gecko) Chrome/50.0.2661.102 Safari/537.36"
24.44.22.63 - - [30/May/2016:15:16:43 -0400] "GET /orders/manual HTTP/1.1" 302 1482 "-" "Mozilla/5.0 (iPhone; CPU iPhone OS 9_2_1 like Mac OS X) AppleWebKit/601.1.46 (KHTML, like Gecko) Version/9.0 Mobile/13D15 Safari/601.1"
24.44.22.63 - - [30/May/2016:15:16:43 -0400] "GET /auth/login HTTP/1.1" 200 1721 "-" "Mozilla/5.0 (iPhone; CPU iPhone OS 9_2_1 like Mac OS X) AppleWebKit/601.1.46 (KHTML, like Gecko) Version/9.0 Mobile/13D15 Safari/601.1"
24.44.22.63 - - [30/May/2016:15:16:43 -0400] "GET /assets/css/signin.css HTTP/1.1" 200 663 "http://dev.monogramonline.com/auth/login" "Mozilla/5.0 (iPhone; CPU iPhone OS 9_2_1 like Mac OS X) AppleWebKit/601.1.46 (KHTML, like Gecko) Version/9.0 Mobile/13D15 Safari/601.1"
24.44.22.63 - - [30/May/2016:15:17:00 -0400] "POST /login HTTP/1.1" 302 1947 "http://dev.monogramonline.com/auth/login" "Mozilla/5.0 (iPhone; CPU iPhone OS 9_2_1 like Mac OS X) AppleWebKit/601.1.46 (KHTML, like Gecko) Version/9.0 Mobile/13D15 Safari/601.1"
24.44.22.63 - - [30/May/2016:15:17:00 -0400] "GET /orders/manual HTTP/1.1" 200 5208 "http://dev.monogramonline.com/auth/login" "Mozilla/5.0 (iPhone; CPU iPhone OS 9_2_1 like Mac OS X) AppleWebKit/601.1.46 (KHTML, like Gecko) Version/9.0 Mobile/13D15 Safari/601.1"
24.44.22.63 - - [30/May/2016:15:17:01 -0400] "GET /assets/css/nprogress.css HTTP/1.1" 200 885 "http://dev.monogramonline.com/orders/manual" "Mozilla/5.0 (iPhone; CPU iPhone OS 9_2_1 like Mac OS X) AppleWebKit/601.1.46 (KHTML, like Gecko) Version/9.0 Mobile/13D15 Safari/601.1"
24.44.22.63 - - [30/May/2016:15:17:01 -0400] "GET /assets/js/nprogress.js HTTP/1.1" 200 4030 "http://dev.monogramonline.com/orders/manual" "Mozilla/5.0 (iPhone; CPU iPhone OS 9_2_1 like Mac OS X) AppleWebKit/601.1.46 (KHTML, like Gecko) Version/9.0 Mobile/13D15 Safari/601.1"
24.44.22.63 - - [30/May/2016:15:17:35 -0400] "GET /orders/ajax?sku=Np235 HTTP/1.1" 200 1630 "http://dev.monogramonline.com/orders/manual" "Mozilla/5.0 (iPhone; CPU iPhone OS 9_2_1 like Mac OS X) AppleWebKit/601.1.46 (KHTML, like Gecko) Version/9.0 Mobile/13D15 Safari/601.1"
96.57.0.134 - - [30/May/2016:15:17:45 -0400] "GET /crawl?id_catalog=stsiminane1 HTTP/1.1" 200 2048 "-" "Mozilla/5.0 (Unknown; Linux x86_64) AppleWebKit/534.34 (KHTML, like Gecko) PhantomJS/1.9.8 Safari/534.34"
96.57.0.134 - - [30/May/2016:15:17:46 -0400] "GET /get_file_contents?url=http%3A%2F%2Fwww.monogramonline.com%2Fstsiminane1.html HTTP/1.1" 500 23860 "http://dev.monogramonline.com/crawl?id_catalog=stsiminane1" "Mozilla/5.0 (Unknown; Linux x86_64) AppleWebKit/534.34 (KHTML, like Gecko) PhantomJS/1.9.8 Safari/534.34"
24.44.22.63 - - [30/May/2016:15:17:45 -0400] "GET /orders/product_info?id_catalog=stsiminane1&sku=NP235-GIFT HTTP/1.1" 400 1056 "http://dev.monogramonline.com/orders/manual" "Mozilla/5.0 (iPhone; CPU iPhone OS 9_2_1 like Mac OS X) AppleWebKit/601.1.46 (KHTML, like Gecko) Version/9.0 Mobile/13D15 Safari/601.1"
98.14.148.218 - - [30/May/2016:15:17:53 -0400] "GET / HTTP/1.1" 200 2294 "http://dev.monogramonline.com/items/grouped" "Mozilla/5.0 (Windows NT 10.0; WOW64) AppleWebKit/537.36 (KHTML, like Gecko) Chrome/50.0.2661.102 Safari/537.36"
96.57.0.134 - - [30/May/2016:15:17:54 -0400] "GET /crawl?id_catalog=stsiminane HTTP/1.1" 200 2049 "-" "Mozilla/5.0 (Unknown; Linux x86_64) AppleWebKit/534.34 (KHTML, like Gecko) PhantomJS/1.9.8 Safari/534.34"
98.14.148.218 - - [30/May/2016:15:17:55 -0400] "GET /orders/list HTTP/1.1" 200 7020 "http://dev.monogramonline.com/" "Mozilla/5.0 (Windows NT 10.0; WOW64) AppleWebKit/537.36 (KHTML, like Gecko) Chrome/50.0.2661.102 Safari/537.36"
96.57.0.134 - - [30/May/2016:15:17:56 -0400] "GET /get_file_contents?url=http%3A%2F%2Fwww.monogramonline.com%2Fstsiminane.html HTTP/1.1" 200 29501 "http://dev.monogramonline.com/crawl?id_catalog=stsiminane" "Mozilla/5.0 (Unknown; Linux x86_64) AppleWebKit/534.34 (KHTML, like Gecko) PhantomJS/1.9.8 Safari/534.34"
24.44.22.63 - - [30/May/2016:15:17:54 -0400] "GET /orders/product_info?id_catalog=stsiminane&sku=NP235 HTTP/1.1" 200 5130 "http://dev.monogramonline.com/orders/manual" "Mozilla/5.0 (iPhone; CPU iPhone OS 9_2_1 like Mac OS X) AppleWebKit/601.1.46 (KHTML, like Gecko) Version/9.0 Mobile/13D15 Safari/601.1"
103.230.104.27 - - [30/May/2016:15:18:02 -0400] "GET /orders/add HTTP/1.1" 200 2369 "http://dev.monogramonline.com/" "Mozilla/5.0 (X11; Linux x86_64) AppleWebKit/537.36 (KHTML, like Gecko) Chrome/48.0.2564.71 Safari/537.36"
103.230.104.27 - - [30/May/2016:15:18:13 -0400] "POST /orders/add HTTP/1.1" 302 1490 "http://dev.monogramonline.com/orders/add" "Mozilla/5.0 (X11; Linux x86_64) AppleWebKit/537.36 (KHTML, like Gecko) Chrome/48.0.2564.71 Safari/537.36"
103.230.104.27 - - [30/May/2016:15:18:14 -0400] "GET /orders/add HTTP/1.1" 200 2416 "http://dev.monogramonline.com/orders/add" "Mozilla/5.0 (X11; Linux x86_64) AppleWebKit/537.36 (KHTML, like Gecko) Chrome/48.0.2564.71 Safari/537.36"
103.230.104.27 - - [30/May/2016:15:18:18 -0400] "GET /orders/list HTTP/1.1" 200 7060 "http://dev.monogramonline.com/orders/add" "Mozilla/5.0 (X11; Linux x86_64) AppleWebKit/537.36 (KHTML, like Gecko) Chrome/48.0.2564.71 Safari/537.36"
103.230.104.27 - - [30/May/2016:15:18:25 -0400] "GET /orders/details/yhst-128796189915726-595615 HTTP/1.1" 200 5043 "http://dev.monogramonline.com/orders/list" "Mozilla/5.0 (X11; Linux x86_64) AppleWebKit/537.36 (KHTML, like Gecko) Chrome/48.0.2564.71 Safari/537.36"
103.230.104.27 - - [30/May/2016:15:21:38 -0400] "GET /products_specifications HTTP/1.1" 200 6453 "http://dev.monogramonline.com/" "Mozilla/5.0 (X11; Linux x86_64) AppleWebKit/537.36 (KHTML, like Gecko) Chrome/48.0.2564.71 Safari/537.36"
103.230.104.27 - - [30/May/2016:15:26:26 -0400] "GET /products_specifications?search_for_1=Layered&search_in_1=name&search_for_2=&search_in_2=name&production_category=0&status=all&web_image_status=0&make_sample=all HTTP/1.1" 200 4429 "http://dev.monogramonline.com/products_specifications" "Mozilla/5.0 (X11; Linux x86_64) AppleWebKit/537.36 (KHTML, like Gecko) Chrome/48.0.2564.71 Safari/537.36"
103.230.104.27 - - [30/May/2016:15:26:32 -0400] "GET /products_specifications?search_for_1=Layered&search_in_1=note&search_for_2=&search_in_2=name&production_category=0&status=all&web_image_status=0&make_sample=all HTTP/1.1" 200 3933 "http://dev.monogramonline.com/products_specifications?search_for_1=Layered&search_in_1=name&search_for_2=&search_in_2=name&production_category=0&status=all&web_image_status=0&make_sample=all" "Mozilla/5.0 (X11; Linux x86_64) AppleWebKit/537.36 (KHTML, like Gecko) Chrome/48.0.2564.71 Safari/537.36"
103.230.104.27 - - [30/May/2016:15:26:38 -0400] "GET /products_specifications?search_for_1=&search_in_1=note&search_for_2=&search_in_2=name&production_category=0&status=all&web_image_status=0&make_sample=all HTTP/1.1" 200 6543 "http://dev.monogramonline.com/products_specifications?search_for_1=Layered&search_in_1=note&search_for_2=&search_in_2=name&production_category=0&status=all&web_image_status=0&make_sample=all" "Mozilla/5.0 (X11; Linux x86_64) AppleWebKit/537.36 (KHTML, like Gecko) Chrome/48.0.2564.71 Safari/537.36"
103.230.104.27 - - [30/May/2016:15:27:12 -0400] "GET /products_specifications/step/1 HTTP/1.1" 200 2592 "http://dev.monogramonline.com/products_specifications?search_for_1=&search_in_1=note&search_for_2=&search_in_2=name&production_category=0&status=all&web_image_status=0&make_sample=all" "Mozilla/5.0 (X11; Linux x86_64) AppleWebKit/537.36 (KHTML, like Gecko) Chrome/48.0.2564.71 Safari/537.36"
103.230.104.27 - - [30/May/2016:15:27:22 -0400] "GET /products_specifications/create HTTP/1.1" 500 24634 "-" "Mozilla/5.0 (X11; Linux x86_64) AppleWebKit/537.36 (KHTML, like Gecko) Chrome/48.0.2564.71 Safari/537.36"
103.230.104.27 - - [30/May/2016:15:29:45 -0400] "GET /products_specifications/create HTTP/1.1" 200 1080 "-" "Mozilla/5.0 (X11; Linux x86_64) AppleWebKit/537.36 (KHTML, like Gecko) Chrome/48.0.2564.71 Safari/537.36"
103.230.104.27 - - [30/May/2016:15:29:46 -0400] "GET /favicon.ico HTTP/1.1" 200 294 "http://dev.monogramonline.com/products_specifications/create" "Mozilla/5.0 (X11; Linux x86_64) AppleWebKit/537.36 (KHTML, like Gecko) Chrome/48.0.2564.71 Safari/537.36"
103.230.104.27 - - [30/May/2016:15:30:13 -0400] "GET /products_specifications/create HTTP/1.1" 302 1592 "-" "Mozilla/5.0 (X11; Linux x86_64) AppleWebKit/537.36 (KHTML, like Gecko) Chrome/48.0.2564.71 Safari/537.36"
103.230.104.27 - - [30/May/2016:15:30:14 -0400] "GET /products_specifications/step/1 HTTP/1.1" 200 2587 "-" "Mozilla/5.0 (X11; Linux x86_64) AppleWebKit/537.36 (KHTML, like Gecko) Chrome/48.0.2564.71 Safari/537.36"
103.230.104.27 - - [30/May/2016:15:30:21 -0400] "POST /products_specifications/step/1 HTTP/1.1" 302 1790 "http://dev.monogramonline.com/products_specifications/step/1" "Mozilla/5.0 (X11; Linux x86_64) AppleWebKit/537.36 (KHTML, like Gecko) Chrome/48.0.2564.71 Safari/537.36"
103.230.104.27 - - [30/May/2016:15:30:21 -0400] "GET /products_specifications/step/2?sku=EN4506-GIFT&production_category=4 HTTP/1.1" 200 6568 "http://dev.monogramonline.com/products_specifications/step/1" "Mozilla/5.0 (X11; Linux x86_64) AppleWebKit/537.36 (KHTML, like Gecko) Chrome/48.0.2564.71 Safari/537.36"
103.230.104.27 - - [30/May/2016:15:32:00 -0400] "POST /products_specifications/step/2 HTTP/1.1" 302 1459 "http://dev.monogramonline.com/products_specifications/step/2?sku=EN4506-GIFT&production_category=4" "Mozilla/5.0 (X11; Linux x86_64) AppleWebKit/537.36 (KHTML, like Gecko) Chrome/48.0.2564.71 Safari/537.36"
103.230.104.27 - - [30/May/2016:15:32:02 -0400] "GET /products_specifications HTTP/1.1" 200 6491 "http://dev.monogramonline.com/products_specifications/step/2?sku=EN4506-GIFT&production_category=4" "Mozilla/5.0 (X11; Linux x86_64) AppleWebKit/537.36 (KHTML, like Gecko) Chrome/48.0.2564.71 Safari/537.36"
103.230.104.27 - - [30/May/2016:15:32:09 -0400] "GET /products_specifications?page=7 HTTP/1.1" 200 6524 "http://dev.monogramonline.com/products_specifications" "Mozilla/5.0 (X11; Linux x86_64) AppleWebKit/537.36 (KHTML, like Gecko) Chrome/48.0.2564.71 Safari/537.36"
103.230.104.27 - - [30/May/2016:15:32:16 -0400] "GET /products_specifications/367 HTTP/1.1" 200 6885 "http://dev.monogramonline.com/products_specifications?page=7" "Mozilla/5.0 (X11; Linux x86_64) AppleWebKit/537.36 (KHTML, like Gecko) Chrome/48.0.2564.71 Safari/537.36"
103.230.104.27 - - [30/May/2016:15:33:15 -0400] "POST /products_specifications/367 HTTP/1.1" 302 1485 "http://dev.monogramonline.com/products_specifications/367" "Mozilla/5.0 (X11; Linux x86_64) AppleWebKit/537.36 (KHTML, like Gecko) Chrome/48.0.2564.71 Safari/537.36"
103.230.104.27 - - [30/May/2016:15:33:17 -0400] "GET /products_specifications/367 HTTP/1.1" 200 6930 "http://dev.monogramonline.com/products_specifications/367" "Mozilla/5.0 (X11; Linux x86_64) AppleWebKit/537.36 (KHTML, like Gecko) Chrome/48.0.2564.71 Safari/537.36"
103.230.104.27 - - [30/May/2016:15:34:21 -0400] "GET /products_specifications HTTP/1.1" 200 6452 "http://dev.monogramonline.com/products_specifications/step/2?sku=EN4506-GIFT&production_category=4" "Mozilla/5.0 (X11; Linux x86_64) AppleWebKit/537.36 (KHTML, like Gecko) Chrome/48.0.2564.71 Safari/537.36"
103.230.104.27 - - [30/May/2016:15:34:25 -0400] "GET /products_specifications?page=7 HTTP/1.1" 200 6516 "http://dev.monogramonline.com/products_specifications" "Mozilla/5.0 (X11; Linux x86_64) AppleWebKit/537.36 (KHTML, like Gecko) Chrome/48.0.2564.71 Safari/537.36"
103.230.104.27 - - [30/May/2016:15:34:34 -0400] "GET /prints/sheets?spec_id[]=367 HTTP/1.1" 200 2473 "http://dev.monogramonline.com/products_specifications?page=7" "Mozilla/5.0 (X11; Linux x86_64) AppleWebKit/537.36 (KHTML, like Gecko) Chrome/48.0.2564.71 Safari/537.36"
103.230.104.27 - - [30/May/2016:15:34:35 -0400] "GET /assets/css/single_batch_print_css.css HTTP/1.1" 200 1485 "http://dev.monogramonline.com/prints/sheets?spec_id[]=367" "Mozilla/5.0 (X11; Linux x86_64) AppleWebKit/537.36 (KHTML, like Gecko) Chrome/48.0.2564.71 Safari/537.36"
103.230.104.27 - - [30/May/2016:15:34:49 -0400] "POST /products_specifications/367 HTTP/1.1" 302 1549 "http://dev.monogramonline.com/products_specifications?page=7" "Mozilla/5.0 (X11; Linux x86_64) AppleWebKit/537.36 (KHTML, like Gecko) Chrome/48.0.2564.71 Safari/537.36"
103.230.104.27 - - [30/May/2016:15:34:49 -0400] "GET /products_specifications HTTP/1.1" 200 6484 "http://dev.monogramonline.com/products_specifications?page=7" "Mozilla/5.0 (X11; Linux x86_64) AppleWebKit/537.36 (KHTML, like Gecko) Chrome/48.0.2564.71 Safari/537.36"
103.230.104.27 - - [30/May/2016:15:34:53 -0400] "GET /products_specifications?page=7 HTTP/1.1" 200 6475 "http://dev.monogramonline.com/products_specifications" "Mozilla/5.0 (X11; Linux x86_64) AppleWebKit/537.36 (KHTML, like Gecko) Chrome/48.0.2564.71 Safari/537.36"
103.230.104.27 - - [30/May/2016:15:34:55 -0400] "GET /favicon.ico HTTP/1.1" 200 294 "http://dev.monogramonline.com/products_specifications?page=7" "Mozilla/5.0 (X11; Linux x86_64) AppleWebKit/537.36 (KHTML, like Gecko) Chrome/48.0.2564.71 Safari/537.36"
103.230.104.27 - - [30/May/2016:15:36:03 -0400] "GET /items/active_batch_group HTTP/1.1" 200 24463 "http://dev.monogramonline.com/" "Mozilla/5.0 (X11; Linux x86_64) AppleWebKit/537.36 (KHTML, like Gecko) Chrome/48.0.2564.71 Safari/537.36"
98.14.148.218 - - [30/May/2016:15:36:13 -0400] "GET / HTTP/1.1" 200 2302 "http://dev.monogramonline.com/orders/list" "Mozilla/5.0 (Windows NT 10.0; WOW64) AppleWebKit/537.36 (KHTML, like Gecko) Chrome/50.0.2661.102 Safari/537.36"
98.14.148.218 - - [30/May/2016:15:36:16 -0400] "GET /users HTTP/1.1" 200 3319 "http://dev.monogramonline.com/" "Mozilla/5.0 (Windows NT 10.0; WOW64) AppleWebKit/537.36 (KHTML, like Gecko) Chrome/50.0.2661.102 Safari/537.36"
98.14.148.218 - - [30/May/2016:15:36:24 -0400] "GET /users/19/edit HTTP/1.1" 200 3522 "http://dev.monogramonline.com/users" "Mozilla/5.0 (Windows NT 10.0; WOW64) AppleWebKit/537.36 (KHTML, like Gecko) Chrome/50.0.2661.102 Safari/537.36"
98.14.148.218 - - [30/May/2016:15:38:53 -0400] "GET /orders/list HTTP/1.1" 200 7069 "http://dev.monogramonline.com/orders/manual" "Mozilla/5.0 (Windows NT 10.0; WOW64) AppleWebKit/537.36 (KHTML, like Gecko) Chrome/50.0.2661.102 Safari/537.36"
98.14.148.218 - - [30/May/2016:15:39:06 -0400] "GET /orders/details/yhst-132060549835833-rLaY4P HTTP/1.1" 200 5040 "http://dev.monogramonline.com/orders/list" "Mozilla/5.0 (Windows NT 10.0; WOW64) AppleWebKit/537.36 (KHTML, like Gecko) Chrome/50.0.2661.102 Safari/537.36"
98.14.148.218 - - [30/May/2016:15:39:40 -0400] "GET /orders/details/yhst-128796189915726-595615 HTTP/1.1" 200 5044 "http://dev.monogramonline.com/orders/list" "Mozilla/5.0 (Windows NT 10.0; WOW64) AppleWebKit/537.36 (KHTML, like Gecko) Chrome/50.0.2661.102 Safari/537.36"
98.14.148.218 - - [30/May/2016:15:42:41 -0400] "GET / HTTP/1.1" 200 2294 "http://dev.monogramonline.com/orders/details/yhst-128796189915726-595615" "Mozilla/5.0 (Windows NT 10.0; WOW64) AppleWebKit/537.36 (KHTML, like Gecko) Chrome/50.0.2661.102 Safari/537.36"
98.14.148.218 - - [30/May/2016:15:42:44 -0400] "GET /orders/manual HTTP/1.1" 200 5208 "http://dev.monogramonline.com/" "Mozilla/5.0 (Windows NT 10.0; WOW64) AppleWebKit/537.36 (KHTML, like Gecko) Chrome/50.0.2661.102 Safari/537.36"
98.14.148.218 - - [30/May/2016:15:44:23 -0400] "GET /orders/details/yhst-132060549835833-40043 HTTP/1.1" 200 5075 "http://dev.monogramonline.com/orders/list" "Mozilla/5.0 (Windows NT 10.0; WOW64) AppleWebKit/537.36 (KHTML, like Gecko) Chrome/50.0.2661.102 Safari/537.36"
98.14.148.218 - - [30/May/2016:15:44:25 -0400] "GET /orders/details/yhst-128796189915726-665101 HTTP/1.1" 200 5097 "http://dev.monogramonline.com/orders/list" "Mozilla/5.0 (Windows NT 10.0; WOW64) AppleWebKit/537.36 (KHTML, like Gecko) Chrome/50.0.2661.102 Safari/537.36"
103.230.104.27 - - [30/May/2016:15:53:17 -0400] "GET /items/active_batch_group?station=ST-STD HTTP/1.1" 200 3582 "http://dev.monogramonline.com/items/active_batch_group" "Mozilla/5.0 (X11; Linux x86_64) AppleWebKit/537.36 (KHTML, like Gecko) Chrome/48.0.2564.71 Safari/537.36"
103.230.104.27 - - [30/May/2016:15:53:28 -0400] "GET /items/active_batch_group?station=R-BM2 HTTP/1.1" 200 3588 "http://dev.monogramonline.com/items/active_batch_group?station=ST-STD" "Mozilla/5.0 (X11; Linux x86_64) AppleWebKit/537.36 (KHTML, like Gecko) Chrome/48.0.2564.71 Safari/537.36"
103.230.104.27 - - [30/May/2016:15:53:34 -0400] "GET /items/active_batch_group HTTP/1.1" 200 24459 "-" "Mozilla/5.0 (X11; Linux x86_64) AppleWebKit/537.36 (KHTML, like Gecko) Chrome/48.0.2564.71 Safari/537.36"
103.230.104.27 - - [30/May/2016:15:53:45 -0400] "GET /items/active_batch_group?station=Red-2 HTTP/1.1" 200 3576 "-" "Mozilla/5.0 (X11; Linux x86_64) AppleWebKit/537.36 (KHTML, like Gecko) Chrome/48.0.2564.71 Safari/537.36"
103.230.104.27 - - [30/May/2016:15:58:28 -0400] "POST /change_station_by_sku/RLCB-984 HTTP/1.1" 403 1369 "http://dev.monogramonline.com/items/active_batch_group" "Mozilla/5.0 (X11; Linux x86_64) AppleWebKit/537.36 (KHTML, like Gecko) Chrome/48.0.2564.71 Safari/537.36"
103.230.104.27 - - [30/May/2016:15:58:43 -0400] "GET /users HTTP/1.1" 200 3315 "http://dev.monogramonline.com/" "Mozilla/5.0 (X11; Linux x86_64) AppleWebKit/537.36 (KHTML, like Gecko) Chrome/48.0.2564.71 Safari/537.36"
103.230.104.27 - - [30/May/2016:15:58:49 -0400] "GET /users/1/edit HTTP/1.1" 200 3516 "http://dev.monogramonline.com/users" "Mozilla/5.0 (X11; Linux x86_64) AppleWebKit/537.36 (KHTML, like Gecko) Chrome/48.0.2564.71 Safari/537.36"
103.230.104.27 - - [30/May/2016:15:58:58 -0400] "POST /users/1 HTTP/1.1" 302 1461 "http://dev.monogramonline.com/users/1/edit" "Mozilla/5.0 (X11; Linux x86_64) AppleWebKit/537.36 (KHTML, like Gecko) Chrome/48.0.2564.71 Safari/537.36"
103.230.104.27 - - [30/May/2016:15:58:59 -0400] "GET /users HTTP/1.1" 200 3320 "http://dev.monogramonline.com/users/1/edit" "Mozilla/5.0 (X11; Linux x86_64) AppleWebKit/537.36 (KHTML, like Gecko) Chrome/48.0.2564.71 Safari/537.36"
103.230.104.27 - - [30/May/2016:15:59:02 -0400] "POST /change_station_by_sku/RLCB-984 HTTP/1.1" 302 1557 "http://dev.monogramonline.com/items/active_batch_group" "Mozilla/5.0 (X11; Linux x86_64) AppleWebKit/537.36 (KHTML, like Gecko) Chrome/48.0.2564.71 Safari/537.36"
103.230.104.27 - - [30/May/2016:15:59:03 -0400] "GET /items/active_batch_group HTTP/1.1" 200 24491 "http://dev.monogramonline.com/items/active_batch_group" "Mozilla/5.0 (X11; Linux x86_64) AppleWebKit/537.36 (KHTML, like Gecko) Chrome/48.0.2564.71 Safari/537.36"
98.14.148.218 - - [30/May/2016:16:01:05 -0400] "GET / HTTP/1.1" 200 2298 "http://dev.monogramonline.com/orders/list" "Mozilla/5.0 (Windows NT 10.0; WOW64) AppleWebKit/537.36 (KHTML, like Gecko) Chrome/50.0.2661.102 Safari/537.36"
103.230.104.27 - - [30/May/2016:16:02:26 -0400] "GET /items/active_batch_group?station=R-PEDD HTTP/1.1" 200 4027 "http://dev.monogramonline.com/items/active_batch_group" "Mozilla/5.0 (X11; Linux x86_64) AppleWebKit/537.36 (KHTML, like Gecko) Chrome/48.0.2564.71 Safari/537.36"
103.230.104.27 - - [30/May/2016:16:02:55 -0400] "GET /stations/bulk HTTP/1.1" 200 3749 "http://dev.monogramonline.com/" "Mozilla/5.0 (X11; Linux x86_64) AppleWebKit/537.36 (KHTML, like Gecko) Chrome/48.0.2564.71 Safari/537.36"
103.230.104.27 - - [30/May/2016:16:03:54 -0400] "POST /stations/bulk HTTP/1.1" 302 1503 "http://dev.monogramonline.com/stations/bulk" "Mozilla/5.0 (X11; Linux x86_64) AppleWebKit/537.36 (KHTML, like Gecko) Chrome/48.0.2564.71 Safari/537.36"
103.230.104.27 - - [30/May/2016:16:03:55 -0400] "GET /stations/bulk HTTP/1.1" 200 3845 "http://dev.monogramonline.com/stations/bulk" "Mozilla/5.0 (X11; Linux x86_64) AppleWebKit/537.36 (KHTML, like Gecko) Chrome/48.0.2564.71 Safari/537.36"
103.230.104.27 - - [30/May/2016:16:04:12 -0400] "POST /stations/bulk HTTP/1.1" 302 1499 "http://dev.monogramonline.com/stations/bulk" "Mozilla/5.0 (X11; Linux x86_64) AppleWebKit/537.36 (KHTML, like Gecko) Chrome/48.0.2564.71 Safari/537.36"
103.230.104.27 - - [30/May/2016:16:04:12 -0400] "GET /stations/bulk HTTP/1.1" 200 3843 "http://dev.monogramonline.com/stations/bulk" "Mozilla/5.0 (X11; Linux x86_64) AppleWebKit/537.36 (KHTML, like Gecko) Chrome/48.0.2564.71 Safari/537.36"
103.230.104.27 - - [30/May/2016:16:05:35 -0400] "POST /stations/bulk HTTP/1.1" 302 1495 "http://dev.monogramonline.com/stations/bulk" "Mozilla/5.0 (X11; Linux x86_64) AppleWebKit/537.36 (KHTML, like Gecko) Chrome/48.0.2564.71 Safari/537.36"
103.230.104.27 - - [30/May/2016:16:05:35 -0400] "GET /stations/bulk HTTP/1.1" 200 3789 "http://dev.monogramonline.com/stations/bulk" "Mozilla/5.0 (X11; Linux x86_64) AppleWebKit/537.36 (KHTML, like Gecko) Chrome/48.0.2564.71 Safari/537.36"
103.230.104.27 - - [30/May/2016:16:07:10 -0400] "GET /purchases/create HTTP/1.1" 200 53556 "http://dev.monogramonline.com/" "Mozilla/5.0 (X11; Linux x86_64) AppleWebKit/537.36 (KHTML, like Gecko) Chrome/48.0.2564.71 Safari/537.36"
103.230.104.27 - - [30/May/2016:16:07:10 -0400] "GET /purchases HTTP/1.1" 200 2094 "http://dev.monogramonline.com/" "Mozilla/5.0 (X11; Linux x86_64) AppleWebKit/537.36 (KHTML, like Gecko) Chrome/48.0.2564.71 Safari/537.36"
98.14.148.218 - - [30/May/2016:16:07:36 -0400] "GET /users/19/edit HTTP/1.1" 200 3516 "-" "Mozilla/5.0 (Windows NT 10.0; WOW64) AppleWebKit/537.36 (KHTML, like Gecko) Chrome/50.0.2661.102 Safari/537.36"
98.14.148.218 - - [30/May/2016:16:08:04 -0400] "GET /users HTTP/1.1" 200 3318 "http://dev.monogramonline.com/users/19/edit" "Mozilla/5.0 (Windows NT 10.0; WOW64) AppleWebKit/537.36 (KHTML, like Gecko) Chrome/50.0.2661.102 Safari/537.36"
98.14.148.218 - - [30/May/2016:16:08:12 -0400] "GET / HTTP/1.1" 200 2302 "http://dev.monogramonline.com/users" "Mozilla/5.0 (Windows NT 10.0; WOW64) AppleWebKit/537.36 (KHTML, like Gecko) Chrome/50.0.2661.102 Safari/537.36"
98.14.148.218 - - [30/May/2016:16:08:20 -0400] "GET /users HTTP/1.1" 200 3316 "http://dev.monogramonline.com/" "Mozilla/5.0 (Windows NT 10.0; WOW64) AppleWebKit/537.36 (KHTML, like Gecko) Chrome/50.0.2661.102 Safari/537.36"
98.14.148.218 - - [30/May/2016:16:11:05 -0400] "GET / HTTP/1.1" 200 2296 "http://dev.monogramonline.com/users" "Mozilla/5.0 (Windows NT 10.0; WOW64) AppleWebKit/537.36 (KHTML, like Gecko) Chrome/50.0.2661.102 Safari/537.36"
98.14.148.218 - - [30/May/2016:16:11:09 -0400] "GET /logs HTTP/1.1" 200 4678 "http://dev.monogramonline.com/" "Mozilla/5.0 (Windows NT 10.0; WOW64) AppleWebKit/537.36 (KHTML, like Gecko) Chrome/50.0.2661.102 Safari/537.36"
98.14.148.218 - - [30/May/2016:16:12:25 -0400] "GET / HTTP/1.1" 200 2298 "http://dev.monogramonline.com/logs" "Mozilla/5.0 (Windows NT 10.0; WOW64) AppleWebKit/537.36 (KHTML, like Gecko) Chrome/50.0.2661.102 Safari/537.36"
98.14.148.218 - - [30/May/2016:16:12:33 -0400] "GET /export_station HTTP/1.1" 200 2505 "http://dev.monogramonline.com/" "Mozilla/5.0 (Windows NT 10.0; WOW64) AppleWebKit/537.36 (KHTML, like Gecko) Chrome/50.0.2661.102 Safari/537.36"
98.14.148.218 - - [30/May/2016:16:12:44 -0400] "GET /export_station?_token=kK7Xtx56ZWHfVy9GmHaGzYdCyQihfjSG6WA9HKkw&start_date=2016-05 HTTP/1.1" 200 3114 "http://dev.monogramonline.com/export_station" "Mozilla/5.0 (Windows NT 10.0; WOW64) AppleWebKit/537.36 (KHTML, like Gecko) Chrome/50.0.2661.102 Safari/537.36"
103.230.104.27 - - [30/May/2016:16:23:14 -0400] "POST /purchases HTTP/1.1" 302 1479 "http://dev.monogramonline.com/purchases/create" "Mozilla/5.0 (X11; Linux x86_64) AppleWebKit/537.36 (KHTML, like Gecko) Chrome/48.0.2564.71 Safari/537.36"
103.230.104.27 - - [30/May/2016:16:23:15 -0400] "GET /purchases HTTP/1.1" 200 2492 "http://dev.monogramonline.com/purchases/create" "Mozilla/5.0 (X11; Linux x86_64) AppleWebKit/537.36 (KHTML, like Gecko) Chrome/48.0.2564.71 Safari/537.36"
103.230.104.27 - - [30/May/2016:16:23:25 -0400] "GET /prints/purchase/1 HTTP/1.1" 200 2809 "http://dev.monogramonline.com/purchases" "Mozilla/5.0 (X11; Linux x86_64) AppleWebKit/537.36 (KHTML, like Gecko) Chrome/48.0.2564.71 Safari/537.36"
103.230.104.27 - - [30/May/2016:16:23:26 -0400] "GET /assets/images/yhst-128796189915726.jpg HTTP/1.1" 200 7195 "http://dev.monogramonline.com/prints/purchase/1" "Mozilla/5.0 (X11; Linux x86_64) AppleWebKit/537.36 (KHTML, like Gecko) Chrome/48.0.2564.71 Safari/537.36"
103.230.104.27 - - [30/May/2016:16:23:26 -0400] "GET /assets/images/box.jpg HTTP/1.1" 200 713 "http://dev.monogramonline.com/prints/purchase/1" "Mozilla/5.0 (X11; Linux x86_64) AppleWebKit/537.36 (KHTML, like Gecko) Chrome/48.0.2564.71 Safari/537.36"
103.230.104.27 - - [30/May/2016:16:23:27 -0400] "GET /assets/images/spacer.gif HTTP/1.1" 304 178 "http://dev.monogramonline.com/prints/purchase/1" "Mozilla/5.0 (X11; Linux x86_64) AppleWebKit/537.36 (KHTML, like Gecko) Chrome/48.0.2564.71 Safari/537.36"
104.45.18.178 - - [30/May/2016:16:27:30 -0400] "GET /purchases HTTP/1.1" 302 1482 "-" "Mozilla/5.0 (Windows NT 6.1; WOW64) SkypeUriPreview Preview/0.5"
104.45.18.178 - - [30/May/2016:16:27:31 -0400] "GET /auth/login HTTP/1.1" 200 2424 "-" "Mozilla/5.0 (Windows NT 6.1; WOW64) SkypeUriPreview Preview/0.5"
104.45.18.178 - - [30/May/2016:16:27:31 -0400] "GET /favicon.ico HTTP/1.1" 200 239 "-" "Mozilla/5.0 (Windows NT 6.1; WOW64) SkypeUriPreview Preview/0.5"
98.14.148.218 - - [30/May/2016:16:27:40 -0400] "GET /purchases HTTP/1.1" 200 2465 "-" "Mozilla/5.0 (Windows NT 10.0; WOW64) AppleWebKit/537.36 (KHTML, like Gecko) Chrome/50.0.2661.102 Safari/537.36"
98.14.148.218 - - [30/May/2016:16:27:47 -0400] "GET /purchases/1 HTTP/1.1" 200 2445 "http://dev.monogramonline.com/purchases" "Mozilla/5.0 (Windows NT 10.0; WOW64) AppleWebKit/537.36 (KHTML, like Gecko) Chrome/50.0.2661.102 Safari/537.36"
98.14.148.218 - - [30/May/2016:16:27:56 -0400] "GET /prints/purchase/1 HTTP/1.1" 200 2811 "http://dev.monogramonline.com/purchases/1" "Mozilla/5.0 (Windows NT 10.0; WOW64) AppleWebKit/537.36 (KHTML, like Gecko) Chrome/50.0.2661.102 Safari/537.36"
98.14.148.218 - - [30/May/2016:16:27:56 -0400] "GET /assets/images/yhst-128796189915726.jpg HTTP/1.1" 200 7195 "http://dev.monogramonline.com/prints/purchase/1" "Mozilla/5.0 (Windows NT 10.0; WOW64) AppleWebKit/537.36 (KHTML, like Gecko) Chrome/50.0.2661.102 Safari/537.36"
98.14.148.218 - - [30/May/2016:16:27:57 -0400] "GET /assets/images/box.jpg HTTP/1.1" 200 713 "http://dev.monogramonline.com/prints/purchase/1" "Mozilla/5.0 (Windows NT 10.0; WOW64) AppleWebKit/537.36 (KHTML, like Gecko) Chrome/50.0.2661.102 Safari/537.36"
98.14.148.218 - - [30/May/2016:16:28:08 -0400] "GET / HTTP/1.1" 200 2300 "http://dev.monogramonline.com/purchases/1" "Mozilla/5.0 (Windows NT 10.0; WOW64) AppleWebKit/537.36 (KHTML, like Gecko) Chrome/50.0.2661.102 Safari/537.36"
98.14.148.218 - - [30/May/2016:16:28:39 -0400] "GET /purchases/create HTTP/1.1" 200 53566 "http://dev.monogramonline.com/" "Mozilla/5.0 (Windows NT 10.0; WOW64) AppleWebKit/537.36 (KHTML, like Gecko) Chrome/50.0.2661.102 Safari/537.36"
98.14.148.218 - - [30/May/2016:16:29:12 -0400] "GET /purchases HTTP/1.1" 200 2465 "http://dev.monogramonline.com/purchases/create" "Mozilla/5.0 (Windows NT 10.0; WOW64) AppleWebKit/537.36 (KHTML, like Gecko) Chrome/50.0.2661.102 Safari/537.36"
103.230.104.27 - - [30/May/2016:16:30:20 -0400] "GET /orders/manual HTTP/1.1" 200 5207 "-" "Mozilla/5.0 (X11; Linux x86_64) AppleWebKit/537.36 (KHTML, like Gecko) Chrome/48.0.2564.71 Safari/537.36"
98.14.148.218 - - [30/May/2016:16:38:02 -0400] "GET /items/grouped HTTP/1.1" 200 7879 "http://dev.monogramonline.com/" "Mozilla/5.0 (Windows NT 10.0; WOW64) AppleWebKit/537.36 (KHTML, like Gecko) Chrome/50.0.2661.102 Safari/537.36"
98.14.148.218 - - [30/May/2016:16:38:49 -0400] "GET / HTTP/1.1" 200 2296 "http://dev.monogramonline.com/items/grouped" "Mozilla/5.0 (Windows NT 10.0; WOW64) AppleWebKit/537.36 (KHTML, like Gecko) Chrome/50.0.2661.102 Safari/537.36"
98.14.148.218 - - [30/May/2016:16:38:52 -0400] "GET /items HTTP/1.1" 200 7519 "http://dev.monogramonline.com/" "Mozilla/5.0 (Windows NT 10.0; WOW64) AppleWebKit/537.36 (KHTML, like Gecko) Chrome/50.0.2661.102 Safari/537.36"
98.14.148.218 - - [30/May/2016:16:38:53 -0400] "GET /items/batch HTTP/1.1" 200 110305 "http://dev.monogramonline.com/" "Mozilla/5.0 (Windows NT 10.0; WOW64) AppleWebKit/537.36 (KHTML, like Gecko) Chrome/50.0.2661.102 Safari/537.36"
98.14.148.218 - - [30/May/2016:16:45:05 -0400] "GET / HTTP/1.1" 200 2298 "http://dev.monogramonline.com/items" "Mozilla/5.0 (Windows NT 10.0; WOW64) AppleWebKit/537.36 (KHTML, like Gecko) Chrome/50.0.2661.102 Safari/537.36"
98.14.148.218 - - [30/May/2016:16:45:07 -0400] "GET /items/grouped HTTP/1.1" 200 7882 "http://dev.monogramonline.com/" "Mozilla/5.0 (Windows NT 10.0; WOW64) AppleWebKit/537.36 (KHTML, like Gecko) Chrome/50.0.2661.102 Safari/537.36"
98.14.148.218 - - [30/May/2016:16:45:17 -0400] "GET /batches/10595/R-GGR HTTP/1.1" 200 5703 "http://dev.monogramonline.com/items/grouped" "Mozilla/5.0 (Windows NT 10.0; WOW64) AppleWebKit/537.36 (KHTML, like Gecko) Chrome/50.0.2661.102 Safari/537.36"
98.14.148.218 - - [30/May/2016:16:45:22 -0400] "GET /prints/batches?batch_number[]=10595 HTTP/1.1" 200 3036 "http://dev.monogramonline.com/batches/10595/R-GGR" "Mozilla/5.0 (Windows NT 10.0; WOW64) AppleWebKit/537.36 (KHTML, like Gecko) Chrome/50.0.2661.102 Safari/537.36"
98.14.148.218 - - [30/May/2016:16:45:23 -0400] "GET /assets/css/single_batch_print_css.css HTTP/1.1" 200 1485 "http://dev.monogramonline.com/prints/batches?batch_number[]=10595" "Mozilla/5.0 (Windows NT 10.0; WOW64) AppleWebKit/537.36 (KHTML, like Gecko) Chrome/50.0.2661.102 Safari/537.36"
98.14.148.218 - - [30/May/2016:16:48:27 -0400] "GET /prints/batches?batch_number[]=10595 HTTP/1.1" 200 3031 "http://dev.monogramonline.com/batches/10595/R-GGR" "Mozilla/5.0 (Windows NT 10.0; WOW64) AppleWebKit/537.36 (KHTML, like Gecko) Chrome/50.0.2661.102 Safari/537.36"
103.230.104.27 - - [30/May/2016:16:48:32 -0400] "GET /items HTTP/1.1" 200 7521 "-" "Mozilla/5.0 (X11; Linux x86_64) AppleWebKit/537.36 (KHTML, like Gecko) Chrome/48.0.2564.71 Safari/537.36"
98.14.148.218 - - [30/May/2016:16:49:25 -0400] "POST /stations/change HTTP/1.1" 302 1535 "http://dev.monogramonline.com/batches/10595/R-GGR" "Mozilla/5.0 (Windows NT 10.0; WOW64) AppleWebKit/537.36 (KHTML, like Gecko) Chrome/50.0.2661.102 Safari/537.36"
98.14.148.218 - - [30/May/2016:16:49:25 -0400] "GET /batches/10595/R-GGR HTTP/1.1" 200 5609 "http://dev.monogramonline.com/batches/10595/R-GGR" "Mozilla/5.0 (Windows NT 10.0; WOW64) AppleWebKit/537.36 (KHTML, like Gecko) Chrome/50.0.2661.102 Safari/537.36"
98.14.148.218 - - [30/May/2016:16:49:27 -0400] "POST /stations/change HTTP/1.1" 302 1528 "http://dev.monogramonline.com/batches/10595/R-GGR" "Mozilla/5.0 (Windows NT 10.0; WOW64) AppleWebKit/537.36 (KHTML, like Gecko) Chrome/50.0.2661.102 Safari/537.36"
98.14.148.218 - - [30/May/2016:16:49:27 -0400] "GET /batches/10595/R-GGR HTTP/1.1" 200 5512 "http://dev.monogramonline.com/batches/10595/R-GGR" "Mozilla/5.0 (Windows NT 10.0; WOW64) AppleWebKit/537.36 (KHTML, like Gecko) Chrome/50.0.2661.102 Safari/537.36"
98.14.148.218 - - [30/May/2016:16:49:30 -0400] "GET /batches/10595/R-GGR HTTP/1.1" 200 5514 "http://dev.monogramonline.com/batches/10595/R-GGR" "Mozilla/5.0 (Windows NT 10.0; WOW64) AppleWebKit/537.36 (KHTML, like Gecko) Chrome/50.0.2661.102 Safari/537.36"
98.14.148.218 - - [30/May/2016:16:49:31 -0400] "GET /favicon.ico HTTP/1.1" 200 294 "http://dev.monogramonline.com/batches/10595/R-GGR" "Mozilla/5.0 (Windows NT 10.0; WOW64) AppleWebKit/537.36 (KHTML, like Gecko) Chrome/50.0.2661.102 Safari/537.36"
98.14.148.218 - - [30/May/2016:16:49:41 -0400] "GET /items/grouped HTTP/1.1" 200 7925 "http://dev.monogramonline.com/" "Mozilla/5.0 (Windows NT 10.0; WOW64) AppleWebKit/537.36 (KHTML, like Gecko) Chrome/50.0.2661.102 Safari/537.36"
98.14.148.218 - - [30/May/2016:16:49:41 -0400] "GET /assets/images/spacer.gif HTTP/1.1" 304 178 "http://dev.monogramonline.com/items/grouped" "Mozilla/5.0 (Windows NT 10.0; WOW64) AppleWebKit/537.36 (KHTML, like Gecko) Chrome/50.0.2661.102 Safari/537.36"
98.14.148.218 - - [30/May/2016:16:49:42 -0400] "GET /favicon.ico HTTP/1.1" 200 294 "http://dev.monogramonline.com/items/grouped" "Mozilla/5.0 (Windows NT 10.0; WOW64) AppleWebKit/537.36 (KHTML, like Gecko) Chrome/50.0.2661.102 Safari/537.36"
103.230.104.27 - - [30/May/2016:16:49:43 -0400] "GET /items/batch HTTP/1.1" 200 110302 "http://dev.monogramonline.com/items" "Mozilla/5.0 (X11; Linux x86_64) AppleWebKit/537.36 (KHTML, like Gecko) Chrome/48.0.2564.71 Safari/537.36"
98.14.148.218 - - [30/May/2016:16:49:47 -0400] "GET /batches/10595/R-GGR HTTP/1.1" 200 5511 "http://dev.monogramonline.com/batches/10595/R-GGR" "Mozilla/5.0 (Windows NT 10.0; WOW64) AppleWebKit/537.36 (KHTML, like Gecko) Chrome/50.0.2661.102 Safari/537.36"
98.14.148.218 - - [30/May/2016:16:49:48 -0400] "GET /favicon.ico HTTP/1.1" 200 294 "http://dev.monogramonline.com/batches/10595/R-GGR" "Mozilla/5.0 (Windows NT 10.0; WOW64) AppleWebKit/537.36 (KHTML, like Gecko) Chrome/50.0.2661.102 Safari/537.36"
98.14.148.218 - - [30/May/2016:16:49:52 -0400] "GET /prints/batches?batch_number[]=10595 HTTP/1.1" 200 3032 "http://dev.monogramonline.com/batches/10595/R-GGR" "Mozilla/5.0 (Windows NT 10.0; WOW64) AppleWebKit/537.36 (KHTML, like Gecko) Chrome/50.0.2661.102 Safari/537.36"
98.14.148.218 - - [30/May/2016:16:50:46 -0400] "GET /items/grouped HTTP/1.1" 200 7921 "http://dev.monogramonline.com/" "Mozilla/5.0 (Windows NT 10.0; WOW64) AppleWebKit/537.36 (KHTML, like Gecko) Chrome/50.0.2661.102 Safari/537.36"
98.14.148.218 - - [30/May/2016:16:50:47 -0400] "GET /assets/images/spacer.gif HTTP/1.1" 304 178 "http://dev.monogramonline.com/items/grouped" "Mozilla/5.0 (Windows NT 10.0; WOW64) AppleWebKit/537.36 (KHTML, like Gecko) Chrome/50.0.2661.102 Safari/537.36"
98.14.148.218 - - [30/May/2016:16:50:47 -0400] "GET /favicon.ico HTTP/1.1" 200 294 "http://dev.monogramonline.com/items/grouped" "Mozilla/5.0 (Windows NT 10.0; WOW64) AppleWebKit/537.36 (KHTML, like Gecko) Chrome/50.0.2661.102 Safari/537.36"
98.14.148.218 - - [30/May/2016:16:50:50 -0400] "GET /batch_details/10595 HTTP/1.1" 200 4914 "http://dev.monogramonline.com/items/grouped" "Mozilla/5.0 (Windows NT 10.0; WOW64) AppleWebKit/537.36 (KHTML, like Gecko) Chrome/50.0.2661.102 Safari/537.36"
98.14.148.218 - - [30/May/2016:16:50:55 -0400] "GET /prints/batches?batch_number[]=10595 HTTP/1.1" 200 3028 "http://dev.monogramonline.com/batch_details/10595" "Mozilla/5.0 (Windows NT 10.0; WOW64) AppleWebKit/537.36 (KHTML, like Gecko) Chrome/50.0.2661.102 Safari/537.36"
103.230.104.27 - - [30/May/2016:16:54:47 -0400] "GET /items HTTP/1.1" 200 7526 "-" "Mozilla/5.0 (X11; Linux x86_64) AppleWebKit/537.36 (KHTML, like Gecko) Chrome/48.0.2564.71 Safari/537.36"
103.230.104.27 - - [30/May/2016:16:54:54 -0400] "GET /items/batch HTTP/1.1" 200 110300 "http://dev.monogramonline.com/items" "Mozilla/5.0 (X11; Linux x86_64) AppleWebKit/537.36 (KHTML, like Gecko) Chrome/48.0.2564.71 Safari/537.36"
103.230.104.27 - - [30/May/2016:16:55:03 -0400] "GET /favicon.ico HTTP/1.1" 200 295 "http://dev.monogramonline.com/items" "Mozilla/5.0 (X11; Linux x86_64) AppleWebKit/537.36 (KHTML, like Gecko) Chrome/48.0.2564.71 Safari/537.36"
104.45.18.178 - - [30/May/2016:16:55:16 -0400] "GET /items HTTP/1.1" 302 1490 "-" "Mozilla/5.0 (Windows NT 6.1; WOW64) SkypeUriPreview Preview/0.5"
104.45.18.178 - - [30/May/2016:16:55:16 -0400] "GET /auth/login HTTP/1.1" 200 2420 "-" "Mozilla/5.0 (Windows NT 6.1; WOW64) SkypeUriPreview Preview/0.5"
104.45.18.178 - - [30/May/2016:16:55:16 -0400] "GET /favicon.ico HTTP/1.1" 200 239 "-" "Mozilla/5.0 (Windows NT 6.1; WOW64) SkypeUriPreview Preview/0.5"
98.14.148.218 - - [30/May/2016:16:55:22 -0400] "GET /items HTTP/1.1" 200 7518 "-" "Mozilla/5.0 (Windows NT 10.0; WOW64) AppleWebKit/537.36 (KHTML, like Gecko) Chrome/50.0.2661.102 Safari/537.36"
