103.230.107.27 - - [27/May/2016:15:15:26 -0400] "GET /auth/login HTTP/1.1" 200 1713 "-" "Mozilla/5.0 (X11; Linux x86_64) AppleWebKit/537.36 (KHTML, like Gecko) Chrome/48.0.2564.71 Safari/537.36"
103.230.107.27 - - [27/May/2016:15:15:28 -0400] "GET /assets/css/signin.css HTTP/1.1" 200 663 "http://dev.monogramonline.com/auth/login" "Mozilla/5.0 (X11; Linux x86_64) AppleWebKit/537.36 (KHTML, like Gecko) Chrome/48.0.2564.71 Safari/537.36"
103.230.107.27 - - [27/May/2016:15:15:33 -0400] "POST /login HTTP/1.1" 302 1873 "http://dev.monogramonline.com/auth/login" "Mozilla/5.0 (X11; Linux x86_64) AppleWebKit/537.36 (KHTML, like Gecko) Chrome/48.0.2564.71 Safari/537.36"
103.230.107.27 - - [27/May/2016:15:15:34 -0400] "GET / HTTP/1.1" 200 2293 "http://dev.monogramonline.com/auth/login" "Mozilla/5.0 (X11; Linux x86_64) AppleWebKit/537.36 (KHTML, like Gecko) Chrome/48.0.2564.71 Safari/537.36"
96.57.0.130 - - [27/May/2016:15:15:54 -0400] "GET / HTTP/1.1" 200 2300 "-" "Mozilla/5.0 (Windows NT 10.0; WOW64) AppleWebKit/537.36 (KHTML, like Gecko) Chrome/50.0.2661.102 Safari/537.36"
103.230.107.27 - - [27/May/2016:15:15:59 -0400] "GET /orders/list HTTP/1.1" 200 6901 "http://dev.monogramonline.com/" "Mozilla/5.0 (X11; Linux x86_64) AppleWebKit/537.36 (KHTML, like Gecko) Chrome/48.0.2564.71 Safari/537.36"
96.57.0.130 - - [27/May/2016:15:16:02 -0400] "GET /orders/manual HTTP/1.1" 200 4636 "http://dev.monogramonline.com/" "Mozilla/5.0 (Windows NT 10.0; WOW64) AppleWebKit/537.36 (KHTML, like Gecko) Chrome/50.0.2661.102 Safari/537.36"
96.57.0.130 - - [27/May/2016:15:16:02 -0400] "GET /assets/css/nprogress.css HTTP/1.1" 200 885 "http://dev.monogramonline.com/orders/manual" "Mozilla/5.0 (Windows NT 10.0; WOW64) AppleWebKit/537.36 (KHTML, like Gecko) Chrome/50.0.2661.102 Safari/537.36"
96.57.0.130 - - [27/May/2016:15:16:02 -0400] "GET /assets/js/nprogress.js HTTP/1.1" 200 4030 "http://dev.monogramonline.com/orders/manual" "Mozilla/5.0 (Windows NT 10.0; WOW64) AppleWebKit/537.36 (KHTML, like Gecko) Chrome/50.0.2661.102 Safari/537.36"
103.230.107.27 - - [27/May/2016:15:16:23 -0400] "GET /orders/manual HTTP/1.1" 200 4627 "http://dev.monogramonline.com/" "Mozilla/5.0 (X11; Linux x86_64) AppleWebKit/537.36 (KHTML, like Gecko) Chrome/48.0.2564.71 Safari/537.36"
103.230.107.27 - - [27/May/2016:15:16:25 -0400] "GET /assets/css/nprogress.css HTTP/1.1" 200 885 "http://dev.monogramonline.com/orders/manual" "Mozilla/5.0 (X11; Linux x86_64) AppleWebKit/537.36 (KHTML, like Gecko) Chrome/48.0.2564.71 Safari/537.36"
103.230.107.27 - - [27/May/2016:15:16:25 -0400] "GET /assets/js/nprogress.js HTTP/1.1" 200 4030 "http://dev.monogramonline.com/orders/manual" "Mozilla/5.0 (X11; Linux x86_64) AppleWebKit/537.36 (KHTML, like Gecko) Chrome/48.0.2564.71 Safari/537.36"
103.230.107.27 - - [27/May/2016:15:16:57 -0400] "GET /orders/ajax?sku=note HTTP/1.1" 200 13914 "http://dev.monogramonline.com/orders/manual" "Mozilla/5.0 (X11; Linux x86_64) AppleWebKit/537.36 (KHTML, like Gecko) Chrome/48.0.2564.71 Safari/537.36"
103.230.107.27 - - [27/May/2016:15:16:57 -0400] "GET /orders/ajax?sku=no HTTP/1.1" 200 133455 "http://dev.monogramonline.com/orders/manual" "Mozilla/5.0 (X11; Linux x86_64) AppleWebKit/537.36 (KHTML, like Gecko) Chrome/48.0.2564.71 Safari/537.36"
103.230.107.27 - - [27/May/2016:15:17:00 -0400] "GET /orders/product_info?id_catalog=bano&sku=fr-669p HTTP/1.1" 500 5807 "http://dev.monogramonline.com/orders/manual" "Mozilla/5.0 (X11; Linux x86_64) AppleWebKit/537.36 (KHTML, like Gecko) Chrome/48.0.2564.71 Safari/537.36"
96.57.0.134 - - [27/May/2016:15:17:10 -0400] "GET /crawl?id_catalog=bano HTTP/1.1" 200 2041 "-" "Mozilla/5.0 (Unknown; Linux x86_64) AppleWebKit/534.34 (KHTML, like Gecko) PhantomJS/1.9.8 Safari/534.34"
103.230.107.27 - - [27/May/2016:15:17:18 -0400] "GET /assets/css/nprogress.css HTTP/1.1" 200 886 "http://dev.monogramonline.com/orders/manual" "Mozilla/5.0 (X11; Linux x86_64) AppleWebKit/537.36 (KHTML, like Gecko) Chrome/48.0.2564.71 Safari/537.36"
96.57.0.134 - - [27/May/2016:15:17:32 -0400] "GET /crawl?id_catalog=bano HTTP/1.1" 200 2045 "-" "Mozilla/5.0 (Unknown; Linux x86_64) AppleWebKit/534.34 (KHTML, like Gecko) PhantomJS/1.9.8 Safari/534.34"
96.57.0.134 - - [27/May/2016:15:17:32 -0400] "GET /get_file_contents?url=http%3A%2F%2Fwww.monogramonline.com%2Fbano.html HTTP/1.1" 200 21030 "http://dev.monogramonline.com/crawl?id_catalog=bano" "Mozilla/5.0 (Unknown; Linux x86_64) AppleWebKit/534.34 (KHTML, like Gecko) PhantomJS/1.9.8 Safari/534.34"
103.230.107.27 - - [27/May/2016:15:17:30 -0400] "GET /orders/product_info?id_catalog=bano&sku=fr-669p HTTP/1.1" 200 3657 "-" "Mozilla/5.0 (X11; Linux x86_64) AppleWebKit/537.36 (KHTML, like Gecko) Chrome/48.0.2564.71 Safari/537.36"
96.57.0.130 - - [27/May/2016:15:17:44 -0400] "GET /orders/ajax?sku=AS4097 HTTP/1.1" 200 1339 "http://dev.monogramonline.com/orders/manual" "Mozilla/5.0 (Windows NT 10.0; WOW64) AppleWebKit/537.36 (KHTML, like Gecko) Chrome/50.0.2661.102 Safari/537.36"
96.57.0.134 - - [27/May/2016:15:18:14 -0400] "GET /crawl?id_catalog=bano HTTP/1.1" 200 2039 "-" "Mozilla/5.0 (Unknown; Linux x86_64) AppleWebKit/534.34 (KHTML, like Gecko) PhantomJS/1.9.8 Safari/534.34"
96.57.0.134 - - [27/May/2016:15:18:14 -0400] "GET /get_file_contents?url=http%3A%2F%2Fwww.monogramonline.com%2Fbano.html HTTP/1.1" 200 21028 "http://dev.monogramonline.com/crawl?id_catalog=bano" "Mozilla/5.0 (Unknown; Linux x86_64) AppleWebKit/534.34 (KHTML, like Gecko) PhantomJS/1.9.8 Safari/534.34"
103.230.107.27 - - [27/May/2016:15:18:12 -0400] "GET /orders/product_info?id_catalog=bano&sku=fr-669p HTTP/1.1" 200 3657 "http://dev.monogramonline.com/orders/manual" "Mozilla/5.0 (X11; Linux x86_64) AppleWebKit/537.36 (KHTML, like Gecko) Chrome/48.0.2564.71 Safari/537.36"
96.57.0.134 - - [27/May/2016:15:19:29 -0400] "GET /crawl?id_catalog=bano HTTP/1.1" 200 2039 "-" "Mozilla/5.0 (Unknown; Linux x86_64) AppleWebKit/534.34 (KHTML, like Gecko) PhantomJS/1.9.8 Safari/534.34"
96.57.0.134 - - [27/May/2016:15:19:30 -0400] "GET /get_file_contents?url=http%3A%2F%2Fwww.monogramonline.com%2Fbano.html HTTP/1.1" 200 21034 "http://dev.monogramonline.com/crawl?id_catalog=bano" "Mozilla/5.0 (Unknown; Linux x86_64) AppleWebKit/534.34 (KHTML, like Gecko) PhantomJS/1.9.8 Safari/534.34"
103.230.107.27 - - [27/May/2016:15:19:25 -0400] "GET /orders/product_info?id_catalog=bano&sku=fr-669p HTTP/1.1" 200 3663 "http://dev.monogramonline.com/orders/manual" "Mozilla/5.0 (X11; Linux x86_64) AppleWebKit/537.36 (KHTML, like Gecko) Chrome/48.0.2564.71 Safari/537.36"
103.230.107.27 - - [27/May/2016:15:20:31 -0400] "GET /orders/product_info?id_catalog=fr-665p&sku=FR-665p HTTP/1.1" 500 5807 "http://dev.monogramonline.com/orders/manual" "Mozilla/5.0 (X11; Linux x86_64) AppleWebKit/537.36 (KHTML, like Gecko) Chrome/48.0.2564.71 Safari/537.36"
96.57.0.134 - - [27/May/2016:15:20:39 -0400] "GET /crawl?id_catalog=fr-665p HTTP/1.1" 200 2043 "-" "Mozilla/5.0 (Unknown; Linux x86_64) AppleWebKit/534.34 (KHTML, like Gecko) PhantomJS/1.9.8 Safari/534.34"
103.230.107.27 - - [27/May/2016:15:20:52 -0400] "GET /orders/product_info?id_catalog=fr-831p&sku=FR-831p HTTP/1.1" 500 5807 "http://dev.monogramonline.com/orders/manual" "Mozilla/5.0 (X11; Linux x86_64) AppleWebKit/537.36 (KHTML, like Gecko) Chrome/48.0.2564.71 Safari/537.36"
96.57.0.134 - - [27/May/2016:15:21:10 -0400] "GET /crawl?id_catalog=fr-831p HTTP/1.1" 200 2041 "-" "Mozilla/5.0 (Unknown; Linux x86_64) AppleWebKit/534.34 (KHTML, like Gecko) PhantomJS/1.9.8 Safari/534.34"
103.230.107.27 - - [27/May/2016:15:23:38 -0400] "GET /orders/ajax?sku=note HTTP/1.1" 200 13916 "http://dev.monogramonline.com/orders/manual" "Mozilla/5.0 (X11; Linux x86_64) AppleWebKit/537.36 (KHTML, like Gecko) Chrome/48.0.2564.71 Safari/537.36"
103.230.107.27 - - [27/May/2016:15:23:38 -0400] "GET /orders/ajax?sku=no HTTP/1.1" 200 133457 "http://dev.monogramonline.com/orders/manual" "Mozilla/5.0 (X11; Linux x86_64) AppleWebKit/537.36 (KHTML, like Gecko) Chrome/48.0.2564.71 Safari/537.36"
96.57.0.130 - - [27/May/2016:15:23:36 -0400] "GET /orders/product_info?id_catalog=pewichba&sku=AS4097 HTTP/1.1" 500 5807 "http://dev.monogramonline.com/orders/manual" "Mozilla/5.0 (Windows NT 10.0; WOW64) AppleWebKit/537.36 (KHTML, like Gecko) Chrome/50.0.2661.102 Safari/537.36"
103.230.107.27 - - [27/May/2016:15:23:43 -0400] "GET /orders/ajax?sku=not HTTP/1.1" 200 15512 "http://dev.monogramonline.com/orders/manual" "Mozilla/5.0 (X11; Linux x86_64) AppleWebKit/537.36 (KHTML, like Gecko) Chrome/48.0.2564.71 Safari/537.36"
96.57.0.130 - - [27/May/2016:15:23:58 -0400] "POST /orders/manual HTTP/1.1" 500 25487 "http://dev.monogramonline.com/orders/manual" "Mozilla/5.0 (Windows NT 10.0; WOW64) AppleWebKit/537.36 (KHTML, like Gecko) Chrome/50.0.2661.102 Safari/537.36"
96.57.0.130 - - [27/May/2016:15:29:07 -0400] "GET /orders/manual HTTP/1.1" 200 4630 "http://dev.monogramonline.com/" "Mozilla/5.0 (Windows NT 10.0; WOW64) AppleWebKit/537.36 (KHTML, like Gecko) Chrome/50.0.2661.102 Safari/537.36"
96.57.0.130 - - [27/May/2016:15:29:07 -0400] "GET /orders/ajax?sku=AS4097 HTTP/1.1" 200 1336 "http://dev.monogramonline.com/orders/manual" "Mozilla/5.0 (Windows NT 10.0; WOW64) AppleWebKit/537.36 (KHTML, like Gecko) Chrome/50.0.2661.102 Safari/537.36"
96.57.0.130 - - [27/May/2016:15:29:17 -0400] "GET /assets/css/nprogress.css HTTP/1.1" 200 886 "http://dev.monogramonline.com/orders/manual" "Mozilla/5.0 (Windows NT 10.0; WOW64) AppleWebKit/537.36 (KHTML, like Gecko) Chrome/50.0.2661.102 Safari/537.36"
96.57.0.130 - - [27/May/2016:15:29:17 -0400] "GET /assets/js/nprogress.js HTTP/1.1" 200 4030 "http://dev.monogramonline.com/orders/manual" "Mozilla/5.0 (Windows NT 10.0; WOW64) AppleWebKit/537.36 (KHTML, like Gecko) Chrome/50.0.2661.102 Safari/537.36"
96.57.0.130 - - [27/May/2016:15:29:18 -0400] "GET /favicon.ico HTTP/1.1" 200 294 "http://dev.monogramonline.com/orders/manual" "Mozilla/5.0 (Windows NT 10.0; WOW64) AppleWebKit/537.36 (KHTML, like Gecko) Chrome/50.0.2661.102 Safari/537.36"
103.230.107.27 - - [27/May/2016:15:29:13 -0400] "GET /orders/product_info?id_catalog=skno&sku=fr-1114p HTTP/1.1" 500 5807 "http://dev.monogramonline.com/orders/manual" "Mozilla/5.0 (X11; Linux x86_64) AppleWebKit/537.36 (KHTML, like Gecko) Chrome/48.0.2564.71 Safari/537.36"
96.57.0.134 - - [27/May/2016:15:29:27 -0400] "GET /crawl?id_catalog=skno HTTP/1.1" 200 2041 "-" "Mozilla/5.0 (Unknown; Linux x86_64) AppleWebKit/534.34 (KHTML, like Gecko) PhantomJS/1.9.8 Safari/534.34"
96.57.0.130 - - [27/May/2016:15:29:46 -0400] "GET /orders/ajax?sku=AS4097 HTTP/1.1" 200 1333 "http://dev.monogramonline.com/orders/manual" "Mozilla/5.0 (Windows NT 10.0; WOW64) AppleWebKit/537.36 (KHTML, like Gecko) Chrome/50.0.2661.102 Safari/537.36"
96.57.0.130 - - [27/May/2016:15:29:50 -0400] "GET /orders/ajax?sku=SB2908 HTTP/1.1" 200 1470 "http://dev.monogramonline.com/orders/manual" "Mozilla/5.0 (Windows NT 10.0; WOW64) AppleWebKit/537.36 (KHTML, like Gecko) Chrome/50.0.2661.102 Safari/537.36"
103.230.107.27 - - [27/May/2016:15:31:15 -0400] "GET /orders/manual HTTP/1.1" 200 4635 "http://dev.monogramonline.com/" "Mozilla/5.0 (X11; Linux x86_64) AppleWebKit/537.36 (KHTML, like Gecko) Chrome/48.0.2564.71 Safari/537.36"
103.230.107.27 - - [27/May/2016:15:31:16 -0400] "GET /assets/css/nprogress.css HTTP/1.1" 200 885 "http://dev.monogramonline.com/orders/manual" "Mozilla/5.0 (X11; Linux x86_64) AppleWebKit/537.36 (KHTML, like Gecko) Chrome/48.0.2564.71 Safari/537.36"
103.230.107.27 - - [27/May/2016:15:31:20 -0400] "GET /assets/js/nprogress.js HTTP/1.1" 200 4030 "http://dev.monogramonline.com/orders/manual" "Mozilla/5.0 (X11; Linux x86_64) AppleWebKit/537.36 (KHTML, like Gecko) Chrome/48.0.2564.71 Safari/537.36"
96.57.0.130 - - [27/May/2016:15:39:21 -0400] "GET / HTTP/1.1" 200 2308 "-" "Mozilla/5.0 (Windows NT 10.0; WOW64) AppleWebKit/537.36 (KHTML, like Gecko) Chrome/50.0.2661.102 Safari/537.36"
96.57.0.130 - - [27/May/2016:15:39:25 -0400] "GET /favicon.ico HTTP/1.1" 304 177 "http://dev.monogramonline.com/" "Mozilla/5.0 (Windows NT 10.0; WOW64) AppleWebKit/537.36 (KHTML, like Gecko) Chrome/50.0.2661.102 Safari/537.36"
96.57.0.130 - - [27/May/2016:15:39:28 -0400] "GET /orders/manual HTTP/1.1" 200 4623 "http://dev.monogramonline.com/" "Mozilla/5.0 (Windows NT 10.0; WOW64) AppleWebKit/537.36 (KHTML, like Gecko) Chrome/50.0.2661.102 Safari/537.36"
96.57.0.130 - - [27/May/2016:15:39:28 -0400] "GET /assets/css/nprogress.css HTTP/1.1" 200 885 "http://dev.monogramonline.com/orders/manual" "Mozilla/5.0 (Windows NT 10.0; WOW64) AppleWebKit/537.36 (KHTML, like Gecko) Chrome/50.0.2661.102 Safari/537.36"
96.57.0.130 - - [27/May/2016:15:39:28 -0400] "GET /assets/js/nprogress.js HTTP/1.1" 200 4030 "http://dev.monogramonline.com/orders/manual" "Mozilla/5.0 (Windows NT 10.0; WOW64) AppleWebKit/537.36 (KHTML, like Gecko) Chrome/50.0.2661.102 Safari/537.36"
96.57.0.130 - - [27/May/2016:15:39:29 -0400] "GET /logistics/create_child_sku HTTP/1.1" 200 2346 "http://dev.monogramonline.com/" "Mozilla/5.0 (Windows NT 10.0; WOW64) AppleWebKit/537.36 (KHTML, like Gecko) Chrome/50.0.2661.102 Safari/537.36"
96.57.0.134 - - [27/May/2016:15:39:36 -0400] "GET /crawl?id_catalog=pefaneformom2 HTTP/1.1" 200 2049 "-" "Mozilla/5.0 (Unknown; Linux x86_64) AppleWebKit/534.34 (KHTML, like Gecko) PhantomJS/1.9.8 Safari/534.34"
96.57.0.134 - - [27/May/2016:15:39:37 -0400] "GET /get_file_contents?url=http%3A%2F%2Fwww.monogramonline.com%2Fpefaneformom2.html HTTP/1.1" 200 23444 "http://dev.monogramonline.com/crawl?id_catalog=pefaneformom2" "Mozilla/5.0 (Unknown; Linux x86_64) AppleWebKit/534.34 (KHTML, like Gecko) PhantomJS/1.9.8 Safari/534.34"
96.57.0.130 - - [27/May/2016:15:39:36 -0400] "GET /logistics/create_child_sku?store=3&id_catalog=pefaneformom2 HTTP/1.1" 200 2981 "http://dev.monogramonline.com/logistics/create_child_sku" "Mozilla/5.0 (Windows NT 10.0; WOW64) AppleWebKit/537.36 (KHTML, like Gecko) Chrome/50.0.2661.102 Safari/537.36"
96.57.0.130 - - [27/May/2016:15:39:51 -0400] "GET /orders/ajax?sku=pefaneformom2 HTTP/1.1" 200 1436 "http://dev.monogramonline.com/orders/manual" "Mozilla/5.0 (Windows NT 10.0; WOW64) AppleWebKit/537.36 (KHTML, like Gecko) Chrome/50.0.2661.102 Safari/537.36"
96.57.0.134 - - [27/May/2016:15:39:57 -0400] "GET /crawl?id_catalog=pefaneformom2 HTTP/1.1" 200 2049 "-" "Mozilla/5.0 (Unknown; Linux x86_64) AppleWebKit/534.34 (KHTML, like Gecko) PhantomJS/1.9.8 Safari/534.34"
96.57.0.134 - - [27/May/2016:15:39:58 -0400] "GET /get_file_contents?url=http%3A%2F%2Fwww.monogramonline.com%2Fpefaneformom2.html HTTP/1.1" 200 23440 "http://dev.monogramonline.com/crawl?id_catalog=pefaneformom2" "Mozilla/5.0 (Unknown; Linux x86_64) AppleWebKit/534.34 (KHTML, like Gecko) PhantomJS/1.9.8 Safari/534.34"
96.57.0.130 - - [27/May/2016:15:39:57 -0400] "GET /orders/product_info?id_catalog=pefaneformom2&sku=EN314-HT HTTP/1.1" 200 5852 "http://dev.monogramonline.com/orders/manual" "Mozilla/5.0 (Windows NT 10.0; WOW64) AppleWebKit/537.36 (KHTML, like Gecko) Chrome/50.0.2661.102 Safari/537.36"
96.57.0.130 - - [27/May/2016:15:40:33 -0400] "GET /orders/list HTTP/1.1" 200 7005 "http://dev.monogramonline.com/" "Mozilla/5.0 (Windows NT 10.0; WOW64) AppleWebKit/537.36 (KHTML, like Gecko) Chrome/50.0.2661.102 Safari/537.36"
96.57.0.130 - - [27/May/2016:15:40:36 -0400] "GET /products HTTP/1.1" 200 11966 "http://dev.monogramonline.com/" "Mozilla/5.0 (Windows NT 10.0; WOW64) AppleWebKit/537.36 (KHTML, like Gecko) Chrome/50.0.2661.102 Safari/537.36"
96.57.0.130 - - [27/May/2016:15:40:36 -0400] "GET /assets/css/bootstrap-horizon.css HTTP/1.1" 200 786 "http://dev.monogramonline.com/products" "Mozilla/5.0 (Windows NT 10.0; WOW64) AppleWebKit/537.36 (KHTML, like Gecko) Chrome/50.0.2661.102 Safari/537.36"
96.57.0.134 - - [27/May/2016:15:40:52 -0400] "GET /crawl?id_catalog=pewichba HTTP/1.1" 200 2049 "-" "Mozilla/5.0 (Unknown; Linux x86_64) AppleWebKit/534.34 (KHTML, like Gecko) PhantomJS/1.9.8 Safari/534.34"
96.57.0.134 - - [27/May/2016:15:40:52 -0400] "GET /get_file_contents?url=http%3A%2F%2Fwww.monogramonline.com%2Fpewichba.html HTTP/1.1" 500 23851 "http://dev.monogramonline.com/crawl?id_catalog=pewichba" "Mozilla/5.0 (Unknown; Linux x86_64) AppleWebKit/534.34 (KHTML, like Gecko) PhantomJS/1.9.8 Safari/534.34"
96.57.0.130 - - [27/May/2016:15:40:51 -0400] "GET /logistics/create_child_sku?store=3&id_catalog=pewichba HTTP/1.1" 200 2413 "http://dev.monogramonline.com/logistics/create_child_sku?store=3&id_catalog=pefaneformom2" "Mozilla/5.0 (Windows NT 10.0; WOW64) AppleWebKit/537.36 (KHTML, like Gecko) Chrome/50.0.2661.102 Safari/537.36"
96.57.0.134 - - [27/May/2016:15:41:22 -0400] "GET /crawl?id_catalog=pewichba HTTP/1.1" 200 2047 "-" "Mozilla/5.0 (Unknown; Linux x86_64) AppleWebKit/534.34 (KHTML, like Gecko) PhantomJS/1.9.8 Safari/534.34"
96.57.0.134 - - [27/May/2016:15:41:22 -0400] "GET /get_file_contents?url=http%3A%2F%2Fwww.monogramonline.com%2Fpewichba.html HTTP/1.1" 500 23851 "http://dev.monogramonline.com/crawl?id_catalog=pewichba" "Mozilla/5.0 (Unknown; Linux x86_64) AppleWebKit/534.34 (KHTML, like Gecko) PhantomJS/1.9.8 Safari/534.34"
96.57.0.130 - - [27/May/2016:15:41:21 -0400] "GET /logistics/create_child_sku?store=4&id_catalog=pewichba HTTP/1.1" 200 2401 "http://dev.monogramonline.com/logistics/create_child_sku?store=3&id_catalog=pewichba" "Mozilla/5.0 (Windows NT 10.0; WOW64) AppleWebKit/537.36 (KHTML, like Gecko) Chrome/50.0.2661.102 Safari/537.36"
96.57.0.134 - - [27/May/2016:15:41:25 -0400] "GET /crawl?id_catalog=pewichba HTTP/1.1" 200 2045 "-" "Mozilla/5.0 (Unknown; Linux x86_64) AppleWebKit/534.34 (KHTML, like Gecko) PhantomJS/1.9.8 Safari/534.34"
96.57.0.134 - - [27/May/2016:15:41:26 -0400] "GET /get_file_contents?url=http%3A%2F%2Fwww.monogramonline.com%2Fpewichba.html HTTP/1.1" 500 23851 "http://dev.monogramonline.com/crawl?id_catalog=pewichba" "Mozilla/5.0 (Unknown; Linux x86_64) AppleWebKit/534.34 (KHTML, like Gecko) PhantomJS/1.9.8 Safari/534.34"
96.57.0.130 - - [27/May/2016:15:41:25 -0400] "GET /logistics/create_child_sku?store=4&id_catalog=pewichba HTTP/1.1" 200 2406 "http://dev.monogramonline.com/logistics/create_child_sku?store=4&id_catalog=pewichba" "Mozilla/5.0 (Windows NT 10.0; WOW64) AppleWebKit/537.36 (KHTML, like Gecko) Chrome/50.0.2661.102 Safari/537.36"
96.57.0.134 - - [27/May/2016:15:41:56 -0400] "GET /crawl?id_catalog=pewichba HTTP/1.1" 200 2043 "-" "Mozilla/5.0 (Unknown; Linux x86_64) AppleWebKit/534.34 (KHTML, like Gecko) PhantomJS/1.9.8 Safari/534.34"
96.57.0.134 - - [27/May/2016:15:41:56 -0400] "GET /get_file_contents?url=http%3A%2F%2Fwww.monogramonline.com%2Fpewichba.html HTTP/1.1" 500 23851 "http://dev.monogramonline.com/crawl?id_catalog=pewichba" "Mozilla/5.0 (Unknown; Linux x86_64) AppleWebKit/534.34 (KHTML, like Gecko) PhantomJS/1.9.8 Safari/534.34"
96.57.0.130 - - [27/May/2016:15:41:56 -0400] "GET /logistics/create_child_sku?store=4&id_catalog=pewichba HTTP/1.1" 200 2403 "http://dev.monogramonline.com/logistics/create_child_sku?store=4&id_catalog=pewichba" "Mozilla/5.0 (Windows NT 10.0; WOW64) AppleWebKit/537.36 (KHTML, like Gecko) Chrome/50.0.2661.102 Safari/537.36"
103.230.107.27 - - [27/May/2016:15:43:38 -0400] "GET /orders/manual HTTP/1.1" 200 4631 "http://dev.monogramonline.com/" "Mozilla/5.0 (X11; Linux x86_64) AppleWebKit/537.36 (KHTML, like Gecko) Chrome/48.0.2564.71 Safari/537.36"
103.230.107.27 - - [27/May/2016:15:43:39 -0400] "GET /assets/css/nprogress.css HTTP/1.1" 200 885 "http://dev.monogramonline.com/orders/manual" "Mozilla/5.0 (X11; Linux x86_64) AppleWebKit/537.36 (KHTML, like Gecko) Chrome/48.0.2564.71 Safari/537.36"
103.230.107.27 - - [27/May/2016:15:43:39 -0400] "GET /assets/js/nprogress.js HTTP/1.1" 200 4030 "http://dev.monogramonline.com/orders/manual" "Mozilla/5.0 (X11; Linux x86_64) AppleWebKit/537.36 (KHTML, like Gecko) Chrome/48.0.2564.71 Safari/537.36"
96.57.0.134 - - [27/May/2016:15:43:40 -0400] "GET /crawl?id_catalog=pefaneformom2 HTTP/1.1" 200 2041 "-" "Mozilla/5.0 (Unknown; Linux x86_64) AppleWebKit/534.34 (KHTML, like Gecko) PhantomJS/1.9.8 Safari/534.34"
96.57.0.134 - - [27/May/2016:15:43:41 -0400] "GET /get_file_contents?url=http%3A%2F%2Fwww.monogramonline.com%2Fpefaneformom2.html HTTP/1.1" 200 23452 "http://dev.monogramonline.com/crawl?id_catalog=pefaneformom2" "Mozilla/5.0 (Unknown; Linux x86_64) AppleWebKit/534.34 (KHTML, like Gecko) PhantomJS/1.9.8 Safari/534.34"
96.57.0.130 - - [27/May/2016:15:43:40 -0400] "GET /orders/product_info?id_catalog=pefaneformom2&sku=EN314-HT HTTP/1.1" 200 5846 "http://dev.monogramonline.com/orders/manual" "Mozilla/5.0 (Windows NT 10.0; WOW64) AppleWebKit/537.36 (KHTML, like Gecko) Chrome/50.0.2661.102 Safari/537.36"
103.230.107.27 - - [27/May/2016:15:43:45 -0400] "GET /orders/ajax?sku=note HTTP/1.1" 200 13924 "http://dev.monogramonline.com/orders/manual" "Mozilla/5.0 (X11; Linux x86_64) AppleWebKit/537.36 (KHTML, like Gecko) Chrome/48.0.2564.71 Safari/537.36"
103.230.107.27 - - [27/May/2016:15:43:46 -0400] "GET /orders/ajax?sku=not HTTP/1.1" 200 15509 "http://dev.monogramonline.com/orders/manual" "Mozilla/5.0 (X11; Linux x86_64) AppleWebKit/537.36 (KHTML, like Gecko) Chrome/48.0.2564.71 Safari/537.36"
96.57.0.134 - - [27/May/2016:15:43:50 -0400] "GET /crawl?id_catalog=bano HTTP/1.1" 200 2039 "-" "Mozilla/5.0 (Unknown; Linux x86_64) AppleWebKit/534.34 (KHTML, like Gecko) PhantomJS/1.9.8 Safari/534.34"
103.230.107.27 - - [27/May/2016:15:43:48 -0400] "GET /orders/ajax?sku=no HTTP/1.1" 200 133458 "http://dev.monogramonline.com/orders/manual" "Mozilla/5.0 (X11; Linux x86_64) AppleWebKit/537.36 (KHTML, like Gecko) Chrome/48.0.2564.71 Safari/537.36"
96.57.0.134 - - [27/May/2016:15:43:52 -0400] "GET /get_file_contents?url=http%3A%2F%2Fwww.monogramonline.com%2Fbano.html HTTP/1.1" 200 21020 "http://dev.monogramonline.com/crawl?id_catalog=bano" "Mozilla/5.0 (Unknown; Linux x86_64) AppleWebKit/534.34 (KHTML, like Gecko) PhantomJS/1.9.8 Safari/534.34"
103.230.107.27 - - [27/May/2016:15:43:50 -0400] "GET /orders/product_info?id_catalog=bano&sku=fr-669p HTTP/1.1" 200 3665 "http://dev.monogramonline.com/orders/manual" "Mozilla/5.0 (X11; Linux x86_64) AppleWebKit/537.36 (KHTML, like Gecko) Chrome/48.0.2564.71 Safari/537.36"
96.57.0.130 - - [27/May/2016:15:45:20 -0400] "GET /orders/ajax?sku=pefaneformom HTTP/1.1" 200 2507 "http://dev.monogramonline.com/orders/manual" "Mozilla/5.0 (Windows NT 10.0; WOW64) AppleWebKit/537.36 (KHTML, like Gecko) Chrome/50.0.2661.102 Safari/537.36"
96.57.0.134 - - [27/May/2016:15:45:35 -0400] "GET /crawl?id_catalog=pefaneformom1 HTTP/1.1" 200 2045 "-" "Mozilla/5.0 (Unknown; Linux x86_64) AppleWebKit/534.34 (KHTML, like Gecko) PhantomJS/1.9.8 Safari/534.34"
96.57.0.130 - - [27/May/2016:15:45:34 -0400] "GET /orders/product_info?id_catalog=pefaneformom1&sku=EN313-HT HTTP/1.1" 400 1050 "http://dev.monogramonline.com/orders/manual" "Mozilla/5.0 (Windows NT 10.0; WOW64) AppleWebKit/537.36 (KHTML, like Gecko) Chrome/50.0.2661.102 Safari/537.36"
96.57.0.134 - - [27/May/2016:15:46:28 -0400] "GET /crawl?id_catalog=pefaneformom1 HTTP/1.1" 200 2049 "-" "Mozilla/5.0 (Unknown; Linux x86_64) AppleWebKit/534.34 (KHTML, like Gecko) PhantomJS/1.9.8 Safari/534.34"
96.57.0.134 - - [27/May/2016:15:46:35 -0400] "GET /get_file_contents?url=http%3A%2F%2Fwww.monogramonline.com%2Fpefaneformom1.html HTTP/1.1" 200 23332 "http://dev.monogramonline.com/crawl?id_catalog=pefaneformom1" "Mozilla/5.0 (Unknown; Linux x86_64) AppleWebKit/534.34 (KHTML, like Gecko) PhantomJS/1.9.8 Safari/534.34"
96.57.0.130 - - [27/May/2016:15:46:24 -0400] "GET /orders/product_info?id_catalog=pefaneformom1&sku=EN313-HT HTTP/1.1" 200 5011 "http://dev.monogramonline.com/orders/manual" "Mozilla/5.0 (Windows NT 10.0; WOW64) AppleWebKit/537.36 (KHTML, like Gecko) Chrome/50.0.2661.102 Safari/537.36"
103.230.107.27 - - [27/May/2016:15:47:19 -0400] "GET /orders/product_info?id_catalog=bano&sku=fr-669p HTTP/1.1" 500 5807 "http://dev.monogramonline.com/orders/manual" "Mozilla/5.0 (X11; Linux x86_64) AppleWebKit/537.36 (KHTML, like Gecko) Chrome/48.0.2564.71 Safari/537.36"
96.57.0.134 - - [27/May/2016:15:47:30 -0400] "GET /crawl?id_catalog=bano HTTP/1.1" 200 2047 "-" "Mozilla/5.0 (Unknown; Linux x86_64) AppleWebKit/534.34 (KHTML, like Gecko) PhantomJS/1.9.8 Safari/534.34"
96.57.0.130 - - [27/May/2016:15:47:36 -0400] "POST /orders/manual HTTP/1.1" 302 1497 "http://dev.monogramonline.com/orders/manual" "Mozilla/5.0 (Windows NT 10.0; WOW64) AppleWebKit/537.36 (KHTML, like Gecko) Chrome/50.0.2661.102 Safari/537.36"
96.57.0.130 - - [27/May/2016:15:47:36 -0400] "GET /orders/manual HTTP/1.1" 200 4661 "http://dev.monogramonline.com/orders/manual" "Mozilla/5.0 (Windows NT 10.0; WOW64) AppleWebKit/537.36 (KHTML, like Gecko) Chrome/50.0.2661.102 Safari/537.36"
96.57.0.130 - - [27/May/2016:15:47:37 -0400] "GET /assets/css/nprogress.css HTTP/1.1" 200 885 "http://dev.monogramonline.com/orders/manual" "Mozilla/5.0 (Windows NT 10.0; WOW64) AppleWebKit/537.36 (KHTML, like Gecko) Chrome/50.0.2661.102 Safari/537.36"
96.57.0.130 - - [27/May/2016:15:47:37 -0400] "GET /assets/js/nprogress.js HTTP/1.1" 200 4030 "http://dev.monogramonline.com/orders/manual" "Mozilla/5.0 (Windows NT 10.0; WOW64) AppleWebKit/537.36 (KHTML, like Gecko) Chrome/50.0.2661.102 Safari/537.36"
96.57.0.130 - - [27/May/2016:15:47:37 -0400] "GET /favicon.ico HTTP/1.1" 304 177 "http://dev.monogramonline.com/orders/manual" "Mozilla/5.0 (Windows NT 10.0; WOW64) AppleWebKit/537.36 (KHTML, like Gecko) Chrome/50.0.2661.102 Safari/537.36"
103.230.107.27 - - [27/May/2016:15:47:50 -0400] "GET /orders/list HTTP/1.1" 200 7061 "http://dev.monogramonline.com/orders/manual" "Mozilla/5.0 (X11; Linux x86_64) AppleWebKit/537.36 (KHTML, like Gecko) Chrome/48.0.2564.71 Safari/537.36"
96.57.0.130 - - [27/May/2016:15:47:50 -0400] "GET /orders/list HTTP/1.1" 200 7063 "http://dev.monogramonline.com/orders/manual" "Mozilla/5.0 (Windows NT 10.0; WOW64) AppleWebKit/537.36 (KHTML, like Gecko) Chrome/50.0.2661.102 Safari/537.36"
103.230.107.27 - - [27/May/2016:15:47:55 -0400] "GET /orders/details/yhst-128796189915726-AXl8Rc HTTP/1.1" 200 5079 "http://dev.monogramonline.com/orders/list" "Mozilla/5.0 (X11; Linux x86_64) AppleWebKit/537.36 (KHTML, like Gecko) Chrome/48.0.2564.71 Safari/537.36"
96.57.0.130 - - [27/May/2016:15:48:14 -0400] "GET /orders/details/yhst-128796189915726-AXl8Rc HTTP/1.1" 200 5082 "http://dev.monogramonline.com/orders/list" "Mozilla/5.0 (Windows NT 10.0; WOW64) AppleWebKit/537.36 (KHTML, like Gecko) Chrome/50.0.2661.102 Safari/537.36"
96.57.0.130 - - [27/May/2016:15:49:54 -0400] "GET /orders/list HTTP/1.1" 200 7070 "http://dev.monogramonline.com/orders/details/yhst-128796189915726-AXl8Rc" "Mozilla/5.0 (Windows NT 10.0; WOW64) AppleWebKit/537.36 (KHTML, like Gecko) Chrome/50.0.2661.102 Safari/537.36"
96.57.0.130 - - [27/May/2016:15:50:10 -0400] "GET / HTTP/1.1" 200 2294 "http://dev.monogramonline.com/orders/details/yhst-128796189915726-AXl8Rc" "Mozilla/5.0 (Windows NT 10.0; WOW64) AppleWebKit/537.36 (KHTML, like Gecko) Chrome/50.0.2661.102 Safari/537.36"
96.57.0.130 - - [27/May/2016:15:51:05 -0400] "GET /orders/manual HTTP/1.1" 200 4626 "http://dev.monogramonline.com/" "Mozilla/5.0 (Windows NT 10.0; WOW64) AppleWebKit/537.36 (KHTML, like Gecko) Chrome/50.0.2661.102 Safari/537.36"
96.57.0.130 - - [27/May/2016:15:51:52 -0400] "GET /orders/ajax?sku=spring-flowers-personalized-monogram-cosmetic-bag-sb4163 HTTP/1.1" 200 1397 "http://dev.monogramonline.com/orders/manual" "Mozilla/5.0 (Windows NT 10.0; WOW64) AppleWebKit/537.36 (KHTML, like Gecko) Chrome/50.0.2661.102 Safari/537.36"
96.57.0.130 - - [27/May/2016:15:52:22 -0400] "GET /orders/product_info?id_catalog=spring-flowers-personalized-monogram-cosmetic-bag-sb4163&sku=SB4163 HTTP/1.1" 500 5807 "http://dev.monogramonline.com/orders/manual" "Mozilla/5.0 (Windows NT 10.0; WOW64) AppleWebKit/537.36 (KHTML, like Gecko) Chrome/50.0.2661.102 Safari/537.36"
96.57.0.134 - - [27/May/2016:15:52:49 -0400] "GET /crawl?id_catalog=spring-flowers-personalized-monogram-cosmetic-bag-sb4163 HTTP/1.1" 200 2079 "-" "Mozilla/5.0 (Unknown; Linux x86_64) AppleWebKit/534.34 (KHTML, like Gecko) PhantomJS/1.9.8 Safari/534.34"
96.57.0.130 - - [27/May/2016:15:52:59 -0400] "GET /orders/product_info?id_catalog=spring-flowers-personalized-monogram-cosmetic-bag-sb4163&sku=SB4163 HTTP/1.1" 500 5807 "http://dev.monogramonline.com/orders/manual" "Mozilla/5.0 (Windows NT 10.0; WOW64) AppleWebKit/537.36 (KHTML, like Gecko) Chrome/50.0.2661.102 Safari/537.36"
96.57.0.134 - - [27/May/2016:15:53:19 -0400] "GET /crawl?id_catalog=spring-flowers-personalized-monogram-cosmetic-bag-sb4163 HTTP/1.1" 200 2081 "-" "Mozilla/5.0 (Unknown; Linux x86_64) AppleWebKit/534.34 (KHTML, like Gecko) PhantomJS/1.9.8 Safari/534.34"
96.57.0.130 - - [27/May/2016:15:53:41 -0400] "GET /orders/ajax?sku=Something+went+wrong! HTTP/1.1" 400 1020 "http://dev.monogramonline.com/orders/manual" "Mozilla/5.0 (Windows NT 10.0; WOW64) AppleWebKit/537.36 (KHTML, like Gecko) Chrome/50.0.2661.102 Safari/537.36"
96.57.0.130 - - [27/May/2016:15:53:45 -0400] "POST /orders/manual HTTP/1.1" 500 25487 "http://dev.monogramonline.com/orders/manual" "Mozilla/5.0 (Windows NT 10.0; WOW64) AppleWebKit/537.36 (KHTML, like Gecko) Chrome/50.0.2661.102 Safari/537.36"
103.230.107.27 - - [27/May/2016:15:53:44 -0400] "GET /orders/ajax?sku=no HTTP/1.1" 200 133459 "http://dev.monogramonline.com/orders/manual" "Mozilla/5.0 (X11; Linux x86_64) AppleWebKit/537.36 (KHTML, like Gecko) Chrome/48.0.2564.71 Safari/537.36"
103.230.107.27 - - [27/May/2016:15:53:48 -0400] "GET /orders/ajax?sku=note HTTP/1.1" 200 13926 "http://dev.monogramonline.com/orders/manual" "Mozilla/5.0 (X11; Linux x86_64) AppleWebKit/537.36 (KHTML, like Gecko) Chrome/48.0.2564.71 Safari/537.36"
103.230.107.27 - - [27/May/2016:15:53:50 -0400] "GET /orders/ajax?sku=notep HTTP/1.1" 200 2982 "http://dev.monogramonline.com/orders/manual" "Mozilla/5.0 (X11; Linux x86_64) AppleWebKit/537.36 (KHTML, like Gecko) Chrome/48.0.2564.71 Safari/537.36"
103.230.107.27 - - [27/May/2016:15:53:50 -0400] "GET /orders/ajax?sku=notepad HTTP/1.1" 200 2976 "http://dev.monogramonline.com/orders/manual" "Mozilla/5.0 (X11; Linux x86_64) AppleWebKit/537.36 (KHTML, like Gecko) Chrome/48.0.2564.71 Safari/537.36"
96.57.0.130 - - [27/May/2016:15:54:02 -0400] "GET /favicon.ico HTTP/1.1" 304 178 "http://dev.monogramonline.com/orders/manual" "Mozilla/5.0 (Windows NT 10.0; WOW64) AppleWebKit/537.36 (KHTML, like Gecko) Chrome/50.0.2661.102 Safari/537.36"
96.57.0.130 - - [27/May/2016:15:54:07 -0400] "GET /favicon.ico HTTP/1.1" 200 295 "http://dev.monogramonline.com/orders/manual" "Mozilla/5.0 (Windows NT 10.0; WOW64) AppleWebKit/537.36 (KHTML, like Gecko) Chrome/50.0.2661.102 Safari/537.36"
103.230.107.27 - - [27/May/2016:15:54:09 -0400] "GET /orders/ajax?sku=not HTTP/1.1" 200 15508 "http://dev.monogramonline.com/orders/manual" "Mozilla/5.0 (X11; Linux x86_64) AppleWebKit/537.36 (KHTML, like Gecko) Chrome/48.0.2564.71 Safari/537.36"
96.57.0.130 - - [27/May/2016:15:54:24 -0400] "GET /orders/ajax?sku=SB4163 HTTP/1.1" 200 1343 "http://dev.monogramonline.com/orders/manual" "Mozilla/5.0 (Windows NT 10.0; WOW64) AppleWebKit/537.36 (KHTML, like Gecko) Chrome/50.0.2661.102 Safari/537.36"
103.230.107.27 - - [27/May/2016:15:54:32 -0400] "GET /orders/ajax?sku=no HTTP/1.1" 200 133459 "http://dev.monogramonline.com/orders/manual" "Mozilla/5.0 (X11; Linux x86_64) AppleWebKit/537.36 (KHTML, like Gecko) Chrome/48.0.2564.71 Safari/537.36"
103.230.107.27 - - [27/May/2016:15:54:37 -0400] "GET /orders/ajax?sku=notepa HTTP/1.1" 200 2985 "http://dev.monogramonline.com/orders/manual" "Mozilla/5.0 (X11; Linux x86_64) AppleWebKit/537.36 (KHTML, like Gecko) Chrome/48.0.2564.71 Safari/537.36"
96.57.0.130 - - [27/May/2016:15:54:50 -0400] "GET /orders/ajax?sku=my-kids-are-a-hoot-personalized-owl-t-shirt-sb4017 HTTP/1.1" 400 1057 "http://dev.monogramonline.com/orders/manual" "Mozilla/5.0 (Windows NT 10.0; WOW64) AppleWebKit/537.36 (KHTML, like Gecko) Chrome/50.0.2661.102 Safari/537.36"
96.57.0.130 - - [27/May/2016:15:54:50 -0400] "GET /orders/ajax?sku=SB4163 HTTP/1.1" 200 1347 "http://dev.monogramonline.com/orders/manual" "Mozilla/5.0 (Windows NT 10.0; WOW64) AppleWebKit/537.36 (KHTML, like Gecko) Chrome/50.0.2661.102 Safari/537.36"
103.230.107.27 - - [27/May/2016:15:54:54 -0400] "GET /orders/ajax?sku=notepad HTTP/1.1" 200 2978 "http://dev.monogramonline.com/orders/manual" "Mozilla/5.0 (X11; Linux x86_64) AppleWebKit/537.36 (KHTML, like Gecko) Chrome/48.0.2564.71 Safari/537.36"
103.230.107.27 - - [27/May/2016:15:55:06 -0400] "GET /orders/ajax?sku=note HTTP/1.1" 200 13920 "http://dev.monogramonline.com/orders/manual" "Mozilla/5.0 (X11; Linux x86_64) AppleWebKit/537.36 (KHTML, like Gecko) Chrome/48.0.2564.71 Safari/537.36"
96.57.0.130 - - [27/May/2016:15:55:33 -0400] "GET /orders/ajax?sku=personalized-layered-acrylic-monogram-tassel-necklace-ra4218 HTTP/1.1" 200 1315 "http://dev.monogramonline.com/orders/manual" "Mozilla/5.0 (Windows NT 10.0; WOW64) AppleWebKit/537.36 (KHTML, like Gecko) Chrome/50.0.2661.102 Safari/537.36"
96.57.0.130 - - [27/May/2016:15:55:34 -0400] "POST /orders/manual HTTP/1.1" 500 25487 "http://dev.monogramonline.com/orders/manual" "Mozilla/5.0 (Windows NT 10.0; WOW64) AppleWebKit/537.36 (KHTML, like Gecko) Chrome/50.0.2661.102 Safari/537.36"
103.230.107.27 - - [27/May/2016:15:55:55 -0400] "GET /orders/product_info?id_catalog=dabrlepowino&sku=RLPN-1305 HTTP/1.1" 500 5807 "http://dev.monogramonline.com/orders/manual" "Mozilla/5.0 (X11; Linux x86_64) AppleWebKit/537.36 (KHTML, like Gecko) Chrome/48.0.2564.71 Safari/537.36"
96.57.0.134 - - [27/May/2016:15:56:00 -0400] "GET /crawl?id_catalog=dabrlepowino HTTP/1.1" 200 2045 "-" "Mozilla/5.0 (Unknown; Linux x86_64) AppleWebKit/534.34 (KHTML, like Gecko) PhantomJS/1.9.8 Safari/534.34"
103.230.107.27 - - [27/May/2016:15:56:07 -0400] "GET /assets/css/nprogress.css HTTP/1.1" 200 886 "http://dev.monogramonline.com/orders/manual" "Mozilla/5.0 (X11; Linux x86_64) AppleWebKit/537.36 (KHTML, like Gecko) Chrome/48.0.2564.71 Safari/537.36"
103.230.107.27 - - [27/May/2016:15:54:25 -0400] "GET /orders/ajax?sku=n HTTP/1.1" 200 1175302 "http://dev.monogramonline.com/orders/manual" "Mozilla/5.0 (X11; Linux x86_64) AppleWebKit/537.36 (KHTML, like Gecko) Chrome/48.0.2564.71 Safari/537.36"
96.57.0.130 - - [27/May/2016:15:56:28 -0400] "GET /assets/css/nprogress.css HTTP/1.1" 200 886 "http://dev.monogramonline.com/orders/manual" "Mozilla/5.0 (Windows NT 10.0; WOW64) AppleWebKit/537.36 (KHTML, like Gecko) Chrome/50.0.2661.102 Safari/537.36"
96.57.0.130 - - [27/May/2016:15:59:07 -0400] "GET /orders/ajax?sku=personalized-layered-acrylic-monogram-tassel-necklace-ra4218 HTTP/1.1" 200 1309 "http://dev.monogramonline.com/orders/manual" "Mozilla/5.0 (Windows NT 10.0; WOW64) AppleWebKit/537.36 (KHTML, like Gecko) Chrome/50.0.2661.102 Safari/537.36"
96.57.0.130 - - [27/May/2016:15:59:08 -0400] "GET /orders/ajax?sku=RA4218 HTTP/1.1" 200 1265 "http://dev.monogramonline.com/orders/manual" "Mozilla/5.0 (Windows NT 10.0; WOW64) AppleWebKit/537.36 (KHTML, like Gecko) Chrome/50.0.2661.102 Safari/537.36"
96.57.0.134 - - [27/May/2016:15:59:23 -0400] "GET /crawl?id_catalog=personalized-layered-acrylic-monogram-tassel-necklace-ra4218 HTTP/1.1" 200 2085 "-" "Mozilla/5.0 (Unknown; Linux x86_64) AppleWebKit/534.34 (KHTML, like Gecko) PhantomJS/1.9.8 Safari/534.34"
96.57.0.130 - - [27/May/2016:15:59:21 -0400] "GET /orders/product_info?id_catalog=personalized-layered-acrylic-monogram-tassel-necklace-ra4218&sku=RA4218 HTTP/1.1" 400 1092 "http://dev.monogramonline.com/orders/manual" "Mozilla/5.0 (Windows NT 10.0; WOW64) AppleWebKit/537.36 (KHTML, like Gecko) Chrome/50.0.2661.102 Safari/537.36"
96.57.0.130 - - [27/May/2016:16:00:17 -0400] "GET /orders/ajax?sku=pefaneformom2 HTTP/1.1" 200 1432 "http://dev.monogramonline.com/orders/manual" "Mozilla/5.0 (Windows NT 10.0; WOW64) AppleWebKit/537.36 (KHTML, like Gecko) Chrome/50.0.2661.102 Safari/537.36"
96.57.0.134 - - [27/May/2016:16:00:30 -0400] "GET /crawl?id_catalog=pefaneformom2 HTTP/1.1" 200 2045 "-" "Mozilla/5.0 (Unknown; Linux x86_64) AppleWebKit/534.34 (KHTML, like Gecko) PhantomJS/1.9.8 Safari/534.34"
96.57.0.134 - - [27/May/2016:16:00:38 -0400] "GET /crawl?id_catalog=dabrlepowino HTTP/1.1" 200 2049 "-" "Mozilla/5.0 (Unknown; Linux x86_64) AppleWebKit/534.34 (KHTML, like Gecko) PhantomJS/1.9.8 Safari/534.34"
96.57.0.130 - - [27/May/2016:16:00:29 -0400] "GET /orders/product_info?id_catalog=pefaneformom2&sku=EN314-HT HTTP/1.1" 400 1056 "http://dev.monogramonline.com/orders/manual" "Mozilla/5.0 (Windows NT 10.0; WOW64) AppleWebKit/537.36 (KHTML, like Gecko) Chrome/50.0.2661.102 Safari/537.36"
96.57.0.134 - - [27/May/2016:16:00:40 -0400] "GET /get_file_contents?url=http%3A%2F%2Fwww.monogramonline.com%2Fdabrlepowino.html HTTP/1.1" 200 21436 "http://dev.monogramonline.com/crawl?id_catalog=dabrlepowino" "Mozilla/5.0 (Unknown; Linux x86_64) AppleWebKit/534.34 (KHTML, like Gecko) PhantomJS/1.9.8 Safari/534.34"
103.230.107.27 - - [27/May/2016:16:00:35 -0400] "GET /orders/product_info?id_catalog=dabrlepowino&sku=RLPN-1305 HTTP/1.1" 200 4388 "http://dev.monogramonline.com/orders/manual" "Mozilla/5.0 (X11; Linux x86_64) AppleWebKit/537.36 (KHTML, like Gecko) Chrome/48.0.2564.71 Safari/537.36"
96.57.0.130 - - [27/May/2016:16:01:56 -0400] "GET /orders/list HTTP/1.1" 200 7043 "http://dev.monogramonline.com/orders/manual" "Mozilla/5.0 (Windows NT 10.0; WOW64) AppleWebKit/537.36 (KHTML, like Gecko) Chrome/50.0.2661.102 Safari/537.36"
96.57.0.130 - - [27/May/2016:16:01:59 -0400] "GET /favicon.ico HTTP/1.1" 304 177 "http://dev.monogramonline.com/orders/list" "Mozilla/5.0 (Windows NT 10.0; WOW64) AppleWebKit/537.36 (KHTML, like Gecko) Chrome/50.0.2661.102 Safari/537.36"
96.57.0.130 - - [27/May/2016:16:09:43 -0400] "GET /logistics/create_child_sku?store=4&id_catalog=pefaneformom2 HTTP/1.1" 500 5807 "http://dev.monogramonline.com/logistics/create_child_sku?store=4&id_catalog=pewichba" "Mozilla/5.0 (Windows NT 10.0; WOW64) AppleWebKit/537.36 (KHTML, like Gecko) Chrome/50.0.2661.102 Safari/537.36"
96.57.0.130 - - [27/May/2016:16:09:49 -0400] "GET / HTTP/1.1" 200 2302 "http://dev.monogramonline.com/orders/list" "Mozilla/5.0 (Windows NT 10.0; WOW64) AppleWebKit/537.36 (KHTML, like Gecko) Chrome/50.0.2661.102 Safari/537.36"
96.57.0.130 - - [27/May/2016:16:09:49 -0400] "GET /favicon.ico HTTP/1.1" 304 177 "http://dev.monogramonline.com/logistics/create_child_sku?store=4&id_catalog=pefaneformom2" "Mozilla/5.0 (Windows NT 10.0; WOW64) AppleWebKit/537.36 (KHTML, like Gecko) Chrome/50.0.2661.102 Safari/537.36"
96.57.0.134 - - [27/May/2016:16:09:57 -0400] "GET /crawl?id_catalog=pefaneformom2 HTTP/1.1" 200 2043 "-" "Mozilla/5.0 (Unknown; Linux x86_64) AppleWebKit/534.34 (KHTML, like Gecko) PhantomJS/1.9.8 Safari/534.34"
96.57.0.130 - - [27/May/2016:16:17:09 -0400] "GET /orders/manual HTTP/1.1" 200 4626 "http://dev.monogramonline.com/" "Mozilla/5.0 (Windows NT 10.0; WOW64) AppleWebKit/537.36 (KHTML, like Gecko) Chrome/50.0.2661.102 Safari/537.36"
96.57.0.130 - - [27/May/2016:16:17:09 -0400] "GET /assets/css/nprogress.css HTTP/1.1" 200 885 "http://dev.monogramonline.com/orders/manual" "Mozilla/5.0 (Windows NT 10.0; WOW64) AppleWebKit/537.36 (KHTML, like Gecko) Chrome/50.0.2661.102 Safari/537.36"
96.57.0.130 - - [27/May/2016:16:17:09 -0400] "GET /assets/js/nprogress.js HTTP/1.1" 200 4030 "http://dev.monogramonline.com/orders/manual" "Mozilla/5.0 (Windows NT 10.0; WOW64) AppleWebKit/537.36 (KHTML, like Gecko) Chrome/50.0.2661.102 Safari/537.36"
96.57.0.130 - - [27/May/2016:16:17:09 -0400] "GET /favicon.ico HTTP/1.1" 304 177 "http://dev.monogramonline.com/orders/manual" "Mozilla/5.0 (Windows NT 10.0; WOW64) AppleWebKit/537.36 (KHTML, like Gecko) Chrome/50.0.2661.102 Safari/537.36"
103.230.105.27 - - [27/May/2016:16:50:40 -0400] "GET / HTTP/1.1" 200 2298 "-" "Mozilla/5.0 (X11; Linux x86_64) AppleWebKit/537.36 (KHTML, like Gecko) Chrome/48.0.2564.71 Safari/537.36"
103.230.105.27 - - [27/May/2016:16:50:45 -0400] "GET /orders/manual HTTP/1.1" 200 4707 "-" "Mozilla/5.0 (X11; Linux x86_64) AppleWebKit/537.36 (KHTML, like Gecko) Chrome/48.0.2564.71 Safari/537.36"
103.230.105.27 - - [27/May/2016:16:50:46 -0400] "GET /assets/css/nprogress.css HTTP/1.1" 200 886 "http://dev.monogramonline.com/orders/manual" "Mozilla/5.0 (X11; Linux x86_64) AppleWebKit/537.36 (KHTML, like Gecko) Chrome/48.0.2564.71 Safari/537.36"
103.230.105.27 - - [27/May/2016:16:50:47 -0400] "GET /assets/js/nprogress.js HTTP/1.1" 200 4029 "http://dev.monogramonline.com/orders/manual" "Mozilla/5.0 (X11; Linux x86_64) AppleWebKit/537.36 (KHTML, like Gecko) Chrome/48.0.2564.71 Safari/537.36"
103.230.105.27 - - [27/May/2016:16:50:58 -0400] "GET /orders/ajax?sku=note HTTP/1.1" 200 13918 "http://dev.monogramonline.com/orders/manual" "Mozilla/5.0 (X11; Linux x86_64) AppleWebKit/537.36 (KHTML, like Gecko) Chrome/48.0.2564.71 Safari/537.36"
103.230.105.27 - - [27/May/2016:16:50:59 -0400] "GET /orders/ajax?sku=notepad HTTP/1.1" 200 2980 "http://dev.monogramonline.com/orders/manual" "Mozilla/5.0 (X11; Linux x86_64) AppleWebKit/537.36 (KHTML, like Gecko) Chrome/48.0.2564.71 Safari/537.36"
96.57.0.134 - - [27/May/2016:16:51:02 -0400] "GET /crawl?id_catalog=dabrlepowino HTTP/1.1" 200 2045 "-" "Mozilla/5.0 (Unknown; Linux x86_64) AppleWebKit/534.34 (KHTML, like Gecko) PhantomJS/1.9.8 Safari/534.34"
96.57.0.134 - - [27/May/2016:16:51:03 -0400] "GET /get_file_contents?url=http%3A%2F%2Fwww.monogramonline.com%2Fdabrlepowino.html HTTP/1.1" 200 21438 "http://dev.monogramonline.com/crawl?id_catalog=dabrlepowino" "Mozilla/5.0 (Unknown; Linux x86_64) AppleWebKit/534.34 (KHTML, like Gecko) PhantomJS/1.9.8 Safari/534.34"
103.230.105.27 - - [27/May/2016:16:51:02 -0400] "GET /orders/product_info?id_catalog=dabrlepowino&sku=RLPN-1305 HTTP/1.1" 200 4379 "http://dev.monogramonline.com/orders/manual" "Mozilla/5.0 (X11; Linux x86_64) AppleWebKit/537.36 (KHTML, like Gecko) Chrome/48.0.2564.71 Safari/537.36"
96.57.0.134 - - [27/May/2016:16:51:08 -0400] "GET /crawl?id_catalog=monogram-leatherette-portfolio-notepad-rl4192 HTTP/1.1" 200 2074 "-" "Mozilla/5.0 (Unknown; Linux x86_64) AppleWebKit/534.34 (KHTML, like Gecko) PhantomJS/1.9.8 Safari/534.34"
96.57.0.134 - - [27/May/2016:16:51:09 -0400] "GET /get_file_contents?url=http%3A%2F%2Fwww.monogramonline.com%2Fmonogram-leatherette-portfolio-notepad-rl4192.html HTTP/1.1" 200 21621 "http://dev.monogramonline.com/crawl?id_catalog=monogram-leatherette-portfolio-notepad-rl4192" "Mozilla/5.0 (Unknown; Linux x86_64) AppleWebKit/534.34 (KHTML, like Gecko) PhantomJS/1.9.8 Safari/534.34"
103.230.105.27 - - [27/May/2016:16:51:08 -0400] "GET /orders/product_info?id_catalog=monogram-leatherette-portfolio-notepad-rl4192&sku=RL4192 HTTP/1.1" 200 4619 "http://dev.monogramonline.com/orders/manual" "Mozilla/5.0 (X11; Linux x86_64) AppleWebKit/537.36 (KHTML, like Gecko) Chrome/48.0.2564.71 Safari/537.36"
96.57.0.130 - - [27/May/2016:17:16:08 -0400] "GET /favicon.ico HTTP/1.1" 304 178 "http://dev.monogramonline.com/logistics/create_child_sku?store=4&id_catalog=pewichba" "Mozilla/5.0 (Windows NT 10.0; WOW64) AppleWebKit/537.36 (KHTML, like Gecko) Chrome/50.0.2661.102 Safari/537.36"
96.57.0.134 - - [27/May/2016:17:16:09 -0400] "GET /crawl?id_catalog=pewichba HTTP/1.1" 200 2041 "-" "Mozilla/5.0 (Unknown; Linux x86_64) AppleWebKit/534.34 (KHTML, like Gecko) PhantomJS/1.9.8 Safari/534.34"
96.57.0.134 - - [27/May/2016:17:16:09 -0400] "GET /get_file_contents?url=http%3A%2F%2Fwww.monogramonline.com%2Fpewichba.html HTTP/1.1" 500 23850 "http://dev.monogramonline.com/crawl?id_catalog=pewichba" "Mozilla/5.0 (Unknown; Linux x86_64) AppleWebKit/534.34 (KHTML, like Gecko) PhantomJS/1.9.8 Safari/534.34"
96.57.0.130 - - [27/May/2016:17:16:09 -0400] "GET /logistics/create_child_sku?store=4&id_catalog=pewichba HTTP/1.1" 200 2402 "http://dev.monogramonline.com/logistics/create_child_sku?store=4&id_catalog=pewichba" "Mozilla/5.0 (Windows NT 10.0; WOW64) AppleWebKit/537.36 (KHTML, like Gecko) Chrome/50.0.2661.102 Safari/537.36"
96.57.0.130 - - [27/May/2016:17:16:10 -0400] "GET /favicon.ico HTTP/1.1" 200 294 "http://dev.monogramonline.com/logistics/create_child_sku?store=4&id_catalog=pewichba" "Mozilla/5.0 (Windows NT 10.0; WOW64) AppleWebKit/537.36 (KHTML, like Gecko) Chrome/50.0.2661.102 Safari/537.36"
96.57.0.130 - - [27/May/2016:17:16:14 -0400] "GET /orders/manual HTTP/1.1" 200 4700 "http://dev.monogramonline.com/" "Mozilla/5.0 (Windows NT 10.0; WOW64) AppleWebKit/537.36 (KHTML, like Gecko) Chrome/50.0.2661.102 Safari/537.36"
96.57.0.130 - - [27/May/2016:17:16:14 -0400] "GET /assets/css/nprogress.css HTTP/1.1" 200 885 "http://dev.monogramonline.com/orders/manual" "Mozilla/5.0 (Windows NT 10.0; WOW64) AppleWebKit/537.36 (KHTML, like Gecko) Chrome/50.0.2661.102 Safari/537.36"
96.57.0.130 - - [27/May/2016:17:16:14 -0400] "GET /assets/js/nprogress.js HTTP/1.1" 200 4030 "http://dev.monogramonline.com/orders/manual" "Mozilla/5.0 (Windows NT 10.0; WOW64) AppleWebKit/537.36 (KHTML, like Gecko) Chrome/50.0.2661.102 Safari/537.36"
96.57.0.130 - - [27/May/2016:17:16:14 -0400] "GET /favicon.ico HTTP/1.1" 200 294 "http://dev.monogramonline.com/orders/manual" "Mozilla/5.0 (Windows NT 10.0; WOW64) AppleWebKit/537.36 (KHTML, like Gecko) Chrome/50.0.2661.102 Safari/537.36"
96.57.0.130 - - [27/May/2016:17:16:39 -0400] "GET /orders/ajax?sku=personalized-layered-acrylic-monogram-tassel-necklace-ra4218 HTTP/1.1" 200 1311 "http://dev.monogramonline.com/orders/manual" "Mozilla/5.0 (Windows NT 10.0; WOW64) AppleWebKit/537.36 (KHTML, like Gecko) Chrome/50.0.2661.102 Safari/537.36"
96.57.0.134 - - [27/May/2016:17:16:44 -0400] "GET /crawl?id_catalog=personalized-layered-acrylic-monogram-tassel-necklace-ra4218 HTTP/1.1" 200 2087 "-" "Mozilla/5.0 (Unknown; Linux x86_64) AppleWebKit/534.34 (KHTML, like Gecko) PhantomJS/1.9.8 Safari/534.34"
96.57.0.134 - - [27/May/2016:17:16:44 -0400] "GET /get_file_contents?url=http%3A%2F%2Fwww.monogramonline.com%2Fpersonalized-layered-acrylic-monogram-tassel-necklace-ra4218.html HTTP/1.1" 200 21607 "http://dev.monogramonline.com/crawl?id_catalog=personalized-layered-acrylic-monogram-tassel-necklace-ra4218" "Mozilla/5.0 (Unknown; Linux x86_64) AppleWebKit/534.34 (KHTML, like Gecko) PhantomJS/1.9.8 Safari/534.34"
96.57.0.130 - - [27/May/2016:17:16:44 -0400] "GET /orders/product_info?id_catalog=personalized-layered-acrylic-monogram-tassel-necklace-ra4218&sku=RA4218 HTTP/1.1" 200 5077 "http://dev.monogramonline.com/orders/manual" "Mozilla/5.0 (Windows NT 10.0; WOW64) AppleWebKit/537.36 (KHTML, like Gecko) Chrome/50.0.2661.102 Safari/537.36"
96.57.0.130 - - [27/May/2016:17:19:12 -0400] "GET /orders/details/yhst-128796189915726-AXl8Rc HTTP/1.1" 200 5082 "http://dev.monogramonline.com/orders/list" "Mozilla/5.0 (Windows NT 10.0; WOW64) AppleWebKit/537.36 (KHTML, like Gecko) Chrome/50.0.2661.102 Safari/537.36"
104.45.18.178 - - [27/May/2016:17:19:25 -0400] "GET /orders/details/yhst-128796189915726-AXl8Rc HTTP/1.1" 302 1486 "-" "Mozilla/5.0 (Windows NT 6.1; WOW64) SkypeUriPreview Preview/0.5"
104.45.18.178 - - [27/May/2016:17:19:25 -0400] "GET /auth/login HTTP/1.1" 200 2430 "-" "Mozilla/5.0 (Windows NT 6.1; WOW64) SkypeUriPreview Preview/0.5"
104.45.18.178 - - [27/May/2016:17:19:25 -0400] "GET /favicon.ico HTTP/1.1" 200 239 "-" "Mozilla/5.0 (Windows NT 6.1; WOW64) SkypeUriPreview Preview/0.5"
103.230.105.27 - - [27/May/2016:17:19:39 -0400] "GET /orders/details/yhst-128796189915726-AXl8Rc HTTP/1.1" 200 5086 "-" "Mozilla/5.0 (X11; Linux x86_64) AppleWebKit/537.36 (KHTML, like Gecko) Chrome/48.0.2564.71 Safari/537.36"
104.45.18.178 - - [27/May/2016:17:25:12 -0400] "GET /logistics/create_child_sku?store=4&id_catalog=pewichba HTTP/1.1" 302 1486 "-" "Mozilla/5.0 (Windows NT 6.1; WOW64) SkypeUriPreview Preview/0.5"
104.45.18.178 - - [27/May/2016:17:25:13 -0400] "GET /auth/login HTTP/1.1" 200 2422 "-" "Mozilla/5.0 (Windows NT 6.1; WOW64) SkypeUriPreview Preview/0.5"
104.45.18.178 - - [27/May/2016:17:25:13 -0400] "GET /favicon.ico HTTP/1.1" 200 239 "-" "Mozilla/5.0 (Windows NT 6.1; WOW64) SkypeUriPreview Preview/0.5"
96.57.0.134 - - [27/May/2016:17:25:24 -0400] "GET /crawl?id_catalog=pewichba HTTP/1.1" 200 2045 "-" "Mozilla/5.0 (Unknown; Linux x86_64) AppleWebKit/534.34 (KHTML, like Gecko) PhantomJS/1.9.8 Safari/534.34"
96.57.0.134 - - [27/May/2016:17:25:24 -0400] "GET /get_file_contents?url=http%3A%2F%2Fwww.monogramonline.com%2Fpewichba.html HTTP/1.1" 500 23850 "http://dev.monogramonline.com/crawl?id_catalog=pewichba" "Mozilla/5.0 (Unknown; Linux x86_64) AppleWebKit/534.34 (KHTML, like Gecko) PhantomJS/1.9.8 Safari/534.34"
103.230.105.27 - - [27/May/2016:17:25:24 -0400] "GET /logistics/create_child_sku?store=4&id_catalog=pewichba HTTP/1.1" 200 2407 "-" "Mozilla/5.0 (X11; Linux x86_64) AppleWebKit/537.36 (KHTML, like Gecko) Chrome/48.0.2564.71 Safari/537.36"
104.209.188.207 - - [27/May/2016:17:37:05 -0400] "GET /logistics/create_child_sku?store=4&id_catalog=pewichba HTTP/1.1" 302 1490 "-" "Mozilla/5.0 (Windows NT 6.1; WOW64) SkypeUriPreview Preview/0.5"
104.209.188.207 - - [27/May/2016:17:37:06 -0400] "GET /orders/details/yhst-128796189915726-AXl8Rc HTTP/1.1" 302 1482 "-" "Mozilla/5.0 (Windows NT 6.1; WOW64) SkypeUriPreview Preview/0.5"
104.209.188.207 - - [27/May/2016:17:37:06 -0400] "GET /auth/login HTTP/1.1" 200 2424 "-" "Mozilla/5.0 (Windows NT 6.1; WOW64) SkypeUriPreview Preview/0.5"
104.209.188.207 - - [27/May/2016:17:37:06 -0400] "GET /auth/login HTTP/1.1" 200 2426 "-" "Mozilla/5.0 (Windows NT 6.1; WOW64) SkypeUriPreview Preview/0.5"
104.209.188.207 - - [27/May/2016:17:37:06 -0400] "GET /favicon.ico HTTP/1.1" 200 239 "-" "Mozilla/5.0 (Windows NT 6.1; WOW64) SkypeUriPreview Preview/0.5"
104.209.188.207 - - [27/May/2016:17:37:06 -0400] "GET /favicon.ico HTTP/1.1" 200 239 "-" "Mozilla/5.0 (Windows NT 6.1; WOW64) SkypeUriPreview Preview/0.5"
104.209.188.207 - - [27/May/2016:17:49:54 -0400] "GET / HTTP/1.1" 302 1482 "-" "Mozilla/5.0 (Windows NT 6.1; WOW64) SkypeUriPreview Preview/0.5"
